Archive member included because of file (symbol)

/home/zengwei/work/rk3288-android8.1/android8.1-r46/external/rk_tee_user/export-user_ta/lib/libutee.a(tee_api.o)
                              /home/zengwei/work/rk3288-android8.1/android8.1-r46/external/rk_tee_user/ta/testapp_storage/testapp_storage_ta.o (TEE_MemCompare)
/home/zengwei/work/rk3288-android8.1/android8.1-r46/external/rk_tee_user/export-user_ta/lib/libutee.a(tee_api_objects.o)
                              /home/zengwei/work/rk3288-android8.1/android8.1-r46/external/rk_tee_user/ta/testapp_storage/testapp_storage_ta.o (TEE_CreatePersistentObject)
/home/zengwei/work/rk3288-android8.1/android8.1-r46/external/rk_tee_user/export-user_ta/lib/libutee.a(tee_api_panic.o)
                              /home/zengwei/work/rk3288-android8.1/android8.1-r46/external/rk_tee_user/export-user_ta/lib/libutee.a(tee_api.o) (__TEE_Panic)
/home/zengwei/work/rk3288-android8.1/android8.1-r46/external/rk_tee_user/export-user_ta/lib/libutee.a(user_ta_entry.o)
                              /home/zengwei/work/rk3288-android8.1/android8.1-r46/external/rk_tee_user/ta/testapp_storage/user_ta_header.o (__utee_entry)
/home/zengwei/work/rk3288-android8.1/android8.1-r46/external/rk_tee_user/export-user_ta/lib/libutee.a(utee_syscalls_a32.o)
                              /home/zengwei/work/rk3288-android8.1/android8.1-r46/external/rk_tee_user/export-user_ta/lib/libutee.a(user_ta_entry.o) (utee_return)
/home/zengwei/work/rk3288-android8.1/android8.1-r46/external/rk_tee_user/export-user_ta/lib/libutee.a(tee_user_mem.o)
                              /home/zengwei/work/rk3288-android8.1/android8.1-r46/external/rk_tee_user/export-user_ta/lib/libutee.a(tee_api.o) (tee_user_mem_alloc)
/home/zengwei/work/rk3288-android8.1/android8.1-r46/external/rk_tee_user/export-user_ta/lib/libutee.a(assert.o)
                              /home/zengwei/work/rk3288-android8.1/android8.1-r46/external/rk_tee_user/export-user_ta/lib/libutee.a(tee_user_mem.o) (_assert_log)
/home/zengwei/work/rk3288-android8.1/android8.1-r46/external/rk_tee_user/export-user_ta/lib/libutee.a(tee_api_arith.o)
                              /home/zengwei/work/rk3288-android8.1/android8.1-r46/external/rk_tee_user/export-user_ta/lib/libutee.a(user_ta_entry.o) (_TEE_MathAPI_Init)
/home/zengwei/work/rk3288-android8.1/android8.1-r46/external/rk_tee_user/export-user_ta/lib/libutee.a(utee_misc.o)
                              /home/zengwei/work/rk3288-android8.1/android8.1-r46/external/rk_tee_user/export-user_ta/lib/libutee.a(tee_user_mem.o) (utee_malloc)
/home/zengwei/work/rk3288-android8.1/android8.1-r46/external/rk_tee_user/export-user_ta/lib/libutee.a(trace_ext.o)
                              /home/zengwei/work/rk3288-android8.1/android8.1-r46/external/rk_tee_user/export-user_ta/lib/libutee.a(tee_api_arith.o) (printf)
/home/zengwei/work/rk3288-android8.1/android8.1-r46/external/rk_tee_user/export-user_ta/lib/libutils.a(bget_malloc.o)
                              /home/zengwei/work/rk3288-android8.1/android8.1-r46/external/rk_tee_user/export-user_ta/lib/libutee.a(utee_misc.o) (malloc)
/home/zengwei/work/rk3288-android8.1/android8.1-r46/external/rk_tee_user/export-user_ta/lib/libutils.a(snprintf.o)
                              /home/zengwei/work/rk3288-android8.1/android8.1-r46/external/rk_tee_user/export-user_ta/lib/libutee.a(trace_ext.o) (vsnprintf)
/home/zengwei/work/rk3288-android8.1/android8.1-r46/external/rk_tee_user/export-user_ta/lib/libutils.a(memcmp.o)
                              /home/zengwei/work/rk3288-android8.1/android8.1-r46/external/rk_tee_user/export-user_ta/lib/libutee.a(tee_api.o) (memcmp)
/home/zengwei/work/rk3288-android8.1/android8.1-r46/external/rk_tee_user/export-user_ta/lib/libutils.a(memcpy.o)
                              /home/zengwei/work/rk3288-android8.1/android8.1-r46/external/rk_tee_user/export-user_ta/lib/libutee.a(tee_user_mem.o) (memcpy)
/home/zengwei/work/rk3288-android8.1/android8.1-r46/external/rk_tee_user/export-user_ta/lib/libutils.a(memmove.o)
                              /home/zengwei/work/rk3288-android8.1/android8.1-r46/external/rk_tee_user/export-user_ta/lib/libutee.a(tee_api.o) (memmove)
/home/zengwei/work/rk3288-android8.1/android8.1-r46/external/rk_tee_user/export-user_ta/lib/libutils.a(memset.o)
                              /home/zengwei/work/rk3288-android8.1/android8.1-r46/external/rk_tee_user/ta/testapp_storage/testapp_storage_ta.o (memset)
/home/zengwei/work/rk3288-android8.1/android8.1-r46/external/rk_tee_user/export-user_ta/lib/libutils.a(strlen.o)
                              /home/zengwei/work/rk3288-android8.1/android8.1-r46/external/rk_tee_user/export-user_ta/lib/libutee.a(trace_ext.o) (strlen)
/home/zengwei/work/rk3288-android8.1/android8.1-r46/external/rk_tee_user/export-user_ta/lib/libutils.a(snprintk.o)
                              /home/zengwei/work/rk3288-android8.1/android8.1-r46/external/rk_tee_user/export-user_ta/lib/libutils.a(snprintf.o) (__vsnprintf)
[...]
Memory Configuration

Name             Origin             Length             Attributes
*default*        0x0000000000000000 0xffffffffffffffff

Linker script and memory map


.ta_head        0x0000000000000000       0x20
 *(SORT(.ta_head))
 .ta_head       0x0000000000000000       0x20 /home/zengwei/work/rk3288-android8.1/android8.1-r46/external/rk_tee_user/ta/testapp_storage/user_ta_header.o
                0x0000000000000000                ta_head

.text           0x0000000000000020     0x98c0
 *(SORT(.text) SORT(.text.*))
 .text          0x0000000000000020      0x3e0 /home/zengwei/work/rk3288-android8.1/android8.1-r46/external/rk_tee_user/ta/testapp_storage/testapp_storage_ta.o
                0x0000000000000020                TA_CreateEntryPoint
                0x0000000000000034                TA_DestroyEntryPoint
                0x0000000000000044                TA_OpenSessionEntryPoint
                0x0000000000000090                TA_CloseSessionEntryPoint
                0x00000000000000c0                TA_InvokeCommandEntryPoint
 .text          0x0000000000000400       0x14 /home/zengwei/work/rk3288-android8.1/android8.1-r46/external/rk_tee_user/ta/testapp_storage/user_ta_header.o
                0x0000000000000400                tahead_get_trace_level
 .text          0x0000000000000414      0x3f0 /home/zengwei/work/rk3288-android8.1/android8.1-r46/external/rk_tee_user/export-user_ta/lib/libutee.a(tee_api.o)
                0x0000000000000414                __utee_from_param
                0x0000000000000464                __utee_to_param
                0x00000000000004a4                TEE_OpenTASession
                0x00000000000004e8                TEE_CloseTASession
                0x0000000000000524                TEE_InvokeTACommand
                0x00000000000005a8                TEE_GetCancellationFlag
                0x00000000000005c4                TEE_UnmaskCancellation
                0x0000000000000604                TEE_MaskCancellation
                0x0000000000000644                TEE_CheckMemoryAccessRights
                0x000000000000064e                TEE_SetInstanceData
                0x000000000000065c                TEE_GetInstanceData
                0x0000000000000668                TEE_MemMove
                0x000000000000066c                TEE_MemCompare
                0x0000000000000670                TEE_MemFill
                0x0000000000000674                TEE_GetSystemTime
                0x00000000000006b4                TEE_Wait
                0x00000000000006f8                TEE_GetTAPersistentTime
                0x0000000000000758                TEE_SetTAPersistentTime
                0x00000000000007a4                TEE_GetREETime
                0x00000000000007e4                TEE_Malloc
                0x00000000000007e8                TEE_Realloc
                0x00000000000007ec                TEE_Free
                0x00000000000007f0                TEE_CacheClean
                0x00000000000007f6                TEE_CacheFlush
                0x00000000000007fc                TEE_CacheInvalidate
 .text          0x0000000000000804      0xe08 /home/zengwei/work/rk3288-android8.1/android8.1-r46/external/rk_tee_user/export-user_ta/lib/libutee.a(tee_api_objects.o)
                0x0000000000000804                __utee_from_attr
                0x000000000000083e                TEE_GetObjectInfo
                0x000000000000088c                TEE_GetObjectInfo1
                0x00000000000008d0                TEE_RestrictObjectUsage1
                0x0000000000000914                TEE_RestrictObjectUsage
                0x0000000000000964                TEE_GetObjectBufferAttribute
                0x00000000000009f8                TEE_GetObjectValueAttribute
                0x0000000000000abc                TEE_CloseObject
                0x0000000000000af8                TEE_AllocateTransientObject
                0x0000000000000b4c                TEE_FreeTransientObject
                0x0000000000000bec                TEE_ResetTransientObject
                0x0000000000000c90                TEE_PopulateTransientObject
                0x0000000000000d9c                TEE_InitRefAttribute
                0x0000000000000e10                TEE_InitValueAttribute
                0x0000000000000e84                TEE_CopyObjectAttributes1
                0x0000000000000f88                TEE_CopyObjectAttributes
                0x0000000000000fe0                TEE_GenerateKey
                0x0000000000001054                TEE_OpenPersistentObject
                0x00000000000010e0                TEE_CreatePersistentObject
                0x0000000000001180                TEE_CloseAndDeletePersistentObject1
                0x00000000000011d0                TEE_CloseAndDeletePersistentObject
                0x0000000000001210                TEE_RenamePersistentObject
                0x0000000000001280                TEE_AllocatePersistentObjectEnumerator
                0x00000000000012e4                TEE_FreePersistentObjectEnumerator
                0x0000000000001324                TEE_ResetPersistentObjectEnumerator
                0x0000000000001364                TEE_StartPersistentObjectEnumerator
                0x00000000000013c4                TEE_GetNextPersistentObject
                0x0000000000001438                TEE_ReadObjectData
                0x00000000000014a0                TEE_WriteObjectData
                0x0000000000001508                TEE_TruncateObjectData
                0x0000000000001568                TEE_SeekObjectData
 .text          0x000000000000160c      0x244 /home/zengwei/work/rk3288-android8.1/android8.1-r46/external/rk_tee_user/export-user_ta/lib/libutee.a(user_ta_entry.o)
                0x000000000000168c                __utee_entry
 .text          0x0000000000001850      0x624 /home/zengwei/work/rk3288-android8.1/android8.1-r46/external/rk_tee_user/export-user_ta/lib/libutee.a(utee_syscalls_a32.o)
                0x0000000000001850                utee_return
                0x0000000000001864                utee_log
                0x0000000000001878                utee_panic
                0x000000000000188c                utee_dummy
                0x00000000000018a0                utee_dummy_7args
                0x00000000000018b8                utee_nocall
                0x00000000000018cc                utee_open_ta_session
                0x00000000000018e4                utee_close_ta_session
                0x00000000000018f8                utee_invoke_ta_command
                0x0000000000001910                utee_get_cancellation_flag
                0x0000000000001924                utee_check_access_rights
                0x0000000000001938                utee_unmask_cancellation
                0x000000000000194c                utee_mask_cancellation
                0x0000000000001960                utee_wait
                0x0000000000001974                utee_get_time
                0x0000000000001988                utee_set_ta_time
                0x000000000000199c                utee_cryp_state_alloc
                0x00000000000019b4                utee_cryp_state_copy
                0x00000000000019c8                utee_cryp_state_free
                0x00000000000019dc                utee_hash_init
                0x00000000000019f0                utee_hash_update
                0x0000000000001a04                utee_hash_final
                0x0000000000001a1c                utee_cipher_init
                0x0000000000001a30                utee_cipher_update
                0x0000000000001a48                utee_cipher_final
                0x0000000000001a60                utee_cryp_obj_get_info
                0x0000000000001a74                utee_cryp_obj_restrict_usage
                0x0000000000001a88                utee_cryp_obj_get_attr
                0x0000000000001a9c                utee_cryp_obj_alloc
                0x0000000000001ab0                utee_cryp_obj_close
                0x0000000000001ac4                utee_cryp_obj_reset
                0x0000000000001ad8                utee_cryp_obj_populate
                0x0000000000001aec                utee_cryp_obj_copy
                0x0000000000001b00                utee_cryp_derive_key
                0x0000000000001b14                utee_cryp_random_number_generate
                0x0000000000001b28                utee_authenc_init
                0x0000000000001b40                utee_authenc_update_aad
                0x0000000000001b54                utee_authenc_update_payload
                0x0000000000001b6c                utee_authenc_enc_final
                0x0000000000001b84                utee_authenc_dec_final
                0x0000000000001b9c                utee_asymm_operate
                0x0000000000001bb4                utee_asymm_verify
                0x0000000000001bcc                utee_storage_obj_open
                0x0000000000001be4                utee_storage_obj_create
                0x0000000000001bfc                utee_storage_obj_del
                0x0000000000001c10                utee_storage_obj_rename
                0x0000000000001c24                utee_storage_alloc_enum
                0x0000000000001c38                utee_storage_free_enum
                0x0000000000001c4c                utee_storage_reset_enum
                0x0000000000001c60                utee_storage_start_enum
                0x0000000000001c74                utee_storage_next_enum
                0x0000000000001c88                utee_storage_obj_read
                0x0000000000001c9c                utee_storage_obj_write
                0x0000000000001cb0                utee_storage_obj_trunc
                0x0000000000001cc4                utee_storage_obj_seek
                0x0000000000001cd8                utee_cryp_obj_generate_key
                0x0000000000001cec                utee_se_service_open
                0x0000000000001d00                utee_se_service_close
                0x0000000000001d14                utee_se_service_get_readers
                0x0000000000001d28                utee_se_reader_get_prop
                0x0000000000001d3c                utee_se_reader_get_name
                0x0000000000001d50                utee_se_reader_open_session
                0x0000000000001d64                utee_se_reader_close_sessions
                0x0000000000001d78                utee_se_session_is_closed
                0x0000000000001d8c                utee_se_session_get_atr
                0x0000000000001da0                utee_se_session_open_channel
                0x0000000000001db8                utee_se_session_close
                0x0000000000001dcc                utee_se_channel_select_next
                0x0000000000001de0                utee_se_channel_get_select_resp
                0x0000000000001df4                utee_se_channel_transmit
                0x0000000000001e0c                utee_se_channel_close
                0x0000000000001e20                utee_cache_operation
                0x0000000000001e34                utee_get_property
                0x0000000000001e4c                utee_get_property_name_to_index
                0x0000000000001e60                utee_cryp_random_number_add_entropy
 .text          0x0000000000001e74      0x3bc /home/zengwei/work/rk3288-android8.1/android8.1-r46/external/rk_tee_user/export-user_ta/lib/libutee.a(tee_user_mem.o)
                0x0000000000001f58                tee_user_mem_alloc
                0x0000000000002020                tee_user_mem_free
                0x0000000000002100                tee_user_mem_realloc
                0x0000000000002168                tee_user_mem_mark_heap
                0x0000000000002178                tee_user_mem_check_heap
                0x00000000000021e8                tee_user_mem_garbage
 .text          0x0000000000002230       0x38 /home/zengwei/work/rk3288-android8.1/android8.1-r46/external/rk_tee_user/export-user_ta/lib/libutee.a(assert.o)
                0x0000000000002230                _assert_log
                0x000000000000225c                _assert_break
 .text          0x0000000000002268      0x480 /home/zengwei/work/rk3288-android8.1/android8.1-r46/external/rk_tee_user/export-user_ta/lib/libutee.a(tee_api_arith.o)
                0x0000000000002268                _TEE_MathAPI_Init
                0x000000000000229c                TEE_BigIntInit
                0x00000000000022a0                TEE_BigIntInitFMM
                0x00000000000022ae                TEE_BigIntInitFMMContext
                0x00000000000022d4                TEE_BigIntFMMSizeInU32
                0x00000000000022dc                TEE_BigIntFMMContextSizeInU32
                0x00000000000022e6                TEE_BigIntConvertFromOctetString
                0x00000000000022fc                TEE_BigIntConvertToOctetString
                0x0000000000002354                TEE_BigIntConvertFromS32
                0x0000000000002358                TEE_BigIntConvertToS32
                0x000000000000236c                TEE_BigIntCmp
                0x0000000000002370                TEE_BigIntCmpS32
                0x0000000000002374                TEE_BigIntShiftRight
                0x0000000000002378                TEE_BigIntGetBit
                0x0000000000002386                TEE_BigIntGetBitCount
                0x0000000000002390                TEE_BigIntAdd
                0x000000000000239c                TEE_BigIntSub
                0x00000000000023a8                TEE_BigIntNeg
                0x00000000000023ac                TEE_BigIntMul
                0x00000000000023b8                TEE_BigIntSquare
                0x00000000000023c8                TEE_BigIntDiv
                0x0000000000002404                TEE_BigIntMod
                0x000000000000245c                TEE_BigIntAddMod
                0x00000000000024bc                TEE_BigIntSubMod
                0x000000000000251c                TEE_BigIntMulMod
                0x0000000000002598                TEE_BigIntSquareMod
                0x00000000000025a0                TEE_BigIntInvMod
                0x00000000000025e4                TEE_BigIntRelativePrime
                0x0000000000002624                TEE_BigIntComputeExtendedGcd
                0x000000000000263c                TEE_BigIntIsProbablePrime
                0x000000000000265c                TEE_BigIntConvertToFMM
                0x000000000000267c                TEE_BigIntConvertFromFMM
                0x00000000000026cc                TEE_BigIntComputeFMM
 .text.unlikely
                0x00000000000026e8       0x3c /home/zengwei/work/rk3288-android8.1/android8.1-r46/external/rk_tee_user/export-user_ta/lib/libutee.a(tee_api_arith.o)
 .text          0x0000000000002724       0xac /home/zengwei/work/rk3288-android8.1/android8.1-r46/external/rk_tee_user/export-user_ta/lib/libutee.a(trace_ext.o)
                0x0000000000002724                trace_ext_puts
                0x0000000000002738                trace_ext_get_thread_id
                0x000000000000273e                puts
                0x0000000000002754                printf
 .text          0x00000000000027d0     0x14f8 /home/zengwei/work/rk3288-android8.1/android8.1-r46/external/rk_tee_user/export-user_ta/lib/libutils.a(bget_malloc.o)
                0x00000000000027d0                bget
                0x00000000000029f0                bgetz
                0x0000000000002a70                bgetr
                0x0000000000002af8                brel
                0x0000000000002e04                bpool
                0x0000000000002f14                bstats
                0x0000000000003030                malloc_reset_max_allocated
                0x0000000000003050                malloc_get_max_allocated
                0x0000000000003078                malloc_get_allocated
                0x00000000000030a0                malloc_get_heap_size
                0x0000000000003968                malloc
                0x0000000000003990                free
                0x00000000000039b0                calloc
                0x0000000000003a00                realloc
                0x0000000000003a28                memalign
                0x0000000000003a78                malloc_add_pool
                0x0000000000003b8c                malloc_buffer_is_within_alloced
                0x0000000000003c20                malloc_buffer_overlaps_heap
 .text          0x0000000000003cc8       0x64 /home/zengwei/work/rk3288-android8.1/android8.1-r46/external/rk_tee_user/export-user_ta/lib/libutils.a(snprintf.o)
                0x0000000000003cc8                snprintf
                0x0000000000003d00                vsnprintf
 .text          0x0000000000003d2c       0xa4 /home/zengwei/work/rk3288-android8.1/android8.1-r46/external/rk_tee_user/export-user_ta/lib/libutils.a(memcmp.o)
                0x0000000000003d2c                memcmp
 .text          0x0000000000003dd0       0xd0 /home/zengwei/work/rk3288-android8.1/android8.1-r46/external/rk_tee_user/export-user_ta/lib/libutils.a(memcpy.o)
                0x0000000000003dd0                memcpy
 .text          0x0000000000003ea0      0x118 /home/zengwei/work/rk3288-android8.1/android8.1-r46/external/rk_tee_user/export-user_ta/lib/libutils.a(memmove.o)
                0x0000000000003ea0                memmove
 .text          0x0000000000003fb8       0xf8 /home/zengwei/work/rk3288-android8.1/android8.1-r46/external/rk_tee_user/export-user_ta/lib/libutils.a(memset.o)
                0x0000000000003fb8                memset
 .text          0x00000000000040b0       0x7c /home/zengwei/work/rk3288-android8.1/android8.1-r46/external/rk_tee_user/export-user_ta/lib/libutils.a(strlen.o)
                0x00000000000040b0                strlen
 .text          0x000000000000412c      0xe1c /home/zengwei/work/rk3288-android8.1/android8.1-r46/external/rk_tee_user/export-user_ta/lib/libutils.a(snprintk.o)
                0x000000000000412c                snprintk
                0x0000000000004160                vsnprintk
                0x000000000000418c                __vsnprintf
 .text          0x0000000000004f48       0x70 /home/zengwei/work/rk3288-android8.1/android8.1-r46/external/rk_tee_user/export-user_ta/lib/libutils.a(strlcpy.o)
                0x0000000000004f48                strlcpy
 .text          0x0000000000004fb8      0x26c /home/zengwei/work/rk3288-android8.1/android8.1-r46/external/rk_tee_user/export-user_ta/lib/libutils.a(trace.o)
                0x0000000000004fb8                trace_set_level
                0x0000000000004ffc                trace_get_level
                0x0000000000005074                trace_printf
                0x0000000000005208                dhex_dump
 .text          0x0000000000005224       0xec /home/zengwei/work/rk3288-android8.1/android8.1-r46/external/rk_tee_user/export-user_ta/lib/libutils.a(memchr.o)
                0x0000000000005224                memchr
 .text          0x0000000000005310       0x30 /home/zengwei/work/rk3288-android8.1/android8.1-r46/external/rk_tee_user/export-user_ta/lib/libutils.a(arm32_aeabi_ldivmod_a32.o)
                0x0000000000005310                __aeabi_ldivmod
                0x0000000000005328                __aeabi_uldivmod
 .text          0x0000000000005340      0x2a8 /home/zengwei/work/rk3288-android8.1/android8.1-r46/external/rk_tee_user/export-user_ta/lib/libutils.a(arm32_aeabi_ldivmod.o)
                0x0000000000005488                __ul_divmod
                0x00000000000054fc                __l_divmod
 .text          0x00000000000055e8      0x21c /home/zengwei/work/rk3288-android8.1/android8.1-r46/external/rk_tee_user/export-user_ta/lib/libmpa.a(mpa_misc.o)
                0x00000000000055e8                __mpa_set_unused_digits_to_zero
                0x0000000000005624                mpa_wipe
                0x0000000000005650                mpa_copy
                0x0000000000005698                mpa_abs
                0x00000000000056c4                mpa_highest_bit_index
                0x0000000000005734                mpa_get_bit
                0x0000000000005794                mpa_can_hold
                0x00000000000057c4                mpa_parity
                0x00000000000057ec                mpa_constant_one
 .text          0x0000000000005804      0x494 /home/zengwei/work/rk3288-android8.1/android8.1-r46/external/rk_tee_user/export-user_ta/lib/libmpa.a(mpa_montgomery.o)
                0x0000000000005804                __mpa_montgomery_mul_add
                0x0000000000005924                __mpa_montgomery_sub_ack
                0x0000000000005a28                __mpa_montgomery_mul
                0x0000000000005b34                mpa_compute_fmm_context
                0x0000000000005c4c                mpa_montgomery_mul
 .text          0x0000000000005c98      0x404 /home/zengwei/work/rk3288-android8.1/android8.1-r46/external/rk_tee_user/export-user_ta/lib/libmpa.a(mpa_primetest.o)
                0x0000000000005c98                mpa_is_prob_prime
 .text          0x000000000000609c      0x134 /home/zengwei/work/rk3288-android8.1/android8.1-r46/external/rk_tee_user/export-user_ta/lib/libmpa.a(mpa_conv.o)
                0x000000000000609c                mpa_set_S32
                0x00000000000060e0                mpa_get_S32
                0x0000000000006170                mpa_set_word
                0x00000000000061a0                mpa_get_word
 .text          0x00000000000061d0      0x9b4 /home/zengwei/work/rk3288-android8.1/android8.1-r46/external/rk_tee_user/export-user_ta/lib/libmpa.a(mpa_div.o)
                0x00000000000062a8                __mpa_div_dword
                0x0000000000006874                __mpa_div_q_r_internal_word
                0x0000000000006988                __mpa_div_q_r
                0x0000000000006ab4                mpa_div
 .text          0x0000000000006b84      0x7b0 /home/zengwei/work/rk3288-android8.1/android8.1-r46/external/rk_tee_user/export-user_ta/lib/libmpa.a(mpa_gcd.o)
                0x00000000000070a0                mpa_gcd
                0x0000000000007178                mpa_extended_gcd
 .text          0x0000000000007334      0x22c /home/zengwei/work/rk3288-android8.1/android8.1-r46/external/rk_tee_user/export-user_ta/lib/libmpa.a(mpa_mem_static.o)
                0x0000000000007334                mpa_init_scratch_mem_sync
                0x0000000000007374                mpa_init_scratch_mem
                0x000000000000739c                mpa_alloc_static_temp_var_size
                0x00000000000074b4                mpa_alloc_static_temp_var
                0x00000000000074d8                mpa_free_static_temp_var
 .text          0x0000000000007560      0x3d0 /home/zengwei/work/rk3288-android8.1/android8.1-r46/external/rk_tee_user/export-user_ta/lib/libmpa.a(mpa_mul.o)
                0x0000000000007560                __mpa_mul_add_word
                0x00000000000075d4                __mpa_mul_add_word_cum
                0x0000000000007658                __mpa_abs_mul_word
                0x00000000000076f0                __mpa_abs_mul
                0x00000000000077d4                mpa_mul
                0x000000000000788c                mpa_mul_word
 .text          0x0000000000007930      0x164 /home/zengwei/work/rk3288-android8.1/android8.1-r46/external/rk_tee_user/export-user_ta/lib/libmpa.a(mpa_random.o)
                0x0000000000007930                mpa_set_random_generator
                0x0000000000007980                mpa_get_random
 .text          0x0000000000007a94      0x4bc /home/zengwei/work/rk3288-android8.1/android8.1-r46/external/rk_tee_user/export-user_ta/lib/libmpa.a(mpa_shift.o)
                0x0000000000007a94                __mpa_shift_words_left
                0x0000000000007b34                __mpa_shift_words_right
                0x0000000000007bd8                mpa_shift_left
                0x0000000000007db0                mpa_shift_right
 .text          0x0000000000007f50      0xa04 /home/zengwei/work/rk3288-android8.1/android8.1-r46/external/rk_tee_user/export-user_ta/lib/libmpa.a(mpa_addsub.o)
                0x0000000000007f50                __mpa_full_adder
                0x0000000000007fb4                __mpa_full_sub
                0x0000000000008018                __mpa_full_adder_ackum
                0x000000000000807c                __mpa_abs_add
                0x0000000000008180                __mpa_abs_add_ackum
                0x0000000000008240                __mpa_abs_sub
                0x0000000000008320                mpa_add
                0x00000000000084e0                mpa_sub
                0x00000000000086c4                mpa_neg
                0x00000000000086e8                mpa_add_word
                0x000000000000881c                mpa_sub_word
 .text          0x0000000000008954      0x24c /home/zengwei/work/rk3288-android8.1/android8.1-r46/external/rk_tee_user/export-user_ta/lib/libmpa.a(mpa_cmp.o)
                0x0000000000008954                __mpa_abs_cmp
                0x0000000000008a38                __mpa_abs_greater_than
                0x0000000000008a60                __mpa_abs_less_than
                0x0000000000008a84                mpa_cmp
                0x0000000000008b04                mpa_cmp_short
 .text          0x0000000000008ba0      0x134 /home/zengwei/work/rk3288-android8.1/android8.1-r46/external/rk_tee_user/export-user_ta/lib/libmpa.a(mpa_expmod.o)
                0x0000000000008ba0                mpa_exp_mod
 .text          0x0000000000008cd4       0xbc /home/zengwei/work/rk3288-android8.1/android8.1-r46/external/rk_tee_user/export-user_ta/lib/libmpa.a(mpa_init.o)
                0x0000000000008cd4                mpa_init_static
                0x0000000000008d10                mpa_init_static_fmm_context
 .text          0x0000000000008d90      0x8fc /home/zengwei/work/rk3288-android8.1/android8.1-r46/external/rk_tee_user/export-user_ta/lib/libmpa.a(mpa_io.o)
                0x00000000000090ec                mpa_get_str_size
                0x0000000000009100                mpa_set_str
                0x00000000000093ac                mpa_get_str
                0x0000000000009484                mpa_set_oct_str
                0x000000000000958c                mpa_get_oct_str
 .text          0x000000000000968c      0x1e8 /home/zengwei/work/rk3288-android8.1/android8.1-r46/external/rk_tee_user/export-user_ta/lib/libmpa.a(mpa_modulus.o)
                0x000000000000968c                mpa_mod
                0x00000000000096b4                mpa_add_mod
                0x0000000000009700                mpa_sub_mod
                0x000000000000974c                mpa_mul_mod
                0x0000000000009798                mpa_inv_mod
 .text          0x0000000000009874        0xc /home/zengwei/work/rk3288-android8.1/android8.1-r46/external/rk_tee_user/export-user_ta/lib/libutee.a(tee_api_panic.o)
                0x0000000000009874                __TEE_Panic
                0x000000000000987a                TEE_Panic
 .text          0x0000000000009880       0x1e /home/zengwei/work/rk3288-android8.1/android8.1-r46/external/rk_tee_user/export-user_ta/lib/libutee.a(utee_misc.o)
                0x0000000000009880                utee_get_ta_exec_id
                0x0000000000009884                utee_malloc
                0x0000000000009888                utee_realloc
                0x000000000000988c                utee_calloc
                0x0000000000009896                utee_free
                0x000000000000989a                get_rng_array
 *fill*         0x000000000000989e        0x2 
 .text.__stub   0x00000000000098a0       0x40 linker stubs
 *(SORT(.stub))
 *(SORT(.glue_7))
 .glue_7        0x0000000000000000        0x0 linker stubs
 *(SORT(.glue_7t))
 .glue_7t       0x0000000000000000        0x0 linker stubs
 *(SORT(.gnu.linkonce.t.*))
 *(SORT(.vfp11_veneer))
 .vfp11_veneer  0x0000000000000000        0x0 linker stubs

.v4_bx          0x00000000000098e0        0x0
 .v4_bx         0x0000000000000000        0x0 linker stubs

.iplt           0x00000000000098e0        0x0
 .iplt          0x0000000000000000        0x0 /home/zengwei/work/rk3288-android8.1/android8.1-r46/external/rk_tee_user/ta/testapp_storage/testapp_storage_ta.o

.eh_frame
 *(SORT(.eh_frame))

.rodata         0x00000000000098e0     0x1c43
 *(SORT(.gnu.linkonce.r.*))
 *(SORT(.rodata) SORT(.rodata.*))
 .rodata.testapp_storage_ta.c
                0x00000000000098e0      0x2d8 /home/zengwei/work/rk3288-android8.1/android8.1-r46/external/rk_tee_user/ta/testapp_storage/testapp_storage_ta.o
 .rodata.user_ta_header.c
                0x0000000000009bb8       0xd8 /home/zengwei/work/rk3288-android8.1/android8.1-r46/external/rk_tee_user/ta/testapp_storage/user_ta_header.o
                0x0000000000009bb8                trace_ext_prefix
                0x0000000000009bc0                ta_heap_size
                0x0000000000009c8c                ta_num_props
 .rodata.lib/libutils/isoc/bget_malloc.c
                0x0000000000009c90      0x404 /home/zengwei/work/rk3288-android8.1/android8.1-r46/external/rk_tee_user/export-user_ta/lib/libutils.a(bget_malloc.o)
 .rodata.lib/libutils/ext/snprintk.c
                0x000000000000a094       0x7c /home/zengwei/work/rk3288-android8.1/android8.1-r46/external/rk_tee_user/export-user_ta/lib/libutils.a(snprintk.o)
 .rodata.lib/libutils/ext/trace.c
                0x000000000000a110       0x40 /home/zengwei/work/rk3288-android8.1/android8.1-r46/external/rk_tee_user/export-user_ta/lib/libutils.a(trace.o)
 .rodata.lib/libmpa/mpa_misc.c
                0x000000000000a150       0x28 /home/zengwei/work/rk3288-android8.1/android8.1-r46/external/rk_tee_user/export-user_ta/lib/libmpa.a(mpa_misc.o)
                0x000000000000a150                const_largest_deci_base
                0x000000000000a15c                Const_1_LShift_Base
                0x000000000000a16c                const_one
 .rodata.lib/libmpa/mpa_primetest.c
                0x000000000000a178      0xd30 /home/zengwei/work/rk3288-android8.1/android8.1-r46/external/rk_tee_user/export-user_ta/lib/libmpa.a(mpa_primetest.o)
                0x000000000000a178                MAX_TABULATED_PRIME
                0x000000000000a17c                NR_STORED_PRIMES
                0x000000000000a180                PRIME_TABLE
 .rodata.lib/libmpa/mpa_io.c
                0x000000000000aea8       0x88 /home/zengwei/work/rk3288-android8.1/android8.1-r46/external/rk_tee_user/export-user_ta/lib/libmpa.a(mpa_io.o)
 .rodata.lib/libutee/tee_api.c
                0x000000000000af30       0xad /home/zengwei/work/rk3288-android8.1/android8.1-r46/external/rk_tee_user/export-user_ta/lib/libutee.a(tee_api.o)
 .rodata.str1.1.lib/libutee/tee_api.c
                0x000000000000afdd        0xb /home/zengwei/work/rk3288-android8.1/android8.1-r46/external/rk_tee_user/export-user_ta/lib/libutee.a(tee_api.o)
 .rodata.lib/libutee/tee_api_objects.c
                0x000000000000afe8      0x30c /home/zengwei/work/rk3288-android8.1/android8.1-r46/external/rk_tee_user/export-user_ta/lib/libutee.a(tee_api_objects.o)
 .rodata.str1.1.lib/libutee/tee_api_objects.c
                0x0000000000000000        0xb /home/zengwei/work/rk3288-android8.1/android8.1-r46/external/rk_tee_user/export-user_ta/lib/libutee.a(tee_api_objects.o)
 .rodata.lib/libutee/arch/arm/user_ta_entry.c
                0x000000000000b2f4        0xd /home/zengwei/work/rk3288-android8.1/android8.1-r46/external/rk_tee_user/export-user_ta/lib/libutee.a(user_ta_entry.o)
 .rodata.str1.1.lib/libutee/arch/arm/user_ta_entry.c
                0x0000000000000000        0xb /home/zengwei/work/rk3288-android8.1/android8.1-r46/external/rk_tee_user/export-user_ta/lib/libutee.a(user_ta_entry.o)
 .rodata.lib/libutee/tee_user_mem.c
                0x000000000000b301       0x6b /home/zengwei/work/rk3288-android8.1/android8.1-r46/external/rk_tee_user/export-user_ta/lib/libutee.a(tee_user_mem.o)
 .rodata.str1.1.lib/libutee/tee_user_mem.c
                0x000000000000b36c       0xe1 /home/zengwei/work/rk3288-android8.1/android8.1-r46/external/rk_tee_user/export-user_ta/lib/libutee.a(tee_user_mem.o)
                                         0xe4 (size before relaxing)
 .rodata.lib/libutee/assert.c
                0x000000000000b44d        0xc /home/zengwei/work/rk3288-android8.1/android8.1-r46/external/rk_tee_user/export-user_ta/lib/libutee.a(assert.o)
 .rodata.str1.1.lib/libutee/assert.c
                0x000000000000b459       0x1f /home/zengwei/work/rk3288-android8.1/android8.1-r46/external/rk_tee_user/export-user_ta/lib/libutee.a(assert.o)
 .rodata.lib/libutee/tee_api_arith.c
                0x000000000000b478       0x30 /home/zengwei/work/rk3288-android8.1/android8.1-r46/external/rk_tee_user/export-user_ta/lib/libutee.a(tee_api_arith.o)
 .rodata.str1.1.lib/libutee/tee_api_arith.c
                0x000000000000b4a8       0x5b /home/zengwei/work/rk3288-android8.1/android8.1-r46/external/rk_tee_user/export-user_ta/lib/libutee.a(tee_api_arith.o)
                                         0x66 (size before relaxing)
 .rodata.lib/libutee/trace_ext.c
                0x000000000000b503       0x1b /home/zengwei/work/rk3288-android8.1/android8.1-r46/external/rk_tee_user/export-user_ta/lib/libutee.a(trace_ext.o)
 .rodata.str1.1.lib/libutee/trace_ext.c
                0x000000000000b51e        0x5 /home/zengwei/work/rk3288-android8.1/android8.1-r46/external/rk_tee_user/export-user_ta/lib/libutee.a(trace_ext.o)

.gnu.version_d  0x000000000000b524        0x0
 .gnu.version_d
                0x0000000000000000        0x0 /home/zengwei/work/rk3288-android8.1/android8.1-r46/external/rk_tee_user/ta/testapp_storage/testapp_storage_ta.o

.gnu.version    0x000000000000b524        0x0
 .gnu.version   0x0000000000000000        0x0 /home/zengwei/work/rk3288-android8.1/android8.1-r46/external/rk_tee_user/ta/testapp_storage/testapp_storage_ta.o

.gnu.version_r  0x000000000000b524        0x0
 .gnu.version_r
                0x0000000000000000        0x0 /home/zengwei/work/rk3288-android8.1/android8.1-r46/external/rk_tee_user/ta/testapp_storage/testapp_storage_ta.o

.ARM.exidx
 *(SORT(.ARM.exidx*) SORT(.gnu.linkonce.armexidx.*))

.ctors
 *(SORT(.ctors))

.dtors
 *(SORT(.dtors))

.plt            0x000000000000b524        0x0
 *(SORT(.plt))
 .plt           0x0000000000000000        0x0 /home/zengwei/work/rk3288-android8.1/android8.1-r46/external/rk_tee_user/ta/testapp_storage/testapp_storage_ta.o

.got            0x000000000000b524       0x28
 *(SORT(.got.plt))
 .got.plt       0x000000000000b524        0xc /home/zengwei/work/rk3288-android8.1/android8.1-r46/external/rk_tee_user/ta/testapp_storage/testapp_storage_ta.o
                0x000000000000b524                _GLOBAL_OFFSET_TABLE_
 *(SORT(.got))
 .got           0x000000000000b530       0x1c /home/zengwei/work/rk3288-android8.1/android8.1-r46/external/rk_tee_user/ta/testapp_storage/testapp_storage_ta.o

.rel.text       0x000000000000b54c        0x0
 *(SORT(.rel.text))
 .rel.text      0x0000000000000000        0x0 /home/zengwei/work/rk3288-android8.1/android8.1-r46/external/rk_tee_user/ta/testapp_storage/testapp_storage_ta.o
 *(SORT(.rel.gnu.linkonce.t*))

.rela.text
 *(SORT(.rela.text))
 *(SORT(.rela.gnu.linkonce.t*))

.rel.data
 *(SORT(.rel.data))
 *(SORT(.rel.gnu.linkonce.d*))

.rela.data
 *(SORT(.rela.data))
 *(SORT(.rela.gnu.linkonce.d*))

.rel.rodata
 *(SORT(.rel.rodata))
 *(SORT(.rel.gnu.linkonce.r*))

.rela.rodata
 *(SORT(.rela.rodata))
 *(SORT(.rela.gnu.linkonce.r*))

.rel.dyn        0x000000000000b54c       0x98
 *(SORT(.rel.dyn))
 .rel.iplt      0x0000000000000000        0x0 /home/zengwei/work/rk3288-android8.1/android8.1-r46/external/rk_tee_user/ta/testapp_storage/testapp_storage_ta.o
 .rel.ta_head   0x000000000000b54c        0x8 /home/zengwei/work/rk3288-android8.1/android8.1-r46/external/rk_tee_user/ta/testapp_storage/testapp_storage_ta.o
 .rel.data.rel.ro.local
                0x000000000000b554       0x70 /home/zengwei/work/rk3288-android8.1/android8.1-r46/external/rk_tee_user/ta/testapp_storage/testapp_storage_ta.o
 .rel.data.rel.local
                0x000000000000b5c4       0x20 /home/zengwei/work/rk3288-android8.1/android8.1-r46/external/rk_tee_user/ta/testapp_storage/testapp_storage_ta.o

.rel.got        0x000000000000b5e4       0x38
 *(SORT(.rel.got))
 .rel.got       0x000000000000b5e4       0x38 /home/zengwei/work/rk3288-android8.1/android8.1-r46/external/rk_tee_user/ta/testapp_storage/testapp_storage_ta.o

.rela.got
 *(SORT(.rela.got))

.rel.ctors
 *(SORT(.rel.ctors))

.rela.ctors
 *(SORT(.rela.ctors))

.rel.dtors
 *(SORT(.rel.dtors))

.rela.dtors
 *(SORT(.rela.dtors))

.rel.init
 *(SORT(.rel.init))

.rela.init
 *(SORT(.rela.init))

.rel.fini
 *(SORT(.rel.fini))

.rela.fini
 *(SORT(.rela.fini))

.rel.bss
 *(SORT(.rel.bss))

.rela.bss
 *(SORT(.rela.bss))

.rel.plt        0x000000000000b61c        0x0
 *(SORT(.rel.plt))
 .rel.plt       0x0000000000000000        0x0 /home/zengwei/work/rk3288-android8.1/android8.1-r46/external/rk_tee_user/ta/testapp_storage/testapp_storage_ta.o

.rela.plt
 *(SORT(.rela.plt))
                0x000000000000c000                . = ALIGN (0x1000)

.data           0x000000000000c000       0x78
 *(SORT(.data) SORT(.data.*) SORT(.gnu.linkonce.d.*))
 .data          0x000000000000c000        0x4 /home/zengwei/work/rk3288-android8.1/android8.1-r46/external/rk_tee_user/ta/testapp_storage/user_ta_header.o
                0x000000000000c000                trace_level
 .data.rel.ro.local
                0x000000000000c004       0x54 /home/zengwei/work/rk3288-android8.1/android8.1-r46/external/rk_tee_user/ta/testapp_storage/user_ta_header.o
                0x000000000000c004                ta_props
 .data.rel.local
                0x000000000000c058        0x8 /home/zengwei/work/rk3288-android8.1/android8.1-r46/external/rk_tee_user/export-user_ta/lib/libutee.a(user_ta_entry.o)
 .data.rel.local
                0x000000000000c060        0x8 /home/zengwei/work/rk3288-android8.1/android8.1-r46/external/rk_tee_user/export-user_ta/lib/libutee.a(tee_user_mem.o)
                0x000000000000c060                user_mem_head
 .data.rel.local
                0x000000000000c068       0x10 /home/zengwei/work/rk3288-android8.1/android8.1-r46/external/rk_tee_user/export-user_ta/lib/libutils.a(bget_malloc.o)
 .data          0x000000000000c078        0x0 /home/zengwei/work/rk3288-android8.1/android8.1-r46/external/rk_tee_user/ta/testapp_storage/testapp_storage_ta.o
 .data          0x000000000000c078        0x0 /home/zengwei/work/rk3288-android8.1/android8.1-r46/external/rk_tee_user/export-user_ta/lib/libutee.a(tee_api.o)
 .data          0x000000000000c078        0x0 /home/zengwei/work/rk3288-android8.1/android8.1-r46/external/rk_tee_user/export-user_ta/lib/libutee.a(tee_api_objects.o)
 .data          0x000000000000c078        0x0 /home/zengwei/work/rk3288-android8.1/android8.1-r46/external/rk_tee_user/export-user_ta/lib/libutee.a(tee_api_panic.o)
 .data          0x000000000000c078        0x0 /home/zengwei/work/rk3288-android8.1/android8.1-r46/external/rk_tee_user/export-user_ta/lib/libutee.a(user_ta_entry.o)
 .data          0x000000000000c078        0x0 /home/zengwei/work/rk3288-android8.1/android8.1-r46/external/rk_tee_user/export-user_ta/lib/libutee.a(utee_syscalls_a32.o)
 .data          0x000000000000c078        0x0 /home/zengwei/work/rk3288-android8.1/android8.1-r46/external/rk_tee_user/export-user_ta/lib/libutee.a(tee_user_mem.o)
 .data          0x000000000000c078        0x0 /home/zengwei/work/rk3288-android8.1/android8.1-r46/external/rk_tee_user/export-user_ta/lib/libutee.a(assert.o)
 .data          0x000000000000c078        0x0 /home/zengwei/work/rk3288-android8.1/android8.1-r46/external/rk_tee_user/export-user_ta/lib/libutee.a(tee_api_arith.o)
 .data          0x000000000000c078        0x0 /home/zengwei/work/rk3288-android8.1/android8.1-r46/external/rk_tee_user/export-user_ta/lib/libutee.a(utee_misc.o)
 .data          0x000000000000c078        0x0 /home/zengwei/work/rk3288-android8.1/android8.1-r46/external/rk_tee_user/export-user_ta/lib/libutee.a(trace_ext.o)
 .data          0x000000000000c078        0x0 /home/zengwei/work/rk3288-android8.1/android8.1-r46/external/rk_tee_user/export-user_ta/lib/libutils.a(bget_malloc.o)
 .data          0x000000000000c078        0x0 /home/zengwei/work/rk3288-android8.1/android8.1-r46/external/rk_tee_user/export-user_ta/lib/libutils.a(snprintf.o)
 .data          0x000000000000c078        0x0 /home/zengwei/work/rk3288-android8.1/android8.1-r46/external/rk_tee_user/export-user_ta/lib/libutils.a(memcmp.o)
 .data          0x000000000000c078        0x0 /home/zengwei/work/rk3288-android8.1/android8.1-r46/external/rk_tee_user/export-user_ta/lib/libutils.a(memcpy.o)
 .data          0x000000000000c078        0x0 /home/zengwei/work/rk3288-android8.1/android8.1-r46/external/rk_tee_user/export-user_ta/lib/libutils.a(memmove.o)
 .data          0x000000000000c078        0x0 /home/zengwei/work/rk3288-android8.1/android8.1-r46/external/rk_tee_user/export-user_ta/lib/libutils.a(memset.o)
 .data          0x000000000000c078        0x0 /home/zengwei/work/rk3288-android8.1/android8.1-r46/external/rk_tee_user/export-user_ta/lib/libutils.a(strlen.o)
 .data          0x000000000000c078        0x0 /home/zengwei/work/rk3288-android8.1/android8.1-r46/external/rk_tee_user/export-user_ta/lib/libutils.a(snprintk.o)
 .data          0x000000000000c078        0x0 /home/zengwei/work/rk3288-android8.1/android8.1-r46/external/rk_tee_user/export-user_ta/lib/libutils.a(strlcpy.o)
 .data          0x000000000000c078        0x0 /home/zengwei/work/rk3288-android8.1/android8.1-r46/external/rk_tee_user/export-user_ta/lib/libutils.a(trace.o)
 .data          0x000000000000c078        0x0 /home/zengwei/work/rk3288-android8.1/android8.1-r46/external/rk_tee_user/export-user_ta/lib/libutils.a(memchr.o)
 .data          0x000000000000c078        0x0 /home/zengwei/work/rk3288-android8.1/android8.1-r46/external/rk_tee_user/export-user_ta/lib/libutils.a(arm32_aeabi_ldivmod_a32.o)
 .data          0x000000000000c078        0x0 /home/zengwei/work/rk3288-android8.1/android8.1-r46/external/rk_tee_user/export-user_ta/lib/libutils.a(arm32_aeabi_ldivmod.o)
 .data          0x000000000000c078        0x0 /home/zengwei/work/rk3288-android8.1/android8.1-r46/external/rk_tee_user/export-user_ta/lib/libmpa.a(mpa_misc.o)
 .data          0x000000000000c078        0x0 /home/zengwei/work/rk3288-android8.1/android8.1-r46/external/rk_tee_user/export-user_ta/lib/libmpa.a(mpa_montgomery.o)
 .data          0x000000000000c078        0x0 /home/zengwei/work/rk3288-android8.1/android8.1-r46/external/rk_tee_user/export-user_ta/lib/libmpa.a(mpa_primetest.o)
 .data          0x000000000000c078        0x0 /home/zengwei/work/rk3288-android8.1/android8.1-r46/external/rk_tee_user/export-user_ta/lib/libmpa.a(mpa_conv.o)
 .data          0x000000000000c078        0x0 /home/zengwei/work/rk3288-android8.1/android8.1-r46/external/rk_tee_user/export-user_ta/lib/libmpa.a(mpa_div.o)
 .data          0x000000000000c078        0x0 /home/zengwei/work/rk3288-android8.1/android8.1-r46/external/rk_tee_user/export-user_ta/lib/libmpa.a(mpa_gcd.o)
 .data          0x000000000000c078        0x0 /home/zengwei/work/rk3288-android8.1/android8.1-r46/external/rk_tee_user/export-user_ta/lib/libmpa.a(mpa_mem_static.o)
 .data          0x000000000000c078        0x0 /home/zengwei/work/rk3288-android8.1/android8.1-r46/external/rk_tee_user/export-user_ta/lib/libmpa.a(mpa_mul.o)
 .data          0x000000000000c078        0x0 /home/zengwei/work/rk3288-android8.1/android8.1-r46/external/rk_tee_user/export-user_ta/lib/libmpa.a(mpa_random.o)
 .data          0x000000000000c078        0x0 /home/zengwei/work/rk3288-android8.1/android8.1-r46/external/rk_tee_user/export-user_ta/lib/libmpa.a(mpa_shift.o)
 .data          0x000000000000c078        0x0 /home/zengwei/work/rk3288-android8.1/android8.1-r46/external/rk_tee_user/export-user_ta/lib/libmpa.a(mpa_addsub.o)
 .data          0x000000000000c078        0x0 /home/zengwei/work/rk3288-android8.1/android8.1-r46/external/rk_tee_user/export-user_ta/lib/libmpa.a(mpa_cmp.o)
 .data          0x000000000000c078        0x0 /home/zengwei/work/rk3288-android8.1/android8.1-r46/external/rk_tee_user/export-user_ta/lib/libmpa.a(mpa_expmod.o)
 .data          0x000000000000c078        0x0 /home/zengwei/work/rk3288-android8.1/android8.1-r46/external/rk_tee_user/export-user_ta/lib/libmpa.a(mpa_init.o)
 .data          0x000000000000c078        0x0 /home/zengwei/work/rk3288-android8.1/android8.1-r46/external/rk_tee_user/export-user_ta/lib/libmpa.a(mpa_io.o)
 .data          0x000000000000c078        0x0 /home/zengwei/work/rk3288-android8.1/android8.1-r46/external/rk_tee_user/export-user_ta/lib/libmpa.a(mpa_modulus.o)

.igot.plt       0x000000000000c078        0x0
 .igot.plt      0x0000000000000000        0x0 /home/zengwei/work/rk3288-android8.1/android8.1-r46/external/rk_tee_user/ta/testapp_storage/testapp_storage_ta.o

.bss            0x000000000000c078     0xab5c
 *(SORT(.bss) SORT(.bss.*) SORT(.gnu.linkonce.b.*) SORT(COMMON))
 .bss           0x000000000000c078     0x8000 /home/zengwei/work/rk3288-android8.1/android8.1-r46/external/rk_tee_user/ta/testapp_storage/user_ta_header.o
                0x000000000000c078                ta_heap
 .bss           0x0000000000014078        0x4 /home/zengwei/work/rk3288-android8.1/android8.1-r46/external/rk_tee_user/export-user_ta/lib/libutee.a(tee_api.o)
 .bss           0x000000000001407c       0x2c /home/zengwei/work/rk3288-android8.1/android8.1-r46/external/rk_tee_user/export-user_ta/lib/libutee.a(user_ta_entry.o)
                0x0000000000014080                ta_params
                0x00000000000140a4                ta_param_types
 .bss           0x00000000000140a8        0xc /home/zengwei/work/rk3288-android8.1/android8.1-r46/external/rk_tee_user/export-user_ta/lib/libutee.a(tee_user_mem.o)
 .bss           0x00000000000140b4     0x1b00 /home/zengwei/work/rk3288-android8.1/android8.1-r46/external/rk_tee_user/export-user_ta/lib/libutee.a(tee_api_arith.o)
 .bss           0x0000000000015bb4       0x18 /home/zengwei/work/rk3288-android8.1/android8.1-r46/external/rk_tee_user/export-user_ta/lib/libutils.a(bget_malloc.o)
 .bss           0x0000000000015bcc        0x4 /home/zengwei/work/rk3288-android8.1/android8.1-r46/external/rk_tee_user/export-user_ta/lib/libmpa.a(mpa_random.o)
 .bss           0x0000000000015bd0     0x1004 /home/zengwei/work/rk3288-android8.1/android8.1-r46/external/rk_tee_user/export-user_ta/lib/libmpa.a(mpa_io.o)
 .bss           0x0000000000016bd4        0x0 /home/zengwei/work/rk3288-android8.1/android8.1-r46/external/rk_tee_user/ta/testapp_storage/testapp_storage_ta.o
 .bss           0x0000000000016bd4        0x0 /home/zengwei/work/rk3288-android8.1/android8.1-r46/external/rk_tee_user/export-user_ta/lib/libutee.a(tee_api_objects.o)
 .bss           0x0000000000016bd4        0x0 /home/zengwei/work/rk3288-android8.1/android8.1-r46/external/rk_tee_user/export-user_ta/lib/libutee.a(tee_api_panic.o)
 .bss           0x0000000000016bd4        0x0 /home/zengwei/work/rk3288-android8.1/android8.1-r46/external/rk_tee_user/export-user_ta/lib/libutee.a(utee_syscalls_a32.o)
 .bss           0x0000000000016bd4        0x0 /home/zengwei/work/rk3288-android8.1/android8.1-r46/external/rk_tee_user/export-user_ta/lib/libutee.a(assert.o)
 .bss           0x0000000000016bd4        0x0 /home/zengwei/work/rk3288-android8.1/android8.1-r46/external/rk_tee_user/export-user_ta/lib/libutee.a(utee_misc.o)
 .bss           0x0000000000016bd4        0x0 /home/zengwei/work/rk3288-android8.1/android8.1-r46/external/rk_tee_user/export-user_ta/lib/libutee.a(trace_ext.o)
 .bss           0x0000000000016bd4        0x0 /home/zengwei/work/rk3288-android8.1/android8.1-r46/external/rk_tee_user/export-user_ta/lib/libutils.a(snprintf.o)
 .bss           0x0000000000016bd4        0x0 /home/zengwei/work/rk3288-android8.1/android8.1-r46/external/rk_tee_user/export-user_ta/lib/libutils.a(memcmp.o)
 .bss           0x0000000000016bd4        0x0 /home/zengwei/work/rk3288-android8.1/android8.1-r46/external/rk_tee_user/export-user_ta/lib/libutils.a(memcpy.o)
 .bss           0x0000000000016bd4        0x0 /home/zengwei/work/rk3288-android8.1/android8.1-r46/external/rk_tee_user/export-user_ta/lib/libutils.a(memmove.o)
 .bss           0x0000000000016bd4        0x0 /home/zengwei/work/rk3288-android8.1/android8.1-r46/external/rk_tee_user/export-user_ta/lib/libutils.a(memset.o)
 .bss           0x0000000000016bd4        0x0 /home/zengwei/work/rk3288-android8.1/android8.1-r46/external/rk_tee_user/export-user_ta/lib/libutils.a(strlen.o)
 .bss           0x0000000000016bd4        0x0 /home/zengwei/work/rk3288-android8.1/android8.1-r46/external/rk_tee_user/export-user_ta/lib/libutils.a(snprintk.o)
 .bss           0x0000000000016bd4        0x0 /home/zengwei/work/rk3288-android8.1/android8.1-r46/external/rk_tee_user/export-user_ta/lib/libutils.a(strlcpy.o)
 .bss           0x0000000000016bd4        0x0 /home/zengwei/work/rk3288-android8.1/android8.1-r46/external/rk_tee_user/export-user_ta/lib/libutils.a(trace.o)
 .bss           0x0000000000016bd4        0x0 /home/zengwei/work/rk3288-android8.1/android8.1-r46/external/rk_tee_user/export-user_ta/lib/libutils.a(memchr.o)
 .bss           0x0000000000016bd4        0x0 /home/zengwei/work/rk3288-android8.1/android8.1-r46/external/rk_tee_user/export-user_ta/lib/libutils.a(arm32_aeabi_ldivmod_a32.o)
 .bss           0x0000000000016bd4        0x0 /home/zengwei/work/rk3288-android8.1/android8.1-r46/external/rk_tee_user/export-user_ta/lib/libutils.a(arm32_aeabi_ldivmod.o)
 .bss           0x0000000000016bd4        0x0 /home/zengwei/work/rk3288-android8.1/android8.1-r46/external/rk_tee_user/export-user_ta/lib/libmpa.a(mpa_misc.o)
 .bss           0x0000000000016bd4        0x0 /home/zengwei/work/rk3288-android8.1/android8.1-r46/external/rk_tee_user/export-user_ta/lib/libmpa.a(mpa_montgomery.o)
 .bss           0x0000000000016bd4        0x0 /home/zengwei/work/rk3288-android8.1/android8.1-r46/external/rk_tee_user/export-user_ta/lib/libmpa.a(mpa_primetest.o)
 .bss           0x0000000000016bd4        0x0 /home/zengwei/work/rk3288-android8.1/android8.1-r46/external/rk_tee_user/export-user_ta/lib/libmpa.a(mpa_conv.o)
 .bss           0x0000000000016bd4        0x0 /home/zengwei/work/rk3288-android8.1/android8.1-r46/external/rk_tee_user/export-user_ta/lib/libmpa.a(mpa_div.o)
 .bss           0x0000000000016bd4        0x0 /home/zengwei/work/rk3288-android8.1/android8.1-r46/external/rk_tee_user/export-user_ta/lib/libmpa.a(mpa_gcd.o)
 .bss           0x0000000000016bd4        0x0 /home/zengwei/work/rk3288-android8.1/android8.1-r46/external/rk_tee_user/export-user_ta/lib/libmpa.a(mpa_mem_static.o)
 .bss           0x0000000000016bd4        0x0 /home/zengwei/work/rk3288-android8.1/android8.1-r46/external/rk_tee_user/export-user_ta/lib/libmpa.a(mpa_mul.o)
 .bss           0x0000000000016bd4        0x0 /home/zengwei/work/rk3288-android8.1/android8.1-r46/external/rk_tee_user/export-user_ta/lib/libmpa.a(mpa_shift.o)
 .bss           0x0000000000016bd4        0x0 /home/zengwei/work/rk3288-android8.1/android8.1-r46/external/rk_tee_user/export-user_ta/lib/libmpa.a(mpa_addsub.o)
 .bss           0x0000000000016bd4        0x0 /home/zengwei/work/rk3288-android8.1/android8.1-r46/external/rk_tee_user/export-user_ta/lib/libmpa.a(mpa_cmp.o)
 .bss           0x0000000000016bd4        0x0 /home/zengwei/work/rk3288-android8.1/android8.1-r46/external/rk_tee_user/export-user_ta/lib/libmpa.a(mpa_expmod.o)
 .bss           0x0000000000016bd4        0x0 /home/zengwei/work/rk3288-android8.1/android8.1-r46/external/rk_tee_user/export-user_ta/lib/libmpa.a(mpa_init.o)
 .bss           0x0000000000016bd4        0x0 /home/zengwei/work/rk3288-android8.1/android8.1-r46/external/rk_tee_user/export-user_ta/lib/libmpa.a(mpa_modulus.o)

.dynbss         0x0000000000016bd4        0x0
 .dynbss        0x0000000000000000        0x0 /home/zengwei/work/rk3288-android8.1/android8.1-r46/external/rk_tee_user/ta/testapp_storage/testapp_storage_ta.o
                0x0000000000017000                . = ALIGN (0x1000)

.dynamic        0x0000000000017000       0x78
 *(SORT(.dynamic))
 .dynamic       0x0000000000017000       0x78 /home/zengwei/work/rk3288-android8.1/android8.1-r46/external/rk_tee_user/ta/testapp_storage/testapp_storage_ta.o
                0x0000000000017000                _DYNAMIC

.dynsym         0x0000000000017078       0xe0
 *(SORT(.dynsym))
 .dynsym        0x0000000000017078       0xe0 /home/zengwei/work/rk3288-android8.1/android8.1-r46/external/rk_tee_user/ta/testapp_storage/testapp_storage_ta.o

.dynstr         0x0000000000017158       0xc4
 *(SORT(.dynstr))
 .dynstr        0x0000000000017158       0xc4 /home/zengwei/work/rk3288-android8.1/android8.1-r46/external/rk_tee_user/ta/testapp_storage/testapp_storage_ta.o

.hash           0x000000000001721c       0x4c
 *(SORT(.hash))
 .hash          0x000000000001721c       0x4c /home/zengwei/work/rk3288-android8.1/android8.1-r46/external/rk_tee_user/ta/testapp_storage/testapp_storage_ta.o

/DISCARD/
 *(SORT(.interp))
                0x000000000000000c                linker_RO_sections_size = 0xc
                0x000000000000000c                linker_RW_sections_size = 0xc
                0x000000000000000c                linker_res_funcs_ZI_sections_size = 0xc
                0x000000000000000c                linker_rel_dyn_GOT = 0xc
LOAD /home/zengwei/work/rk3288-android8.1/android8.1-r46/external/rk_tee_user/ta/testapp_storage/testapp_storage_ta.o
LOAD /home/zengwei/work/rk3288-android8.1/android8.1-r46/external/rk_tee_user/ta/testapp_storage/user_ta_header.o
LOAD /home/zengwei/work/rk3288-android8.1/android8.1-r46/external/rk_tee_user/export-user_ta/lib/libutee.a
LOAD /home/zengwei/work/rk3288-android8.1/android8.1-r46/external/rk_tee_user/export-user_ta/lib/libutils.a
LOAD /home/zengwei/work/rk3288-android8.1/android8.1-r46/external/rk_tee_user/export-user_ta/lib/libmpa.a
LOAD /home/zengwei/work/rk3288-android8.1/android8.1-r46/external/rk_tee_user/export-user_ta/lib/libutee.a
LOAD /home/zengwei/work/rk3288-android8.1/android8.1-r46/external/rk_tee_user/export-user_ta/lib/libutils.a
OUTPUT(/home/zengwei/work/rk3288-android8.1/android8.1-r46/external/rk_tee_user/ta/testapp_storage/8dddf200-2450-11e4-abe20002a5d5c53d.elf elf32-littlearm)

.debug_info     0x0000000000000000     0xd6db
 .debug_info    0x0000000000000000      0x34b /home/zengwei/work/rk3288-android8.1/android8.1-r46/external/rk_tee_user/ta/testapp_storage/testapp_storage_ta.o
 .debug_info    0x000000000000034b      0x2d8 /home/zengwei/work/rk3288-android8.1/android8.1-r46/external/rk_tee_user/ta/testapp_storage/user_ta_header.o
 .debug_info    0x0000000000000623     0x120c /home/zengwei/work/rk3288-android8.1/android8.1-r46/external/rk_tee_user/export-user_ta/lib/libutee.a(tee_api.o)
 .debug_info    0x000000000000182f     0x238a /home/zengwei/work/rk3288-android8.1/android8.1-r46/external/rk_tee_user/export-user_ta/lib/libutee.a(tee_api_objects.o)
 .debug_info    0x0000000000003bb9      0x13f /home/zengwei/work/rk3288-android8.1/android8.1-r46/external/rk_tee_user/export-user_ta/lib/libutee.a(tee_api_panic.o)
 .debug_info    0x0000000000003cf8      0xa4d /home/zengwei/work/rk3288-android8.1/android8.1-r46/external/rk_tee_user/export-user_ta/lib/libutee.a(user_ta_entry.o)
 .debug_info    0x0000000000004745       0x7c /home/zengwei/work/rk3288-android8.1/android8.1-r46/external/rk_tee_user/export-user_ta/lib/libutee.a(utee_syscalls_a32.o)
 .debug_info    0x00000000000047c1      0xbee /home/zengwei/work/rk3288-android8.1/android8.1-r46/external/rk_tee_user/export-user_ta/lib/libutee.a(tee_user_mem.o)
 .debug_info    0x00000000000053af      0x191 /home/zengwei/work/rk3288-android8.1/android8.1-r46/external/rk_tee_user/export-user_ta/lib/libutee.a(assert.o)
 .debug_info    0x0000000000005540     0x1e91 /home/zengwei/work/rk3288-android8.1/android8.1-r46/external/rk_tee_user/export-user_ta/lib/libutee.a(tee_api_arith.o)
 .debug_info    0x00000000000073d1      0x2ad /home/zengwei/work/rk3288-android8.1/android8.1-r46/external/rk_tee_user/export-user_ta/lib/libutee.a(utee_misc.o)
 .debug_info    0x000000000000767e      0x381 /home/zengwei/work/rk3288-android8.1/android8.1-r46/external/rk_tee_user/export-user_ta/lib/libutee.a(trace_ext.o)
 .debug_info    0x00000000000079ff      0xdc5 /home/zengwei/work/rk3288-android8.1/android8.1-r46/external/rk_tee_user/export-user_ta/lib/libutils.a(bget_malloc.o)
 .debug_info    0x00000000000087c4      0x135 /home/zengwei/work/rk3288-android8.1/android8.1-r46/external/rk_tee_user/export-user_ta/lib/libutils.a(snprintf.o)
 .debug_info    0x00000000000088f9       0xd8 /home/zengwei/work/rk3288-android8.1/android8.1-r46/external/rk_tee_user/export-user_ta/lib/libutils.a(memcmp.o)
 .debug_info    0x00000000000089d1       0xf8 /home/zengwei/work/rk3288-android8.1/android8.1-r46/external/rk_tee_user/export-user_ta/lib/libutils.a(memcpy.o)
 .debug_info    0x0000000000008ac9       0xf8 /home/zengwei/work/rk3288-android8.1/android8.1-r46/external/rk_tee_user/export-user_ta/lib/libutils.a(memmove.o)
 .debug_info    0x0000000000008bc1       0xdd /home/zengwei/work/rk3288-android8.1/android8.1-r46/external/rk_tee_user/export-user_ta/lib/libutils.a(memset.o)
 .debug_info    0x0000000000008c9e       0xa6 /home/zengwei/work/rk3288-android8.1/android8.1-r46/external/rk_tee_user/export-user_ta/lib/libutils.a(strlen.o)
 .debug_info    0x0000000000008d44      0x4fe /home/zengwei/work/rk3288-android8.1/android8.1-r46/external/rk_tee_user/export-user_ta/lib/libutils.a(snprintk.o)
 .debug_info    0x0000000000009242       0xf8 /home/zengwei/work/rk3288-android8.1/android8.1-r46/external/rk_tee_user/export-user_ta/lib/libutils.a(strlcpy.o)
 .debug_info    0x000000000000933a      0x2bb /home/zengwei/work/rk3288-android8.1/android8.1-r46/external/rk_tee_user/export-user_ta/lib/libutils.a(trace.o)
 .debug_info    0x00000000000095f5       0xef /home/zengwei/work/rk3288-android8.1/android8.1-r46/external/rk_tee_user/export-user_ta/lib/libutils.a(memchr.o)
 .debug_info    0x00000000000096e4      0x1fc /home/zengwei/work/rk3288-android8.1/android8.1-r46/external/rk_tee_user/export-user_ta/lib/libutils.a(arm32_aeabi_ldivmod.o)
 .debug_info    0x00000000000098e0      0x2fc /home/zengwei/work/rk3288-android8.1/android8.1-r46/external/rk_tee_user/export-user_ta/lib/libmpa.a(mpa_misc.o)
 .debug_info    0x0000000000009bdc      0x49d /home/zengwei/work/rk3288-android8.1/android8.1-r46/external/rk_tee_user/export-user_ta/lib/libmpa.a(mpa_montgomery.o)
 .debug_info    0x000000000000a079      0x49c /home/zengwei/work/rk3288-android8.1/android8.1-r46/external/rk_tee_user/export-user_ta/lib/libmpa.a(mpa_primetest.o)
 .debug_info    0x000000000000a515      0x1cc /home/zengwei/work/rk3288-android8.1/android8.1-r46/external/rk_tee_user/export-user_ta/lib/libmpa.a(mpa_conv.o)
 .debug_info    0x000000000000a6e1      0x583 /home/zengwei/work/rk3288-android8.1/android8.1-r46/external/rk_tee_user/export-user_ta/lib/libmpa.a(mpa_div.o)
 .debug_info    0x000000000000ac64      0x49d /home/zengwei/work/rk3288-android8.1/android8.1-r46/external/rk_tee_user/export-user_ta/lib/libmpa.a(mpa_gcd.o)
 .debug_info    0x000000000000b101      0x3e4 /home/zengwei/work/rk3288-android8.1/android8.1-r46/external/rk_tee_user/export-user_ta/lib/libmpa.a(mpa_mem_static.o)
 .debug_info    0x000000000000b4e5      0x46b /home/zengwei/work/rk3288-android8.1/android8.1-r46/external/rk_tee_user/export-user_ta/lib/libmpa.a(mpa_mul.o)
 .debug_info    0x000000000000b950      0x24a /home/zengwei/work/rk3288-android8.1/android8.1-r46/external/rk_tee_user/export-user_ta/lib/libmpa.a(mpa_random.o)
 .debug_info    0x000000000000bb9a      0x26c /home/zengwei/work/rk3288-android8.1/android8.1-r46/external/rk_tee_user/export-user_ta/lib/libmpa.a(mpa_shift.o)
 .debug_info    0x000000000000be06      0x74f /home/zengwei/work/rk3288-android8.1/android8.1-r46/external/rk_tee_user/export-user_ta/lib/libmpa.a(mpa_addsub.o)
 .debug_info    0x000000000000c555      0x280 /home/zengwei/work/rk3288-android8.1/android8.1-r46/external/rk_tee_user/export-user_ta/lib/libmpa.a(mpa_cmp.o)
 .debug_info    0x000000000000c7d5      0x2bb /home/zengwei/work/rk3288-android8.1/android8.1-r46/external/rk_tee_user/export-user_ta/lib/libmpa.a(mpa_expmod.o)
 .debug_info    0x000000000000ca90      0x1d1 /home/zengwei/work/rk3288-android8.1/android8.1-r46/external/rk_tee_user/export-user_ta/lib/libmpa.a(mpa_init.o)
 .debug_info    0x000000000000cc61      0x6b6 /home/zengwei/work/rk3288-android8.1/android8.1-r46/external/rk_tee_user/export-user_ta/lib/libmpa.a(mpa_io.o)
 .debug_info    0x000000000000d317      0x3c4 /home/zengwei/work/rk3288-android8.1/android8.1-r46/external/rk_tee_user/export-user_ta/lib/libmpa.a(mpa_modulus.o)

.debug_abbrev   0x0000000000000000     0x36c5
 .debug_abbrev  0x0000000000000000      0x179 /home/zengwei/work/rk3288-android8.1/android8.1-r46/external/rk_tee_user/ta/testapp_storage/testapp_storage_ta.o
 .debug_abbrev  0x0000000000000179      0x103 /home/zengwei/work/rk3288-android8.1/android8.1-r46/external/rk_tee_user/ta/testapp_storage/user_ta_header.o
 .debug_abbrev  0x000000000000027c      0x31e /home/zengwei/work/rk3288-android8.1/android8.1-r46/external/rk_tee_user/export-user_ta/lib/libutee.a(tee_api.o)
 .debug_abbrev  0x000000000000059a      0x33c /home/zengwei/work/rk3288-android8.1/android8.1-r46/external/rk_tee_user/export-user_ta/lib/libutee.a(tee_api_objects.o)
 .debug_abbrev  0x00000000000008d6       0xd9 /home/zengwei/work/rk3288-android8.1/android8.1-r46/external/rk_tee_user/export-user_ta/lib/libutee.a(tee_api_panic.o)
 .debug_abbrev  0x00000000000009af      0x33a /home/zengwei/work/rk3288-android8.1/android8.1-r46/external/rk_tee_user/export-user_ta/lib/libutee.a(user_ta_entry.o)
 .debug_abbrev  0x0000000000000ce9       0x14 /home/zengwei/work/rk3288-android8.1/android8.1-r46/external/rk_tee_user/export-user_ta/lib/libutee.a(utee_syscalls_a32.o)
 .debug_abbrev  0x0000000000000cfd      0x3e0 /home/zengwei/work/rk3288-android8.1/android8.1-r46/external/rk_tee_user/export-user_ta/lib/libutee.a(tee_user_mem.o)
 .debug_abbrev  0x00000000000010dd       0xc9 /home/zengwei/work/rk3288-android8.1/android8.1-r46/external/rk_tee_user/export-user_ta/lib/libutee.a(assert.o)
 .debug_abbrev  0x00000000000011a6      0x405 /home/zengwei/work/rk3288-android8.1/android8.1-r46/external/rk_tee_user/export-user_ta/lib/libutee.a(tee_api_arith.o)
 .debug_abbrev  0x00000000000015ab      0x108 /home/zengwei/work/rk3288-android8.1/android8.1-r46/external/rk_tee_user/export-user_ta/lib/libutee.a(utee_misc.o)
 .debug_abbrev  0x00000000000016b3      0x1b1 /home/zengwei/work/rk3288-android8.1/android8.1-r46/external/rk_tee_user/export-user_ta/lib/libutee.a(trace_ext.o)
 .debug_abbrev  0x0000000000001864      0x221 /home/zengwei/work/rk3288-android8.1/android8.1-r46/external/rk_tee_user/export-user_ta/lib/libutils.a(bget_malloc.o)
 .debug_abbrev  0x0000000000001a85       0xe4 /home/zengwei/work/rk3288-android8.1/android8.1-r46/external/rk_tee_user/export-user_ta/lib/libutils.a(snprintf.o)
 .debug_abbrev  0x0000000000001b69       0x82 /home/zengwei/work/rk3288-android8.1/android8.1-r46/external/rk_tee_user/export-user_ta/lib/libutils.a(memcmp.o)
 .debug_abbrev  0x0000000000001beb       0x9f /home/zengwei/work/rk3288-android8.1/android8.1-r46/external/rk_tee_user/export-user_ta/lib/libutils.a(memcpy.o)
 .debug_abbrev  0x0000000000001c8a       0x9f /home/zengwei/work/rk3288-android8.1/android8.1-r46/external/rk_tee_user/export-user_ta/lib/libutils.a(memmove.o)
 .debug_abbrev  0x0000000000001d29       0x93 /home/zengwei/work/rk3288-android8.1/android8.1-r46/external/rk_tee_user/export-user_ta/lib/libutils.a(memset.o)
 .debug_abbrev  0x0000000000001dbc       0x84 /home/zengwei/work/rk3288-android8.1/android8.1-r46/external/rk_tee_user/export-user_ta/lib/libutils.a(strlen.o)
 .debug_abbrev  0x0000000000001e40      0x167 /home/zengwei/work/rk3288-android8.1/android8.1-r46/external/rk_tee_user/export-user_ta/lib/libutils.a(snprintk.o)
 .debug_abbrev  0x0000000000001fa7       0x84 /home/zengwei/work/rk3288-android8.1/android8.1-r46/external/rk_tee_user/export-user_ta/lib/libutils.a(strlcpy.o)
 .debug_abbrev  0x000000000000202b      0x14c /home/zengwei/work/rk3288-android8.1/android8.1-r46/external/rk_tee_user/export-user_ta/lib/libutils.a(trace.o)
 .debug_abbrev  0x0000000000002177       0xae /home/zengwei/work/rk3288-android8.1/android8.1-r46/external/rk_tee_user/export-user_ta/lib/libutils.a(memchr.o)
 .debug_abbrev  0x0000000000002225       0xde /home/zengwei/work/rk3288-android8.1/android8.1-r46/external/rk_tee_user/export-user_ta/lib/libutils.a(arm32_aeabi_ldivmod.o)
 .debug_abbrev  0x0000000000002303      0x115 /home/zengwei/work/rk3288-android8.1/android8.1-r46/external/rk_tee_user/export-user_ta/lib/libmpa.a(mpa_misc.o)
 .debug_abbrev  0x0000000000002418      0x189 /home/zengwei/work/rk3288-android8.1/android8.1-r46/external/rk_tee_user/export-user_ta/lib/libmpa.a(mpa_montgomery.o)
 .debug_abbrev  0x00000000000025a1      0x169 /home/zengwei/work/rk3288-android8.1/android8.1-r46/external/rk_tee_user/export-user_ta/lib/libmpa.a(mpa_primetest.o)
 .debug_abbrev  0x000000000000270a       0xee /home/zengwei/work/rk3288-android8.1/android8.1-r46/external/rk_tee_user/export-user_ta/lib/libmpa.a(mpa_conv.o)
 .debug_abbrev  0x00000000000027f8      0x18d /home/zengwei/work/rk3288-android8.1/android8.1-r46/external/rk_tee_user/export-user_ta/lib/libmpa.a(mpa_div.o)
 .debug_abbrev  0x0000000000002985      0x187 /home/zengwei/work/rk3288-android8.1/android8.1-r46/external/rk_tee_user/export-user_ta/lib/libmpa.a(mpa_gcd.o)
 .debug_abbrev  0x0000000000002b0c      0x13b /home/zengwei/work/rk3288-android8.1/android8.1-r46/external/rk_tee_user/export-user_ta/lib/libmpa.a(mpa_mem_static.o)
 .debug_abbrev  0x0000000000002c47      0x128 /home/zengwei/work/rk3288-android8.1/android8.1-r46/external/rk_tee_user/export-user_ta/lib/libmpa.a(mpa_mul.o)
 .debug_abbrev  0x0000000000002d6f      0x135 /home/zengwei/work/rk3288-android8.1/android8.1-r46/external/rk_tee_user/export-user_ta/lib/libmpa.a(mpa_random.o)
 .debug_abbrev  0x0000000000002ea4       0xee /home/zengwei/work/rk3288-android8.1/android8.1-r46/external/rk_tee_user/export-user_ta/lib/libmpa.a(mpa_shift.o)
 .debug_abbrev  0x0000000000002f92      0x157 /home/zengwei/work/rk3288-android8.1/android8.1-r46/external/rk_tee_user/export-user_ta/lib/libmpa.a(mpa_addsub.o)
 .debug_abbrev  0x00000000000030e9       0xf7 /home/zengwei/work/rk3288-android8.1/android8.1-r46/external/rk_tee_user/export-user_ta/lib/libmpa.a(mpa_cmp.o)
 .debug_abbrev  0x00000000000031e0      0x107 /home/zengwei/work/rk3288-android8.1/android8.1-r46/external/rk_tee_user/export-user_ta/lib/libmpa.a(mpa_expmod.o)
 .debug_abbrev  0x00000000000032e7       0xdf /home/zengwei/work/rk3288-android8.1/android8.1-r46/external/rk_tee_user/export-user_ta/lib/libmpa.a(mpa_init.o)
 .debug_abbrev  0x00000000000033c6      0x1ef /home/zengwei/work/rk3288-android8.1/android8.1-r46/external/rk_tee_user/export-user_ta/lib/libmpa.a(mpa_io.o)
 .debug_abbrev  0x00000000000035b5      0x110 /home/zengwei/work/rk3288-android8.1/android8.1-r46/external/rk_tee_user/export-user_ta/lib/libmpa.a(mpa_modulus.o)

.debug_aranges  0x0000000000000000      0x508
 .debug_aranges
                0x0000000000000000       0x20 /home/zengwei/work/rk3288-android8.1/android8.1-r46/external/rk_tee_user/ta/testapp_storage/testapp_storage_ta.o
 .debug_aranges
                0x0000000000000020       0x20 /home/zengwei/work/rk3288-android8.1/android8.1-r46/external/rk_tee_user/ta/testapp_storage/user_ta_header.o
 .debug_aranges
                0x0000000000000040       0x20 /home/zengwei/work/rk3288-android8.1/android8.1-r46/external/rk_tee_user/export-user_ta/lib/libutee.a(tee_api.o)
 .debug_aranges
                0x0000000000000060       0x20 /home/zengwei/work/rk3288-android8.1/android8.1-r46/external/rk_tee_user/export-user_ta/lib/libutee.a(tee_api_objects.o)
 .debug_aranges
                0x0000000000000080       0x20 /home/zengwei/work/rk3288-android8.1/android8.1-r46/external/rk_tee_user/export-user_ta/lib/libutee.a(tee_api_panic.o)
 .debug_aranges
                0x00000000000000a0       0x20 /home/zengwei/work/rk3288-android8.1/android8.1-r46/external/rk_tee_user/export-user_ta/lib/libutee.a(user_ta_entry.o)
 .debug_aranges
                0x00000000000000c0       0x20 /home/zengwei/work/rk3288-android8.1/android8.1-r46/external/rk_tee_user/export-user_ta/lib/libutee.a(utee_syscalls_a32.o)
 .debug_aranges
                0x00000000000000e0       0x20 /home/zengwei/work/rk3288-android8.1/android8.1-r46/external/rk_tee_user/export-user_ta/lib/libutee.a(tee_user_mem.o)
 .debug_aranges
                0x0000000000000100       0x20 /home/zengwei/work/rk3288-android8.1/android8.1-r46/external/rk_tee_user/export-user_ta/lib/libutee.a(assert.o)
 .debug_aranges
                0x0000000000000120       0x28 /home/zengwei/work/rk3288-android8.1/android8.1-r46/external/rk_tee_user/export-user_ta/lib/libutee.a(tee_api_arith.o)
 .debug_aranges
                0x0000000000000148       0x20 /home/zengwei/work/rk3288-android8.1/android8.1-r46/external/rk_tee_user/export-user_ta/lib/libutee.a(utee_misc.o)
 .debug_aranges
                0x0000000000000168       0x20 /home/zengwei/work/rk3288-android8.1/android8.1-r46/external/rk_tee_user/export-user_ta/lib/libutee.a(trace_ext.o)
 .debug_aranges
                0x0000000000000188       0x20 /home/zengwei/work/rk3288-android8.1/android8.1-r46/external/rk_tee_user/export-user_ta/lib/libutils.a(bget_malloc.o)
 .debug_aranges
                0x00000000000001a8       0x20 /home/zengwei/work/rk3288-android8.1/android8.1-r46/external/rk_tee_user/export-user_ta/lib/libutils.a(snprintf.o)
 .debug_aranges
                0x00000000000001c8       0x20 /home/zengwei/work/rk3288-android8.1/android8.1-r46/external/rk_tee_user/export-user_ta/lib/libutils.a(memcmp.o)
 .debug_aranges
                0x00000000000001e8       0x20 /home/zengwei/work/rk3288-android8.1/android8.1-r46/external/rk_tee_user/export-user_ta/lib/libutils.a(memcpy.o)
 .debug_aranges
                0x0000000000000208       0x20 /home/zengwei/work/rk3288-android8.1/android8.1-r46/external/rk_tee_user/export-user_ta/lib/libutils.a(memmove.o)
 .debug_aranges
                0x0000000000000228       0x20 /home/zengwei/work/rk3288-android8.1/android8.1-r46/external/rk_tee_user/export-user_ta/lib/libutils.a(memset.o)
 .debug_aranges
                0x0000000000000248       0x20 /home/zengwei/work/rk3288-android8.1/android8.1-r46/external/rk_tee_user/export-user_ta/lib/libutils.a(strlen.o)
 .debug_aranges
                0x0000000000000268       0x20 /home/zengwei/work/rk3288-android8.1/android8.1-r46/external/rk_tee_user/export-user_ta/lib/libutils.a(snprintk.o)
 .debug_aranges
                0x0000000000000288       0x20 /home/zengwei/work/rk3288-android8.1/android8.1-r46/external/rk_tee_user/export-user_ta/lib/libutils.a(strlcpy.o)
 .debug_aranges
                0x00000000000002a8       0x20 /home/zengwei/work/rk3288-android8.1/android8.1-r46/external/rk_tee_user/export-user_ta/lib/libutils.a(trace.o)
 .debug_aranges
                0x00000000000002c8       0x20 /home/zengwei/work/rk3288-android8.1/android8.1-r46/external/rk_tee_user/export-user_ta/lib/libutils.a(memchr.o)
 .debug_aranges
                0x00000000000002e8       0x20 /home/zengwei/work/rk3288-android8.1/android8.1-r46/external/rk_tee_user/export-user_ta/lib/libutils.a(arm32_aeabi_ldivmod.o)
 .debug_aranges
                0x0000000000000308       0x20 /home/zengwei/work/rk3288-android8.1/android8.1-r46/external/rk_tee_user/export-user_ta/lib/libmpa.a(mpa_misc.o)
 .debug_aranges
                0x0000000000000328       0x20 /home/zengwei/work/rk3288-android8.1/android8.1-r46/external/rk_tee_user/export-user_ta/lib/libmpa.a(mpa_montgomery.o)
 .debug_aranges
                0x0000000000000348       0x20 /home/zengwei/work/rk3288-android8.1/android8.1-r46/external/rk_tee_user/export-user_ta/lib/libmpa.a(mpa_primetest.o)
 .debug_aranges
                0x0000000000000368       0x20 /home/zengwei/work/rk3288-android8.1/android8.1-r46/external/rk_tee_user/export-user_ta/lib/libmpa.a(mpa_conv.o)
 .debug_aranges
                0x0000000000000388       0x20 /home/zengwei/work/rk3288-android8.1/android8.1-r46/external/rk_tee_user/export-user_ta/lib/libmpa.a(mpa_div.o)
 .debug_aranges
                0x00000000000003a8       0x20 /home/zengwei/work/rk3288-android8.1/android8.1-r46/external/rk_tee_user/export-user_ta/lib/libmpa.a(mpa_gcd.o)
 .debug_aranges
                0x00000000000003c8       0x20 /home/zengwei/work/rk3288-android8.1/android8.1-r46/external/rk_tee_user/export-user_ta/lib/libmpa.a(mpa_mem_static.o)
 .debug_aranges
                0x00000000000003e8       0x20 /home/zengwei/work/rk3288-android8.1/android8.1-r46/external/rk_tee_user/export-user_ta/lib/libmpa.a(mpa_mul.o)
 .debug_aranges
                0x0000000000000408       0x20 /home/zengwei/work/rk3288-android8.1/android8.1-r46/external/rk_tee_user/export-user_ta/lib/libmpa.a(mpa_random.o)
 .debug_aranges
                0x0000000000000428       0x20 /home/zengwei/work/rk3288-android8.1/android8.1-r46/external/rk_tee_user/export-user_ta/lib/libmpa.a(mpa_shift.o)
 .debug_aranges
                0x0000000000000448       0x20 /home/zengwei/work/rk3288-android8.1/android8.1-r46/external/rk_tee_user/export-user_ta/lib/libmpa.a(mpa_addsub.o)
 .debug_aranges
                0x0000000000000468       0x20 /home/zengwei/work/rk3288-android8.1/android8.1-r46/external/rk_tee_user/export-user_ta/lib/libmpa.a(mpa_cmp.o)
 .debug_aranges
                0x0000000000000488       0x20 /home/zengwei/work/rk3288-android8.1/android8.1-r46/external/rk_tee_user/export-user_ta/lib/libmpa.a(mpa_expmod.o)
 .debug_aranges
                0x00000000000004a8       0x20 /home/zengwei/work/rk3288-android8.1/android8.1-r46/external/rk_tee_user/export-user_ta/lib/libmpa.a(mpa_init.o)
 .debug_aranges
                0x00000000000004c8       0x20 /home/zengwei/work/rk3288-android8.1/android8.1-r46/external/rk_tee_user/export-user_ta/lib/libmpa.a(mpa_io.o)
 .debug_aranges
                0x00000000000004e8       0x20 /home/zengwei/work/rk3288-android8.1/android8.1-r46/external/rk_tee_user/export-user_ta/lib/libmpa.a(mpa_modulus.o)

.debug_macro    0x0000000000000000     0x4632
 .debug_macro   0x0000000000000000       0xc5 /home/zengwei/work/rk3288-android8.1/android8.1-r46/external/rk_tee_user/ta/testapp_storage/testapp_storage_ta.o
 .debug_macro   0x00000000000000c5      0x880 /home/zengwei/work/rk3288-android8.1/android8.1-r46/external/rk_tee_user/ta/testapp_storage/testapp_storage_ta.o
 .debug_macro   0x0000000000000945      0x166 /home/zengwei/work/rk3288-android8.1/android8.1-r46/external/rk_tee_user/ta/testapp_storage/testapp_storage_ta.o
 .debug_macro   0x0000000000000aab       0x7c /home/zengwei/work/rk3288-android8.1/android8.1-r46/external/rk_tee_user/ta/testapp_storage/testapp_storage_ta.o
 .debug_macro   0x0000000000000b27      0x9e8 /home/zengwei/work/rk3288-android8.1/android8.1-r46/external/rk_tee_user/ta/testapp_storage/testapp_storage_ta.o
 .debug_macro   0x000000000000150f      0x181 /home/zengwei/work/rk3288-android8.1/android8.1-r46/external/rk_tee_user/ta/testapp_storage/testapp_storage_ta.o
 .debug_macro   0x0000000000001690       0x22 /home/zengwei/work/rk3288-android8.1/android8.1-r46/external/rk_tee_user/ta/testapp_storage/testapp_storage_ta.o
 .debug_macro   0x00000000000016b2       0x35 /home/zengwei/work/rk3288-android8.1/android8.1-r46/external/rk_tee_user/ta/testapp_storage/testapp_storage_ta.o
 .debug_macro   0x00000000000016e7       0x10 /home/zengwei/work/rk3288-android8.1/android8.1-r46/external/rk_tee_user/ta/testapp_storage/testapp_storage_ta.o
 .debug_macro   0x00000000000016f7       0x1c /home/zengwei/work/rk3288-android8.1/android8.1-r46/external/rk_tee_user/ta/testapp_storage/testapp_storage_ta.o
 .debug_macro   0x0000000000001713       0x34 /home/zengwei/work/rk3288-android8.1/android8.1-r46/external/rk_tee_user/ta/testapp_storage/testapp_storage_ta.o
 .debug_macro   0x0000000000001747       0x7b /home/zengwei/work/rk3288-android8.1/android8.1-r46/external/rk_tee_user/ta/testapp_storage/testapp_storage_ta.o
 .debug_macro   0x00000000000017c2       0x58 /home/zengwei/work/rk3288-android8.1/android8.1-r46/external/rk_tee_user/ta/testapp_storage/testapp_storage_ta.o
 .debug_macro   0x000000000000181a       0x16 /home/zengwei/work/rk3288-android8.1/android8.1-r46/external/rk_tee_user/ta/testapp_storage/testapp_storage_ta.o
 .debug_macro   0x0000000000001830       0xcd /home/zengwei/work/rk3288-android8.1/android8.1-r46/external/rk_tee_user/ta/testapp_storage/user_ta_header.o
 .debug_macro   0x00000000000018fd       0x76 /home/zengwei/work/rk3288-android8.1/android8.1-r46/external/rk_tee_user/ta/testapp_storage/user_ta_header.o
 .debug_macro   0x0000000000001973       0x1c /home/zengwei/work/rk3288-android8.1/android8.1-r46/external/rk_tee_user/ta/testapp_storage/user_ta_header.o
 .debug_macro   0x000000000000198f      0x11b /home/zengwei/work/rk3288-android8.1/android8.1-r46/external/rk_tee_user/export-user_ta/lib/libutils.a(bget_malloc.o)
 .debug_macro   0x0000000000001aaa      0x89e /home/zengwei/work/rk3288-android8.1/android8.1-r46/external/rk_tee_user/export-user_ta/lib/libutils.a(bget_malloc.o)
 .debug_macro   0x0000000000002348      0x1d8 /home/zengwei/work/rk3288-android8.1/android8.1-r46/external/rk_tee_user/export-user_ta/lib/libutils.a(bget_malloc.o)
 .debug_macro   0x0000000000002520       0x7c /home/zengwei/work/rk3288-android8.1/android8.1-r46/external/rk_tee_user/export-user_ta/lib/libutils.a(bget_malloc.o)
 .debug_macro   0x000000000000259c       0xc4 /home/zengwei/work/rk3288-android8.1/android8.1-r46/external/rk_tee_user/export-user_ta/lib/libutils.a(bget_malloc.o)
 .debug_macro   0x0000000000002660       0x10 /home/zengwei/work/rk3288-android8.1/android8.1-r46/external/rk_tee_user/export-user_ta/lib/libutils.a(bget_malloc.o)
 .debug_macro   0x0000000000002670       0x10 /home/zengwei/work/rk3288-android8.1/android8.1-r46/external/rk_tee_user/export-user_ta/lib/libutils.a(bget_malloc.o)
 .debug_macro   0x0000000000002680       0x10 /home/zengwei/work/rk3288-android8.1/android8.1-r46/external/rk_tee_user/export-user_ta/lib/libutils.a(bget_malloc.o)
 .debug_macro   0x0000000000002690       0x3c /home/zengwei/work/rk3288-android8.1/android8.1-r46/external/rk_tee_user/export-user_ta/lib/libutils.a(bget_malloc.o)
 .debug_macro   0x00000000000026cc       0x46 /home/zengwei/work/rk3288-android8.1/android8.1-r46/external/rk_tee_user/export-user_ta/lib/libutils.a(bget_malloc.o)
 .debug_macro   0x0000000000002712       0x4d /home/zengwei/work/rk3288-android8.1/android8.1-r46/external/rk_tee_user/export-user_ta/lib/libutils.a(snprintf.o)
 .debug_macro   0x000000000000275f       0x51 /home/zengwei/work/rk3288-android8.1/android8.1-r46/external/rk_tee_user/export-user_ta/lib/libutils.a(memcmp.o)
 .debug_macro   0x00000000000027b0       0x7c /home/zengwei/work/rk3288-android8.1/android8.1-r46/external/rk_tee_user/export-user_ta/lib/libutils.a(memcmp.o)
 .debug_macro   0x000000000000282c       0x57 /home/zengwei/work/rk3288-android8.1/android8.1-r46/external/rk_tee_user/export-user_ta/lib/libutils.a(memcpy.o)
 .debug_macro   0x0000000000002883       0x64 /home/zengwei/work/rk3288-android8.1/android8.1-r46/external/rk_tee_user/export-user_ta/lib/libutils.a(memmove.o)
 .debug_macro   0x00000000000028e7       0x51 /home/zengwei/work/rk3288-android8.1/android8.1-r46/external/rk_tee_user/export-user_ta/lib/libutils.a(memset.o)
 .debug_macro   0x0000000000002938       0x5a /home/zengwei/work/rk3288-android8.1/android8.1-r46/external/rk_tee_user/export-user_ta/lib/libutils.a(strlen.o)
 .debug_macro   0x0000000000002992      0x127 /home/zengwei/work/rk3288-android8.1/android8.1-r46/external/rk_tee_user/export-user_ta/lib/libutils.a(snprintk.o)
 .debug_macro   0x0000000000002ab9       0x87 /home/zengwei/work/rk3288-android8.1/android8.1-r46/external/rk_tee_user/export-user_ta/lib/libutils.a(strlcpy.o)
 .debug_macro   0x0000000000002b40       0xcc /home/zengwei/work/rk3288-android8.1/android8.1-r46/external/rk_tee_user/export-user_ta/lib/libutils.a(trace.o)
 .debug_macro   0x0000000000002c0c       0x7b /home/zengwei/work/rk3288-android8.1/android8.1-r46/external/rk_tee_user/export-user_ta/lib/libutils.a(trace.o)
 .debug_macro   0x0000000000002c87       0x66 /home/zengwei/work/rk3288-android8.1/android8.1-r46/external/rk_tee_user/export-user_ta/lib/libutils.a(memchr.o)
 .debug_macro   0x0000000000002ced       0x1a /home/zengwei/work/rk3288-android8.1/android8.1-r46/external/rk_tee_user/export-user_ta/lib/libutils.a(arm32_aeabi_ldivmod.o)
 .debug_macro   0x0000000000002d07       0xd4 /home/zengwei/work/rk3288-android8.1/android8.1-r46/external/rk_tee_user/export-user_ta/lib/libmpa.a(mpa_misc.o)
 .debug_macro   0x0000000000002ddb       0x10 /home/zengwei/work/rk3288-android8.1/android8.1-r46/external/rk_tee_user/export-user_ta/lib/libmpa.a(mpa_misc.o)
 .debug_macro   0x0000000000002deb       0x4c /home/zengwei/work/rk3288-android8.1/android8.1-r46/external/rk_tee_user/export-user_ta/lib/libmpa.a(mpa_misc.o)
 .debug_macro   0x0000000000002e37       0xca /home/zengwei/work/rk3288-android8.1/android8.1-r46/external/rk_tee_user/export-user_ta/lib/libmpa.a(mpa_misc.o)
 .debug_macro   0x0000000000002f01       0x16 /home/zengwei/work/rk3288-android8.1/android8.1-r46/external/rk_tee_user/export-user_ta/lib/libmpa.a(mpa_misc.o)
 .debug_macro   0x0000000000002f17       0x74 /home/zengwei/work/rk3288-android8.1/android8.1-r46/external/rk_tee_user/export-user_ta/lib/libmpa.a(mpa_misc.o)
 .debug_macro   0x0000000000002f8b       0xa6 /home/zengwei/work/rk3288-android8.1/android8.1-r46/external/rk_tee_user/export-user_ta/lib/libmpa.a(mpa_misc.o)
 .debug_macro   0x0000000000003031       0xd4 /home/zengwei/work/rk3288-android8.1/android8.1-r46/external/rk_tee_user/export-user_ta/lib/libmpa.a(mpa_montgomery.o)
 .debug_macro   0x0000000000003105       0xf6 /home/zengwei/work/rk3288-android8.1/android8.1-r46/external/rk_tee_user/export-user_ta/lib/libmpa.a(mpa_primetest.o)
 .debug_macro   0x00000000000031fb       0xd4 /home/zengwei/work/rk3288-android8.1/android8.1-r46/external/rk_tee_user/export-user_ta/lib/libmpa.a(mpa_conv.o)
 .debug_macro   0x00000000000032cf       0xd4 /home/zengwei/work/rk3288-android8.1/android8.1-r46/external/rk_tee_user/export-user_ta/lib/libmpa.a(mpa_div.o)
 .debug_macro   0x00000000000033a3       0xd4 /home/zengwei/work/rk3288-android8.1/android8.1-r46/external/rk_tee_user/export-user_ta/lib/libmpa.a(mpa_gcd.o)
 .debug_macro   0x0000000000003477      0x102 /home/zengwei/work/rk3288-android8.1/android8.1-r46/external/rk_tee_user/export-user_ta/lib/libmpa.a(mpa_mem_static.o)
 .debug_macro   0x0000000000003579       0xd4 /home/zengwei/work/rk3288-android8.1/android8.1-r46/external/rk_tee_user/export-user_ta/lib/libmpa.a(mpa_mul.o)
 .debug_macro   0x000000000000364d       0xf9 /home/zengwei/work/rk3288-android8.1/android8.1-r46/external/rk_tee_user/export-user_ta/lib/libmpa.a(mpa_random.o)
 .debug_macro   0x0000000000003746      0x908 /home/zengwei/work/rk3288-android8.1/android8.1-r46/external/rk_tee_user/export-user_ta/lib/libmpa.a(mpa_random.o)
 .debug_macro   0x000000000000404e       0xd4 /home/zengwei/work/rk3288-android8.1/android8.1-r46/external/rk_tee_user/export-user_ta/lib/libmpa.a(mpa_shift.o)
 .debug_macro   0x0000000000004122       0xd4 /home/zengwei/work/rk3288-android8.1/android8.1-r46/external/rk_tee_user/export-user_ta/lib/libmpa.a(mpa_addsub.o)
 .debug_macro   0x00000000000041f6       0xd4 /home/zengwei/work/rk3288-android8.1/android8.1-r46/external/rk_tee_user/export-user_ta/lib/libmpa.a(mpa_cmp.o)
 .debug_macro   0x00000000000042ca       0xd4 /home/zengwei/work/rk3288-android8.1/android8.1-r46/external/rk_tee_user/export-user_ta/lib/libmpa.a(mpa_expmod.o)
 .debug_macro   0x000000000000439e       0xd4 /home/zengwei/work/rk3288-android8.1/android8.1-r46/external/rk_tee_user/export-user_ta/lib/libmpa.a(mpa_init.o)
 .debug_macro   0x0000000000004472       0xec /home/zengwei/work/rk3288-android8.1/android8.1-r46/external/rk_tee_user/export-user_ta/lib/libmpa.a(mpa_io.o)
 .debug_macro   0x000000000000455e       0xd4 /home/zengwei/work/rk3288-android8.1/android8.1-r46/external/rk_tee_user/export-user_ta/lib/libmpa.a(mpa_modulus.o)

.debug_line     0x0000000000000000     0x5f37
 .debug_line    0x0000000000000000      0x263 /home/zengwei/work/rk3288-android8.1/android8.1-r46/external/rk_tee_user/ta/testapp_storage/testapp_storage_ta.o
 .debug_line    0x0000000000000263      0x28b /home/zengwei/work/rk3288-android8.1/android8.1-r46/external/rk_tee_user/ta/testapp_storage/user_ta_header.o
 .debug_line    0x00000000000004ee      0x223 /home/zengwei/work/rk3288-android8.1/android8.1-r46/external/rk_tee_user/export-user_ta/lib/libutee.a(tee_api.o)
 .debug_line    0x0000000000000711      0x3be /home/zengwei/work/rk3288-android8.1/android8.1-r46/external/rk_tee_user/export-user_ta/lib/libutee.a(tee_api_objects.o)
 .debug_line    0x0000000000000acf       0xae /home/zengwei/work/rk3288-android8.1/android8.1-r46/external/rk_tee_user/export-user_ta/lib/libutee.a(tee_api_panic.o)
 .debug_line    0x0000000000000b7d      0x2b0 /home/zengwei/work/rk3288-android8.1/android8.1-r46/external/rk_tee_user/export-user_ta/lib/libutee.a(user_ta_entry.o)
 .debug_line    0x0000000000000e2d       0xa2 /home/zengwei/work/rk3288-android8.1/android8.1-r46/external/rk_tee_user/export-user_ta/lib/libutee.a(utee_syscalls_a32.o)
 .debug_line    0x0000000000000ecf      0x259 /home/zengwei/work/rk3288-android8.1/android8.1-r46/external/rk_tee_user/export-user_ta/lib/libutee.a(tee_user_mem.o)
 .debug_line    0x0000000000001128       0x93 /home/zengwei/work/rk3288-android8.1/android8.1-r46/external/rk_tee_user/export-user_ta/lib/libutee.a(assert.o)
 .debug_line    0x00000000000011bb      0x2b6 /home/zengwei/work/rk3288-android8.1/android8.1-r46/external/rk_tee_user/export-user_ta/lib/libutee.a(tee_api_arith.o)
 .debug_line    0x0000000000001471      0x130 /home/zengwei/work/rk3288-android8.1/android8.1-r46/external/rk_tee_user/export-user_ta/lib/libutee.a(utee_misc.o)
 .debug_line    0x00000000000015a1      0x17b /home/zengwei/work/rk3288-android8.1/android8.1-r46/external/rk_tee_user/export-user_ta/lib/libutee.a(trace_ext.o)
 .debug_line    0x000000000000171c      0x581 /home/zengwei/work/rk3288-android8.1/android8.1-r46/external/rk_tee_user/export-user_ta/lib/libutils.a(bget_malloc.o)
 .debug_line    0x0000000000001c9d      0x167 /home/zengwei/work/rk3288-android8.1/android8.1-r46/external/rk_tee_user/export-user_ta/lib/libutils.a(snprintf.o)
 .debug_line    0x0000000000001e04      0x170 /home/zengwei/work/rk3288-android8.1/android8.1-r46/external/rk_tee_user/export-user_ta/lib/libutils.a(memcmp.o)
 .debug_line    0x0000000000001f74      0x171 /home/zengwei/work/rk3288-android8.1/android8.1-r46/external/rk_tee_user/export-user_ta/lib/libutils.a(memcpy.o)
 .debug_line    0x00000000000020e5      0x18e /home/zengwei/work/rk3288-android8.1/android8.1-r46/external/rk_tee_user/export-user_ta/lib/libutils.a(memmove.o)
 .debug_line    0x0000000000002273      0x17d /home/zengwei/work/rk3288-android8.1/android8.1-r46/external/rk_tee_user/export-user_ta/lib/libutils.a(memset.o)
 .debug_line    0x00000000000023f0      0x16b /home/zengwei/work/rk3288-android8.1/android8.1-r46/external/rk_tee_user/export-user_ta/lib/libutils.a(strlen.o)
 .debug_line    0x000000000000255b      0x508 /home/zengwei/work/rk3288-android8.1/android8.1-r46/external/rk_tee_user/export-user_ta/lib/libutils.a(snprintk.o)
 .debug_line    0x0000000000002a63      0x1c2 /home/zengwei/work/rk3288-android8.1/android8.1-r46/external/rk_tee_user/export-user_ta/lib/libutils.a(strlcpy.o)
 .debug_line    0x0000000000002c25      0x241 /home/zengwei/work/rk3288-android8.1/android8.1-r46/external/rk_tee_user/export-user_ta/lib/libutils.a(trace.o)
 .debug_line    0x0000000000002e66      0x18c /home/zengwei/work/rk3288-android8.1/android8.1-r46/external/rk_tee_user/export-user_ta/lib/libutils.a(memchr.o)
 .debug_line    0x0000000000002ff2       0xdc /home/zengwei/work/rk3288-android8.1/android8.1-r46/external/rk_tee_user/export-user_ta/lib/libutils.a(arm32_aeabi_ldivmod.o)
 .debug_line    0x00000000000030ce      0x23c /home/zengwei/work/rk3288-android8.1/android8.1-r46/external/rk_tee_user/export-user_ta/lib/libmpa.a(mpa_misc.o)
 .debug_line    0x000000000000330a      0x2f3 /home/zengwei/work/rk3288-android8.1/android8.1-r46/external/rk_tee_user/export-user_ta/lib/libmpa.a(mpa_montgomery.o)
 .debug_line    0x00000000000035fd      0x2aa /home/zengwei/work/rk3288-android8.1/android8.1-r46/external/rk_tee_user/export-user_ta/lib/libmpa.a(mpa_primetest.o)
 .debug_line    0x00000000000038a7      0x268 /home/zengwei/work/rk3288-android8.1/android8.1-r46/external/rk_tee_user/export-user_ta/lib/libmpa.a(mpa_conv.o)
 .debug_line    0x0000000000003b0f      0x4a7 /home/zengwei/work/rk3288-android8.1/android8.1-r46/external/rk_tee_user/export-user_ta/lib/libmpa.a(mpa_div.o)
 .debug_line    0x0000000000003fb6      0x3e4 /home/zengwei/work/rk3288-android8.1/android8.1-r46/external/rk_tee_user/export-user_ta/lib/libmpa.a(mpa_gcd.o)
 .debug_line    0x000000000000439a      0x276 /home/zengwei/work/rk3288-android8.1/android8.1-r46/external/rk_tee_user/export-user_ta/lib/libmpa.a(mpa_mem_static.o)
 .debug_line    0x0000000000004610      0x2e7 /home/zengwei/work/rk3288-android8.1/android8.1-r46/external/rk_tee_user/export-user_ta/lib/libmpa.a(mpa_mul.o)
 .debug_line    0x00000000000048f7      0x285 /home/zengwei/work/rk3288-android8.1/android8.1-r46/external/rk_tee_user/export-user_ta/lib/libmpa.a(mpa_random.o)
 .debug_line    0x0000000000004b7c      0x2c5 /home/zengwei/work/rk3288-android8.1/android8.1-r46/external/rk_tee_user/export-user_ta/lib/libmpa.a(mpa_shift.o)
 .debug_line    0x0000000000004e41      0x3f2 /home/zengwei/work/rk3288-android8.1/android8.1-r46/external/rk_tee_user/export-user_ta/lib/libmpa.a(mpa_addsub.o)
 .debug_line    0x0000000000005233      0x2be /home/zengwei/work/rk3288-android8.1/android8.1-r46/external/rk_tee_user/export-user_ta/lib/libmpa.a(mpa_cmp.o)
 .debug_line    0x00000000000054f1      0x21b /home/zengwei/work/rk3288-android8.1/android8.1-r46/external/rk_tee_user/export-user_ta/lib/libmpa.a(mpa_expmod.o)
 .debug_line    0x000000000000570c      0x207 /home/zengwei/work/rk3288-android8.1/android8.1-r46/external/rk_tee_user/export-user_ta/lib/libmpa.a(mpa_init.o)
 .debug_line    0x0000000000005913      0x3fa /home/zengwei/work/rk3288-android8.1/android8.1-r46/external/rk_tee_user/export-user_ta/lib/libmpa.a(mpa_io.o)
 .debug_line    0x0000000000005d0d      0x22a /home/zengwei/work/rk3288-android8.1/android8.1-r46/external/rk_tee_user/export-user_ta/lib/libmpa.a(mpa_modulus.o)

.debug_str      0x0000000000000000     0xc275
 .debug_str     0x0000000000000000     0x6f0e /home/zengwei/work/rk3288-android8.1/android8.1-r46/external/rk_tee_user/ta/testapp_storage/testapp_storage_ta.o
                                       0x709f (size before relaxing)
 .debug_str     0x0000000000006f0e      0x5d2 /home/zengwei/work/rk3288-android8.1/android8.1-r46/external/rk_tee_user/ta/testapp_storage/user_ta_header.o
                                       0x7494 (size before relaxing)
 .debug_str     0x00000000000074e0      0x5c7 /home/zengwei/work/rk3288-android8.1/android8.1-r46/external/rk_tee_user/export-user_ta/lib/libutee.a(tee_api.o)
                                        0x750 (size before relaxing)
 .debug_str     0x0000000000007aa7      0x6d2 /home/zengwei/work/rk3288-android8.1/android8.1-r46/external/rk_tee_user/export-user_ta/lib/libutee.a(tee_api_objects.o)
                                        0x998 (size before relaxing)
 .debug_str     0x0000000000008179       0x31 /home/zengwei/work/rk3288-android8.1/android8.1-r46/external/rk_tee_user/export-user_ta/lib/libutee.a(tee_api_panic.o)
                                        0x20c (size before relaxing)
 .debug_str     0x00000000000081aa      0x1ec /home/zengwei/work/rk3288-android8.1/android8.1-r46/external/rk_tee_user/export-user_ta/lib/libutee.a(user_ta_entry.o)
                                        0x541 (size before relaxing)
 .debug_str     0x0000000000008396      0x188 /home/zengwei/work/rk3288-android8.1/android8.1-r46/external/rk_tee_user/export-user_ta/lib/libutee.a(tee_user_mem.o)
                                        0x42c (size before relaxing)
 .debug_str     0x000000000000851e       0x1f /home/zengwei/work/rk3288-android8.1/android8.1-r46/external/rk_tee_user/export-user_ta/lib/libutee.a(assert.o)
                                        0x215 (size before relaxing)
 .debug_str     0x000000000000853d      0x6bf /home/zengwei/work/rk3288-android8.1/android8.1-r46/external/rk_tee_user/export-user_ta/lib/libutee.a(tee_api_arith.o)
                                        0x940 (size before relaxing)
 .debug_str     0x0000000000008bfc       0x7d /home/zengwei/work/rk3288-android8.1/android8.1-r46/external/rk_tee_user/export-user_ta/lib/libutee.a(utee_misc.o)
                                        0x286 (size before relaxing)
 .debug_str     0x0000000000008c79       0x8c /home/zengwei/work/rk3288-android8.1/android8.1-r46/external/rk_tee_user/export-user_ta/lib/libutee.a(trace_ext.o)
                                        0x285 (size before relaxing)
 .debug_str     0x0000000000008d05     0x1625 /home/zengwei/work/rk3288-android8.1/android8.1-r46/external/rk_tee_user/export-user_ta/lib/libutils.a(bget_malloc.o)
                                       0x4605 (size before relaxing)
 .debug_str     0x000000000000a32a       0x2e /home/zengwei/work/rk3288-android8.1/android8.1-r46/external/rk_tee_user/export-user_ta/lib/libutils.a(snprintf.o)
                                       0x3079 (size before relaxing)
 .debug_str     0x000000000000a358      0x241 /home/zengwei/work/rk3288-android8.1/android8.1-r46/external/rk_tee_user/export-user_ta/lib/libutils.a(memcmp.o)
                                       0x311d (size before relaxing)