Archive member included because of file (symbol)

/home/zengwei/work/rk3288-android8.1/android8.1-r46/external/rk_tee_user/export-user_ta/lib/libutee.a(tee_api.o)
                              /home/zengwei/work/rk3288-android8.1/android8.1-r46/external/rk_tee_user/ta/testapp/testapp_ta.o (TEE_MemMove)
/home/zengwei/work/rk3288-android8.1/android8.1-r46/external/rk_tee_user/export-user_ta/lib/libutee.a(tee_api_panic.o)
                              /home/zengwei/work/rk3288-android8.1/android8.1-r46/external/rk_tee_user/export-user_ta/lib/libutee.a(tee_api.o) (__TEE_Panic)
/home/zengwei/work/rk3288-android8.1/android8.1-r46/external/rk_tee_user/export-user_ta/lib/libutee.a(user_ta_entry.o)
                              /home/zengwei/work/rk3288-android8.1/android8.1-r46/external/rk_tee_user/ta/testapp/user_ta_header.o (__utee_entry)
/home/zengwei/work/rk3288-android8.1/android8.1-r46/external/rk_tee_user/export-user_ta/lib/libutee.a(utee_syscalls_a32.o)
                              /home/zengwei/work/rk3288-android8.1/android8.1-r46/external/rk_tee_user/export-user_ta/lib/libutee.a(user_ta_entry.o) (utee_return)
/home/zengwei/work/rk3288-android8.1/android8.1-r46/external/rk_tee_user/export-user_ta/lib/libutee.a(tee_user_mem.o)
                              /home/zengwei/work/rk3288-android8.1/android8.1-r46/external/rk_tee_user/export-user_ta/lib/libutee.a(tee_api.o) (tee_user_mem_alloc)
/home/zengwei/work/rk3288-android8.1/android8.1-r46/external/rk_tee_user/export-user_ta/lib/libutee.a(assert.o)
                              /home/zengwei/work/rk3288-android8.1/android8.1-r46/external/rk_tee_user/export-user_ta/lib/libutee.a(tee_user_mem.o) (_assert_log)
/home/zengwei/work/rk3288-android8.1/android8.1-r46/external/rk_tee_user/export-user_ta/lib/libutee.a(tee_api_arith.o)
                              /home/zengwei/work/rk3288-android8.1/android8.1-r46/external/rk_tee_user/export-user_ta/lib/libutee.a(user_ta_entry.o) (_TEE_MathAPI_Init)
/home/zengwei/work/rk3288-android8.1/android8.1-r46/external/rk_tee_user/export-user_ta/lib/libutee.a(utee_misc.o)
                              /home/zengwei/work/rk3288-android8.1/android8.1-r46/external/rk_tee_user/export-user_ta/lib/libutee.a(tee_user_mem.o) (utee_malloc)
/home/zengwei/work/rk3288-android8.1/android8.1-r46/external/rk_tee_user/export-user_ta/lib/libutee.a(trace_ext.o)
                              /home/zengwei/work/rk3288-android8.1/android8.1-r46/external/rk_tee_user/export-user_ta/lib/libutee.a(tee_api_arith.o) (printf)
/home/zengwei/work/rk3288-android8.1/android8.1-r46/external/rk_tee_user/export-user_ta/lib/libutils.a(bget_malloc.o)
                              /home/zengwei/work/rk3288-android8.1/android8.1-r46/external/rk_tee_user/export-user_ta/lib/libutee.a(utee_misc.o) (malloc)
/home/zengwei/work/rk3288-android8.1/android8.1-r46/external/rk_tee_user/export-user_ta/lib/libutils.a(snprintf.o)
                              /home/zengwei/work/rk3288-android8.1/android8.1-r46/external/rk_tee_user/export-user_ta/lib/libutee.a(trace_ext.o) (vsnprintf)
/home/zengwei/work/rk3288-android8.1/android8.1-r46/external/rk_tee_user/export-user_ta/lib/libutils.a(memcmp.o)
                              /home/zengwei/work/rk3288-android8.1/android8.1-r46/external/rk_tee_user/export-user_ta/lib/libutee.a(tee_api.o) (memcmp)
/home/zengwei/work/rk3288-android8.1/android8.1-r46/external/rk_tee_user/export-user_ta/lib/libutils.a(memcpy.o)
                              /home/zengwei/work/rk3288-android8.1/android8.1-r46/external/rk_tee_user/export-user_ta/lib/libutee.a(tee_user_mem.o) (memcpy)
/home/zengwei/work/rk3288-android8.1/android8.1-r46/external/rk_tee_user/export-user_ta/lib/libutils.a(memmove.o)
                              /home/zengwei/work/rk3288-android8.1/android8.1-r46/external/rk_tee_user/export-user_ta/lib/libutee.a(tee_api.o) (memmove)
/home/zengwei/work/rk3288-android8.1/android8.1-r46/external/rk_tee_user/export-user_ta/lib/libutils.a(memset.o)
                              /home/zengwei/work/rk3288-android8.1/android8.1-r46/external/rk_tee_user/export-user_ta/lib/libutee.a(tee_api.o) (memset)
/home/zengwei/work/rk3288-android8.1/android8.1-r46/external/rk_tee_user/export-user_ta/lib/libutils.a(strlen.o)
                              /home/zengwei/work/rk3288-android8.1/android8.1-r46/external/rk_tee_user/export-user_ta/lib/libutee.a(trace_ext.o) (strlen)
/home/zengwei/work/rk3288-android8.1/android8.1-r46/external/rk_tee_user/export-user_ta/lib/libutils.a(snprintk.o)
                              /home/zengwei/work/rk3288-android8.1/android8.1-r46/external/rk_tee_user/export-user_ta/lib/libutils.a(snprintf.o) (__vsnprintf)
/home/zengwei/work/rk3288-android8.1/android8.1-r46/external/rk_tee_user/export-user_ta/lib/libutils.a(strlcpy.o)
                              /home/zengwei/work/rk3288-android8.1/android8.1-r46/external/rk_tee_user/export-user_ta/lib/libutee.a(trace_ext.o) (strlcpy)
[...]
Memory Configuration

Name             Origin             Length             Attributes
*default*        0x0000000000000000 0xffffffffffffffff

Linker script and memory map


.ta_head        0x0000000000000000       0x20
 *(SORT(.ta_head))
 .ta_head       0x0000000000000000       0x20 /home/zengwei/work/rk3288-android8.1/android8.1-r46/external/rk_tee_user/ta/testapp/user_ta_header.o
                0x0000000000000000                ta_head

.text           0x0000000000000020     0x8888
 *(SORT(.text) SORT(.text.*))
 .text          0x0000000000000020      0x1b0 /home/zengwei/work/rk3288-android8.1/android8.1-r46/external/rk_tee_user/ta/testapp/testapp_ta.o
                0x0000000000000020                TA_CreateEntryPoint
                0x0000000000000034                TA_DestroyEntryPoint
                0x0000000000000044                TA_OpenSessionEntryPoint
                0x0000000000000090                TA_CloseSessionEntryPoint
                0x00000000000000c0                TA_InvokeCommandEntryPoint
 .text          0x00000000000001d0       0x14 /home/zengwei/work/rk3288-android8.1/android8.1-r46/external/rk_tee_user/ta/testapp/user_ta_header.o
                0x00000000000001d0                tahead_get_trace_level
 .text          0x00000000000001e4      0x3f0 /home/zengwei/work/rk3288-android8.1/android8.1-r46/external/rk_tee_user/export-user_ta/lib/libutee.a(tee_api.o)
                0x00000000000001e4                __utee_from_param
                0x0000000000000234                __utee_to_param
                0x0000000000000274                TEE_OpenTASession
                0x00000000000002b8                TEE_CloseTASession
                0x00000000000002f4                TEE_InvokeTACommand
                0x0000000000000378                TEE_GetCancellationFlag
                0x0000000000000394                TEE_UnmaskCancellation
                0x00000000000003d4                TEE_MaskCancellation
                0x0000000000000414                TEE_CheckMemoryAccessRights
                0x000000000000041e                TEE_SetInstanceData
                0x000000000000042c                TEE_GetInstanceData
                0x0000000000000438                TEE_MemMove
                0x000000000000043c                TEE_MemCompare
                0x0000000000000440                TEE_MemFill
                0x0000000000000444                TEE_GetSystemTime
                0x0000000000000484                TEE_Wait
                0x00000000000004c8                TEE_GetTAPersistentTime
                0x0000000000000528                TEE_SetTAPersistentTime
                0x0000000000000574                TEE_GetREETime
                0x00000000000005b4                TEE_Malloc
                0x00000000000005b8                TEE_Realloc
                0x00000000000005bc                TEE_Free
                0x00000000000005c0                TEE_CacheClean
                0x00000000000005c6                TEE_CacheFlush
                0x00000000000005cc                TEE_CacheInvalidate
 .text          0x00000000000005d4      0x244 /home/zengwei/work/rk3288-android8.1/android8.1-r46/external/rk_tee_user/export-user_ta/lib/libutee.a(user_ta_entry.o)
                0x0000000000000654                __utee_entry
 .text          0x0000000000000818      0x624 /home/zengwei/work/rk3288-android8.1/android8.1-r46/external/rk_tee_user/export-user_ta/lib/libutee.a(utee_syscalls_a32.o)
                0x0000000000000818                utee_return
                0x000000000000082c                utee_log
                0x0000000000000840                utee_panic
                0x0000000000000854                utee_dummy
                0x0000000000000868                utee_dummy_7args
                0x0000000000000880                utee_nocall
                0x0000000000000894                utee_open_ta_session
                0x00000000000008ac                utee_close_ta_session
                0x00000000000008c0                utee_invoke_ta_command
                0x00000000000008d8                utee_get_cancellation_flag
                0x00000000000008ec                utee_check_access_rights
                0x0000000000000900                utee_unmask_cancellation
                0x0000000000000914                utee_mask_cancellation
                0x0000000000000928                utee_wait
                0x000000000000093c                utee_get_time
                0x0000000000000950                utee_set_ta_time
                0x0000000000000964                utee_cryp_state_alloc
                0x000000000000097c                utee_cryp_state_copy
                0x0000000000000990                utee_cryp_state_free
                0x00000000000009a4                utee_hash_init
                0x00000000000009b8                utee_hash_update
                0x00000000000009cc                utee_hash_final
                0x00000000000009e4                utee_cipher_init
                0x00000000000009f8                utee_cipher_update
                0x0000000000000a10                utee_cipher_final
                0x0000000000000a28                utee_cryp_obj_get_info
                0x0000000000000a3c                utee_cryp_obj_restrict_usage
                0x0000000000000a50                utee_cryp_obj_get_attr
                0x0000000000000a64                utee_cryp_obj_alloc
                0x0000000000000a78                utee_cryp_obj_close
                0x0000000000000a8c                utee_cryp_obj_reset
                0x0000000000000aa0                utee_cryp_obj_populate
                0x0000000000000ab4                utee_cryp_obj_copy
                0x0000000000000ac8                utee_cryp_derive_key
                0x0000000000000adc                utee_cryp_random_number_generate
                0x0000000000000af0                utee_authenc_init
                0x0000000000000b08                utee_authenc_update_aad
                0x0000000000000b1c                utee_authenc_update_payload
                0x0000000000000b34                utee_authenc_enc_final
                0x0000000000000b4c                utee_authenc_dec_final
                0x0000000000000b64                utee_asymm_operate
                0x0000000000000b7c                utee_asymm_verify
                0x0000000000000b94                utee_storage_obj_open
                0x0000000000000bac                utee_storage_obj_create
                0x0000000000000bc4                utee_storage_obj_del
                0x0000000000000bd8                utee_storage_obj_rename
                0x0000000000000bec                utee_storage_alloc_enum
                0x0000000000000c00                utee_storage_free_enum
                0x0000000000000c14                utee_storage_reset_enum
                0x0000000000000c28                utee_storage_start_enum
                0x0000000000000c3c                utee_storage_next_enum
                0x0000000000000c50                utee_storage_obj_read
                0x0000000000000c64                utee_storage_obj_write
                0x0000000000000c78                utee_storage_obj_trunc
                0x0000000000000c8c                utee_storage_obj_seek
                0x0000000000000ca0                utee_cryp_obj_generate_key
                0x0000000000000cb4                utee_se_service_open
                0x0000000000000cc8                utee_se_service_close
                0x0000000000000cdc                utee_se_service_get_readers
                0x0000000000000cf0                utee_se_reader_get_prop
                0x0000000000000d04                utee_se_reader_get_name
                0x0000000000000d18                utee_se_reader_open_session
                0x0000000000000d2c                utee_se_reader_close_sessions
                0x0000000000000d40                utee_se_session_is_closed
                0x0000000000000d54                utee_se_session_get_atr
                0x0000000000000d68                utee_se_session_open_channel
                0x0000000000000d80                utee_se_session_close
                0x0000000000000d94                utee_se_channel_select_next
                0x0000000000000da8                utee_se_channel_get_select_resp
                0x0000000000000dbc                utee_se_channel_transmit
                0x0000000000000dd4                utee_se_channel_close
                0x0000000000000de8                utee_cache_operation
                0x0000000000000dfc                utee_get_property
                0x0000000000000e14                utee_get_property_name_to_index
                0x0000000000000e28                utee_cryp_random_number_add_entropy
 .text          0x0000000000000e3c      0x3bc /home/zengwei/work/rk3288-android8.1/android8.1-r46/external/rk_tee_user/export-user_ta/lib/libutee.a(tee_user_mem.o)
                0x0000000000000f20                tee_user_mem_alloc
                0x0000000000000fe8                tee_user_mem_free
                0x00000000000010c8                tee_user_mem_realloc
                0x0000000000001130                tee_user_mem_mark_heap
                0x0000000000001140                tee_user_mem_check_heap
                0x00000000000011b0                tee_user_mem_garbage
 .text          0x00000000000011f8       0x38 /home/zengwei/work/rk3288-android8.1/android8.1-r46/external/rk_tee_user/export-user_ta/lib/libutee.a(assert.o)
                0x00000000000011f8                _assert_log
                0x0000000000001224                _assert_break
 .text          0x0000000000001230      0x480 /home/zengwei/work/rk3288-android8.1/android8.1-r46/external/rk_tee_user/export-user_ta/lib/libutee.a(tee_api_arith.o)
                0x0000000000001230                _TEE_MathAPI_Init
                0x0000000000001264                TEE_BigIntInit
                0x0000000000001268                TEE_BigIntInitFMM
                0x0000000000001276                TEE_BigIntInitFMMContext
                0x000000000000129c                TEE_BigIntFMMSizeInU32
                0x00000000000012a4                TEE_BigIntFMMContextSizeInU32
                0x00000000000012ae                TEE_BigIntConvertFromOctetString
                0x00000000000012c4                TEE_BigIntConvertToOctetString
                0x000000000000131c                TEE_BigIntConvertFromS32
                0x0000000000001320                TEE_BigIntConvertToS32
                0x0000000000001334                TEE_BigIntCmp
                0x0000000000001338                TEE_BigIntCmpS32
                0x000000000000133c                TEE_BigIntShiftRight
                0x0000000000001340                TEE_BigIntGetBit
                0x000000000000134e                TEE_BigIntGetBitCount
                0x0000000000001358                TEE_BigIntAdd
                0x0000000000001364                TEE_BigIntSub
                0x0000000000001370                TEE_BigIntNeg
                0x0000000000001374                TEE_BigIntMul
                0x0000000000001380                TEE_BigIntSquare
                0x0000000000001390                TEE_BigIntDiv
                0x00000000000013cc                TEE_BigIntMod
                0x0000000000001424                TEE_BigIntAddMod
                0x0000000000001484                TEE_BigIntSubMod
                0x00000000000014e4                TEE_BigIntMulMod
                0x0000000000001560                TEE_BigIntSquareMod
                0x0000000000001568                TEE_BigIntInvMod
                0x00000000000015ac                TEE_BigIntRelativePrime
                0x00000000000015ec                TEE_BigIntComputeExtendedGcd
                0x0000000000001604                TEE_BigIntIsProbablePrime
                0x0000000000001624                TEE_BigIntConvertToFMM
                0x0000000000001644                TEE_BigIntConvertFromFMM
                0x0000000000001694                TEE_BigIntComputeFMM
 .text.unlikely
                0x00000000000016b0       0x3c /home/zengwei/work/rk3288-android8.1/android8.1-r46/external/rk_tee_user/export-user_ta/lib/libutee.a(tee_api_arith.o)
 .text          0x00000000000016ec       0xac /home/zengwei/work/rk3288-android8.1/android8.1-r46/external/rk_tee_user/export-user_ta/lib/libutee.a(trace_ext.o)
                0x00000000000016ec                trace_ext_puts
                0x0000000000001700                trace_ext_get_thread_id
                0x0000000000001706                puts
                0x000000000000171c                printf
 .text          0x0000000000001798     0x14f8 /home/zengwei/work/rk3288-android8.1/android8.1-r46/external/rk_tee_user/export-user_ta/lib/libutils.a(bget_malloc.o)
                0x0000000000001798                bget
                0x00000000000019b8                bgetz
                0x0000000000001a38                bgetr
                0x0000000000001ac0                brel
                0x0000000000001dcc                bpool
                0x0000000000001edc                bstats
                0x0000000000001ff8                malloc_reset_max_allocated
                0x0000000000002018                malloc_get_max_allocated
                0x0000000000002040                malloc_get_allocated
                0x0000000000002068                malloc_get_heap_size
                0x0000000000002930                malloc
                0x0000000000002958                free
                0x0000000000002978                calloc
                0x00000000000029c8                realloc
                0x00000000000029f0                memalign
                0x0000000000002a40                malloc_add_pool
                0x0000000000002b54                malloc_buffer_is_within_alloced
                0x0000000000002be8                malloc_buffer_overlaps_heap
 .text          0x0000000000002c90       0x64 /home/zengwei/work/rk3288-android8.1/android8.1-r46/external/rk_tee_user/export-user_ta/lib/libutils.a(snprintf.o)
                0x0000000000002c90                snprintf
                0x0000000000002cc8                vsnprintf
 .text          0x0000000000002cf4       0xa4 /home/zengwei/work/rk3288-android8.1/android8.1-r46/external/rk_tee_user/export-user_ta/lib/libutils.a(memcmp.o)
                0x0000000000002cf4                memcmp
 .text          0x0000000000002d98       0xd0 /home/zengwei/work/rk3288-android8.1/android8.1-r46/external/rk_tee_user/export-user_ta/lib/libutils.a(memcpy.o)
                0x0000000000002d98                memcpy
 .text          0x0000000000002e68      0x118 /home/zengwei/work/rk3288-android8.1/android8.1-r46/external/rk_tee_user/export-user_ta/lib/libutils.a(memmove.o)
                0x0000000000002e68                memmove
 .text          0x0000000000002f80       0xf8 /home/zengwei/work/rk3288-android8.1/android8.1-r46/external/rk_tee_user/export-user_ta/lib/libutils.a(memset.o)
                0x0000000000002f80                memset
 .text          0x0000000000003078       0x7c /home/zengwei/work/rk3288-android8.1/android8.1-r46/external/rk_tee_user/export-user_ta/lib/libutils.a(strlen.o)
                0x0000000000003078                strlen
 .text          0x00000000000030f4      0xe1c /home/zengwei/work/rk3288-android8.1/android8.1-r46/external/rk_tee_user/export-user_ta/lib/libutils.a(snprintk.o)
                0x00000000000030f4                snprintk
                0x0000000000003128                vsnprintk
                0x0000000000003154                __vsnprintf
 .text          0x0000000000003f10       0x70 /home/zengwei/work/rk3288-android8.1/android8.1-r46/external/rk_tee_user/export-user_ta/lib/libutils.a(strlcpy.o)
                0x0000000000003f10                strlcpy
 .text          0x0000000000003f80      0x26c /home/zengwei/work/rk3288-android8.1/android8.1-r46/external/rk_tee_user/export-user_ta/lib/libutils.a(trace.o)
                0x0000000000003f80                trace_set_level
                0x0000000000003fc4                trace_get_level
                0x000000000000403c                trace_printf
                0x00000000000041d0                dhex_dump
 .text          0x00000000000041ec       0xec /home/zengwei/work/rk3288-android8.1/android8.1-r46/external/rk_tee_user/export-user_ta/lib/libutils.a(memchr.o)
                0x00000000000041ec                memchr
 .text          0x00000000000042d8       0x30 /home/zengwei/work/rk3288-android8.1/android8.1-r46/external/rk_tee_user/export-user_ta/lib/libutils.a(arm32_aeabi_ldivmod_a32.o)
                0x00000000000042d8                __aeabi_ldivmod
                0x00000000000042f0                __aeabi_uldivmod
 .text          0x0000000000004308      0x2a8 /home/zengwei/work/rk3288-android8.1/android8.1-r46/external/rk_tee_user/export-user_ta/lib/libutils.a(arm32_aeabi_ldivmod.o)
                0x0000000000004450                __ul_divmod
                0x00000000000044c4                __l_divmod
 .text          0x00000000000045b0      0x21c /home/zengwei/work/rk3288-android8.1/android8.1-r46/external/rk_tee_user/export-user_ta/lib/libmpa.a(mpa_misc.o)
                0x00000000000045b0                __mpa_set_unused_digits_to_zero
                0x00000000000045ec                mpa_wipe
                0x0000000000004618                mpa_copy
                0x0000000000004660                mpa_abs
                0x000000000000468c                mpa_highest_bit_index
                0x00000000000046fc                mpa_get_bit
                0x000000000000475c                mpa_can_hold
                0x000000000000478c                mpa_parity
                0x00000000000047b4                mpa_constant_one
 .text          0x00000000000047cc      0x494 /home/zengwei/work/rk3288-android8.1/android8.1-r46/external/rk_tee_user/export-user_ta/lib/libmpa.a(mpa_montgomery.o)
                0x00000000000047cc                __mpa_montgomery_mul_add
                0x00000000000048ec                __mpa_montgomery_sub_ack
                0x00000000000049f0                __mpa_montgomery_mul
                0x0000000000004afc                mpa_compute_fmm_context
                0x0000000000004c14                mpa_montgomery_mul
 .text          0x0000000000004c60      0x404 /home/zengwei/work/rk3288-android8.1/android8.1-r46/external/rk_tee_user/export-user_ta/lib/libmpa.a(mpa_primetest.o)
                0x0000000000004c60                mpa_is_prob_prime
 .text          0x0000000000005064      0x134 /home/zengwei/work/rk3288-android8.1/android8.1-r46/external/rk_tee_user/export-user_ta/lib/libmpa.a(mpa_conv.o)
                0x0000000000005064                mpa_set_S32
                0x00000000000050a8                mpa_get_S32
                0x0000000000005138                mpa_set_word
                0x0000000000005168                mpa_get_word
 .text          0x0000000000005198      0x9b4 /home/zengwei/work/rk3288-android8.1/android8.1-r46/external/rk_tee_user/export-user_ta/lib/libmpa.a(mpa_div.o)
                0x0000000000005270                __mpa_div_dword
                0x000000000000583c                __mpa_div_q_r_internal_word
                0x0000000000005950                __mpa_div_q_r
                0x0000000000005a7c                mpa_div
 .text          0x0000000000005b4c      0x7b0 /home/zengwei/work/rk3288-android8.1/android8.1-r46/external/rk_tee_user/export-user_ta/lib/libmpa.a(mpa_gcd.o)
                0x0000000000006068                mpa_gcd
                0x0000000000006140                mpa_extended_gcd
 .text          0x00000000000062fc      0x22c /home/zengwei/work/rk3288-android8.1/android8.1-r46/external/rk_tee_user/export-user_ta/lib/libmpa.a(mpa_mem_static.o)
                0x00000000000062fc                mpa_init_scratch_mem_sync
                0x000000000000633c                mpa_init_scratch_mem
                0x0000000000006364                mpa_alloc_static_temp_var_size
                0x000000000000647c                mpa_alloc_static_temp_var
                0x00000000000064a0                mpa_free_static_temp_var
 .text          0x0000000000006528      0x3d0 /home/zengwei/work/rk3288-android8.1/android8.1-r46/external/rk_tee_user/export-user_ta/lib/libmpa.a(mpa_mul.o)
                0x0000000000006528                __mpa_mul_add_word
                0x000000000000659c                __mpa_mul_add_word_cum
                0x0000000000006620                __mpa_abs_mul_word
                0x00000000000066b8                __mpa_abs_mul
                0x000000000000679c                mpa_mul
                0x0000000000006854                mpa_mul_word
 .text          0x00000000000068f8      0x164 /home/zengwei/work/rk3288-android8.1/android8.1-r46/external/rk_tee_user/export-user_ta/lib/libmpa.a(mpa_random.o)
                0x00000000000068f8                mpa_set_random_generator
                0x0000000000006948                mpa_get_random
 .text          0x0000000000006a5c      0x4bc /home/zengwei/work/rk3288-android8.1/android8.1-r46/external/rk_tee_user/export-user_ta/lib/libmpa.a(mpa_shift.o)
                0x0000000000006a5c                __mpa_shift_words_left
                0x0000000000006afc                __mpa_shift_words_right
                0x0000000000006ba0                mpa_shift_left
                0x0000000000006d78                mpa_shift_right
 .text          0x0000000000006f18      0xa04 /home/zengwei/work/rk3288-android8.1/android8.1-r46/external/rk_tee_user/export-user_ta/lib/libmpa.a(mpa_addsub.o)
                0x0000000000006f18                __mpa_full_adder
                0x0000000000006f7c                __mpa_full_sub
                0x0000000000006fe0                __mpa_full_adder_ackum
                0x0000000000007044                __mpa_abs_add
                0x0000000000007148                __mpa_abs_add_ackum
                0x0000000000007208                __mpa_abs_sub
                0x00000000000072e8                mpa_add
                0x00000000000074a8                mpa_sub
                0x000000000000768c                mpa_neg
                0x00000000000076b0                mpa_add_word
                0x00000000000077e4                mpa_sub_word
 .text          0x000000000000791c      0x24c /home/zengwei/work/rk3288-android8.1/android8.1-r46/external/rk_tee_user/export-user_ta/lib/libmpa.a(mpa_cmp.o)
                0x000000000000791c                __mpa_abs_cmp
                0x0000000000007a00                __mpa_abs_greater_than
                0x0000000000007a28                __mpa_abs_less_than
                0x0000000000007a4c                mpa_cmp
                0x0000000000007acc                mpa_cmp_short
 .text          0x0000000000007b68      0x134 /home/zengwei/work/rk3288-android8.1/android8.1-r46/external/rk_tee_user/export-user_ta/lib/libmpa.a(mpa_expmod.o)
                0x0000000000007b68                mpa_exp_mod
 .text          0x0000000000007c9c       0xbc /home/zengwei/work/rk3288-android8.1/android8.1-r46/external/rk_tee_user/export-user_ta/lib/libmpa.a(mpa_init.o)
                0x0000000000007c9c                mpa_init_static
                0x0000000000007cd8                mpa_init_static_fmm_context
 .text          0x0000000000007d58      0x8fc /home/zengwei/work/rk3288-android8.1/android8.1-r46/external/rk_tee_user/export-user_ta/lib/libmpa.a(mpa_io.o)
                0x00000000000080b4                mpa_get_str_size
                0x00000000000080c8                mpa_set_str
                0x0000000000008374                mpa_get_str
                0x000000000000844c                mpa_set_oct_str
                0x0000000000008554                mpa_get_oct_str
 .text          0x0000000000008654      0x1e8 /home/zengwei/work/rk3288-android8.1/android8.1-r46/external/rk_tee_user/export-user_ta/lib/libmpa.a(mpa_modulus.o)
                0x0000000000008654                mpa_mod
                0x000000000000867c                mpa_add_mod
                0x00000000000086c8                mpa_sub_mod
                0x0000000000008714                mpa_mul_mod
                0x0000000000008760                mpa_inv_mod
 .text          0x000000000000883c        0xc /home/zengwei/work/rk3288-android8.1/android8.1-r46/external/rk_tee_user/export-user_ta/lib/libutee.a(tee_api_panic.o)
                0x000000000000883c                __TEE_Panic
                0x0000000000008842                TEE_Panic
 .text          0x0000000000008848       0x1e /home/zengwei/work/rk3288-android8.1/android8.1-r46/external/rk_tee_user/export-user_ta/lib/libutee.a(utee_misc.o)
                0x0000000000008848                utee_get_ta_exec_id
                0x000000000000884c                utee_malloc
                0x0000000000008850                utee_realloc
                0x0000000000008854                utee_calloc
                0x000000000000885e                utee_free
                0x0000000000008862                get_rng_array
 *fill*         0x0000000000008866        0x2 
 .text.__stub   0x0000000000008868       0x40 linker stubs
 *(SORT(.stub))
 *(SORT(.glue_7))
 .glue_7        0x0000000000000000        0x0 linker stubs
 *(SORT(.glue_7t))
 .glue_7t       0x0000000000000000        0x0 linker stubs
 *(SORT(.gnu.linkonce.t.*))
 *(SORT(.vfp11_veneer))
 .vfp11_veneer  0x0000000000000000        0x0 linker stubs

.v4_bx          0x00000000000088a8        0x0
 .v4_bx         0x0000000000000000        0x0 linker stubs

.iplt           0x00000000000088a8        0x0
 .iplt          0x0000000000000000        0x0 /home/zengwei/work/rk3288-android8.1/android8.1-r46/external/rk_tee_user/ta/testapp/testapp_ta.o

.eh_frame
 *(SORT(.eh_frame))

.rodata         0x00000000000088a8     0x1737
 *(SORT(.gnu.linkonce.r.*))
 *(SORT(.rodata) SORT(.rodata.*))
 .rodata.testapp_ta.c
                0x00000000000088a8       0xd8 /home/zengwei/work/rk3288-android8.1/android8.1-r46/external/rk_tee_user/ta/testapp/testapp_ta.o
 .rodata.user_ta_header.c
                0x0000000000008980       0xd8 /home/zengwei/work/rk3288-android8.1/android8.1-r46/external/rk_tee_user/ta/testapp/user_ta_header.o
                0x0000000000008980                trace_ext_prefix
                0x0000000000008988                ta_heap_size
                0x0000000000008a54                ta_num_props
 .rodata.lib/libutils/isoc/bget_malloc.c
                0x0000000000008a58      0x404 /home/zengwei/work/rk3288-android8.1/android8.1-r46/external/rk_tee_user/export-user_ta/lib/libutils.a(bget_malloc.o)
 .rodata.lib/libutils/ext/snprintk.c
                0x0000000000008e5c       0x7c /home/zengwei/work/rk3288-android8.1/android8.1-r46/external/rk_tee_user/export-user_ta/lib/libutils.a(snprintk.o)
 .rodata.lib/libutils/ext/trace.c
                0x0000000000008ed8       0x40 /home/zengwei/work/rk3288-android8.1/android8.1-r46/external/rk_tee_user/export-user_ta/lib/libutils.a(trace.o)
 .rodata.lib/libmpa/mpa_misc.c
                0x0000000000008f18       0x28 /home/zengwei/work/rk3288-android8.1/android8.1-r46/external/rk_tee_user/export-user_ta/lib/libmpa.a(mpa_misc.o)
                0x0000000000008f18                const_largest_deci_base
                0x0000000000008f24                Const_1_LShift_Base
                0x0000000000008f34                const_one
 .rodata.lib/libmpa/mpa_primetest.c
                0x0000000000008f40      0xd30 /home/zengwei/work/rk3288-android8.1/android8.1-r46/external/rk_tee_user/export-user_ta/lib/libmpa.a(mpa_primetest.o)
                0x0000000000008f40                MAX_TABULATED_PRIME
                0x0000000000008f44                NR_STORED_PRIMES
                0x0000000000008f48                PRIME_TABLE
 .rodata.lib/libmpa/mpa_io.c
                0x0000000000009c70       0x88 /home/zengwei/work/rk3288-android8.1/android8.1-r46/external/rk_tee_user/export-user_ta/lib/libmpa.a(mpa_io.o)
 .rodata.lib/libutee/tee_api.c
                0x0000000000009cf8       0xad /home/zengwei/work/rk3288-android8.1/android8.1-r46/external/rk_tee_user/export-user_ta/lib/libutee.a(tee_api.o)
 .rodata.str1.1.lib/libutee/tee_api.c
                0x0000000000009da5        0xb /home/zengwei/work/rk3288-android8.1/android8.1-r46/external/rk_tee_user/export-user_ta/lib/libutee.a(tee_api.o)
 .rodata.lib/libutee/arch/arm/user_ta_entry.c
                0x0000000000009db0        0xd /home/zengwei/work/rk3288-android8.1/android8.1-r46/external/rk_tee_user/export-user_ta/lib/libutee.a(user_ta_entry.o)
 .rodata.str1.1.lib/libutee/arch/arm/user_ta_entry.c
                0x0000000000000000        0xb /home/zengwei/work/rk3288-android8.1/android8.1-r46/external/rk_tee_user/export-user_ta/lib/libutee.a(user_ta_entry.o)
 .rodata.lib/libutee/tee_user_mem.c
                0x0000000000009dbd       0x6b /home/zengwei/work/rk3288-android8.1/android8.1-r46/external/rk_tee_user/export-user_ta/lib/libutee.a(tee_user_mem.o)
 .rodata.str1.1.lib/libutee/tee_user_mem.c
                0x0000000000009e28       0xe1 /home/zengwei/work/rk3288-android8.1/android8.1-r46/external/rk_tee_user/export-user_ta/lib/libutee.a(tee_user_mem.o)
                                         0xe4 (size before relaxing)
 .rodata.lib/libutee/assert.c
                0x0000000000009f09        0xc /home/zengwei/work/rk3288-android8.1/android8.1-r46/external/rk_tee_user/export-user_ta/lib/libutee.a(assert.o)
 .rodata.str1.1.lib/libutee/assert.c
                0x0000000000009f15       0x1f /home/zengwei/work/rk3288-android8.1/android8.1-r46/external/rk_tee_user/export-user_ta/lib/libutee.a(assert.o)
 .rodata.lib/libutee/tee_api_arith.c
                0x0000000000009f34       0x30 /home/zengwei/work/rk3288-android8.1/android8.1-r46/external/rk_tee_user/export-user_ta/lib/libutee.a(tee_api_arith.o)
 .rodata.str1.1.lib/libutee/tee_api_arith.c
                0x0000000000009f64       0x5b /home/zengwei/work/rk3288-android8.1/android8.1-r46/external/rk_tee_user/export-user_ta/lib/libutee.a(tee_api_arith.o)
                                         0x66 (size before relaxing)
 .rodata.lib/libutee/trace_ext.c
                0x0000000000009fbf       0x1b /home/zengwei/work/rk3288-android8.1/android8.1-r46/external/rk_tee_user/export-user_ta/lib/libutee.a(trace_ext.o)
 .rodata.str1.1.lib/libutee/trace_ext.c
                0x0000000000009fda        0x5 /home/zengwei/work/rk3288-android8.1/android8.1-r46/external/rk_tee_user/export-user_ta/lib/libutee.a(trace_ext.o)

.gnu.version_d  0x0000000000009fe0        0x0
 .gnu.version_d
                0x0000000000000000        0x0 /home/zengwei/work/rk3288-android8.1/android8.1-r46/external/rk_tee_user/ta/testapp/testapp_ta.o

.gnu.version    0x0000000000009fe0        0x0
 .gnu.version   0x0000000000000000        0x0 /home/zengwei/work/rk3288-android8.1/android8.1-r46/external/rk_tee_user/ta/testapp/testapp_ta.o

.gnu.version_r  0x0000000000009fe0        0x0
 .gnu.version_r
                0x0000000000000000        0x0 /home/zengwei/work/rk3288-android8.1/android8.1-r46/external/rk_tee_user/ta/testapp/testapp_ta.o

.ARM.exidx
 *(SORT(.ARM.exidx*) SORT(.gnu.linkonce.armexidx.*))

.ctors
 *(SORT(.ctors))

.dtors
 *(SORT(.dtors))

.plt            0x0000000000009fe0        0x0
 *(SORT(.plt))
 .plt           0x0000000000000000        0x0 /home/zengwei/work/rk3288-android8.1/android8.1-r46/external/rk_tee_user/ta/testapp/testapp_ta.o

.got            0x0000000000009fe0       0x28
 *(SORT(.got.plt))
 .got.plt       0x0000000000009fe0        0xc /home/zengwei/work/rk3288-android8.1/android8.1-r46/external/rk_tee_user/ta/testapp/testapp_ta.o
                0x0000000000009fe0                _GLOBAL_OFFSET_TABLE_
 *(SORT(.got))
 .got           0x0000000000009fec       0x1c /home/zengwei/work/rk3288-android8.1/android8.1-r46/external/rk_tee_user/ta/testapp/testapp_ta.o

.rel.text       0x000000000000a008        0x0
 *(SORT(.rel.text))
 .rel.text      0x0000000000000000        0x0 /home/zengwei/work/rk3288-android8.1/android8.1-r46/external/rk_tee_user/ta/testapp/testapp_ta.o
 *(SORT(.rel.gnu.linkonce.t*))

.rela.text
 *(SORT(.rela.text))
 *(SORT(.rela.gnu.linkonce.t*))

.rel.data
 *(SORT(.rel.data))
 *(SORT(.rel.gnu.linkonce.d*))

.rela.data
 *(SORT(.rela.data))
 *(SORT(.rela.gnu.linkonce.d*))

.rel.rodata
 *(SORT(.rel.rodata))
 *(SORT(.rel.gnu.linkonce.r*))

.rela.rodata
 *(SORT(.rela.rodata))
 *(SORT(.rela.gnu.linkonce.r*))

.rel.dyn        0x000000000000a008       0x98
 *(SORT(.rel.dyn))
 .rel.iplt      0x0000000000000000        0x0 /home/zengwei/work/rk3288-android8.1/android8.1-r46/external/rk_tee_user/ta/testapp/testapp_ta.o
 .rel.ta_head   0x000000000000a008        0x8 /home/zengwei/work/rk3288-android8.1/android8.1-r46/external/rk_tee_user/ta/testapp/testapp_ta.o
 .rel.data.rel.ro.local
                0x000000000000a010       0x70 /home/zengwei/work/rk3288-android8.1/android8.1-r46/external/rk_tee_user/ta/testapp/testapp_ta.o
 .rel.data.rel.local
                0x000000000000a080       0x20 /home/zengwei/work/rk3288-android8.1/android8.1-r46/external/rk_tee_user/ta/testapp/testapp_ta.o

.rel.got        0x000000000000a0a0       0x38
 *(SORT(.rel.got))
 .rel.got       0x000000000000a0a0       0x38 /home/zengwei/work/rk3288-android8.1/android8.1-r46/external/rk_tee_user/ta/testapp/testapp_ta.o

.rela.got
 *(SORT(.rela.got))

.rel.ctors
 *(SORT(.rel.ctors))

.rela.ctors
 *(SORT(.rela.ctors))

.rel.dtors
 *(SORT(.rel.dtors))

.rela.dtors
 *(SORT(.rela.dtors))

.rel.init
 *(SORT(.rel.init))

.rela.init
 *(SORT(.rela.init))

.rel.fini
 *(SORT(.rel.fini))

.rela.fini
 *(SORT(.rela.fini))

.rel.bss
 *(SORT(.rel.bss))

.rela.bss
 *(SORT(.rela.bss))

.rel.plt        0x000000000000a0d8        0x0
 *(SORT(.rel.plt))
 .rel.plt       0x0000000000000000        0x0 /home/zengwei/work/rk3288-android8.1/android8.1-r46/external/rk_tee_user/ta/testapp/testapp_ta.o

.rela.plt
 *(SORT(.rela.plt))
                0x000000000000b000                . = ALIGN (0x1000)

.data           0x000000000000b000       0xa4
 *(SORT(.data) SORT(.data.*) SORT(.gnu.linkonce.d.*))
 .data          0x000000000000b000       0x2c /home/zengwei/work/rk3288-android8.1/android8.1-r46/external/rk_tee_user/ta/testapp/testapp_ta.o
                0x000000000000b000                str
                0x000000000000b010                output
 .data          0x000000000000b02c        0x4 /home/zengwei/work/rk3288-android8.1/android8.1-r46/external/rk_tee_user/ta/testapp/user_ta_header.o
                0x000000000000b02c                trace_level
 .data.rel.ro.local
                0x000000000000b030       0x54 /home/zengwei/work/rk3288-android8.1/android8.1-r46/external/rk_tee_user/ta/testapp/user_ta_header.o
                0x000000000000b030                ta_props
 .data.rel.local
                0x000000000000b084        0x8 /home/zengwei/work/rk3288-android8.1/android8.1-r46/external/rk_tee_user/export-user_ta/lib/libutee.a(user_ta_entry.o)
 .data.rel.local
                0x000000000000b08c        0x8 /home/zengwei/work/rk3288-android8.1/android8.1-r46/external/rk_tee_user/export-user_ta/lib/libutee.a(tee_user_mem.o)
                0x000000000000b08c                user_mem_head
 .data.rel.local
                0x000000000000b094       0x10 /home/zengwei/work/rk3288-android8.1/android8.1-r46/external/rk_tee_user/export-user_ta/lib/libutils.a(bget_malloc.o)
 .data          0x000000000000b0a4        0x0 /home/zengwei/work/rk3288-android8.1/android8.1-r46/external/rk_tee_user/export-user_ta/lib/libutee.a(tee_api.o)
 .data          0x000000000000b0a4        0x0 /home/zengwei/work/rk3288-android8.1/android8.1-r46/external/rk_tee_user/export-user_ta/lib/libutee.a(tee_api_panic.o)
 .data          0x000000000000b0a4        0x0 /home/zengwei/work/rk3288-android8.1/android8.1-r46/external/rk_tee_user/export-user_ta/lib/libutee.a(user_ta_entry.o)
 .data          0x000000000000b0a4        0x0 /home/zengwei/work/rk3288-android8.1/android8.1-r46/external/rk_tee_user/export-user_ta/lib/libutee.a(utee_syscalls_a32.o)
 .data          0x000000000000b0a4        0x0 /home/zengwei/work/rk3288-android8.1/android8.1-r46/external/rk_tee_user/export-user_ta/lib/libutee.a(tee_user_mem.o)
 .data          0x000000000000b0a4        0x0 /home/zengwei/work/rk3288-android8.1/android8.1-r46/external/rk_tee_user/export-user_ta/lib/libutee.a(assert.o)
 .data          0x000000000000b0a4        0x0 /home/zengwei/work/rk3288-android8.1/android8.1-r46/external/rk_tee_user/export-user_ta/lib/libutee.a(tee_api_arith.o)
 .data          0x000000000000b0a4        0x0 /home/zengwei/work/rk3288-android8.1/android8.1-r46/external/rk_tee_user/export-user_ta/lib/libutee.a(utee_misc.o)
 .data          0x000000000000b0a4        0x0 /home/zengwei/work/rk3288-android8.1/android8.1-r46/external/rk_tee_user/export-user_ta/lib/libutee.a(trace_ext.o)
 .data          0x000000000000b0a4        0x0 /home/zengwei/work/rk3288-android8.1/android8.1-r46/external/rk_tee_user/export-user_ta/lib/libutils.a(bget_malloc.o)
 .data          0x000000000000b0a4        0x0 /home/zengwei/work/rk3288-android8.1/android8.1-r46/external/rk_tee_user/export-user_ta/lib/libutils.a(snprintf.o)
 .data          0x000000000000b0a4        0x0 /home/zengwei/work/rk3288-android8.1/android8.1-r46/external/rk_tee_user/export-user_ta/lib/libutils.a(memcmp.o)
 .data          0x000000000000b0a4        0x0 /home/zengwei/work/rk3288-android8.1/android8.1-r46/external/rk_tee_user/export-user_ta/lib/libutils.a(memcpy.o)
 .data          0x000000000000b0a4        0x0 /home/zengwei/work/rk3288-android8.1/android8.1-r46/external/rk_tee_user/export-user_ta/lib/libutils.a(memmove.o)
 .data          0x000000000000b0a4        0x0 /home/zengwei/work/rk3288-android8.1/android8.1-r46/external/rk_tee_user/export-user_ta/lib/libutils.a(memset.o)
 .data          0x000000000000b0a4        0x0 /home/zengwei/work/rk3288-android8.1/android8.1-r46/external/rk_tee_user/export-user_ta/lib/libutils.a(strlen.o)
 .data          0x000000000000b0a4        0x0 /home/zengwei/work/rk3288-android8.1/android8.1-r46/external/rk_tee_user/export-user_ta/lib/libutils.a(snprintk.o)
 .data          0x000000000000b0a4        0x0 /home/zengwei/work/rk3288-android8.1/android8.1-r46/external/rk_tee_user/export-user_ta/lib/libutils.a(strlcpy.o)
 .data          0x000000000000b0a4        0x0 /home/zengwei/work/rk3288-android8.1/android8.1-r46/external/rk_tee_user/export-user_ta/lib/libutils.a(trace.o)
 .data          0x000000000000b0a4        0x0 /home/zengwei/work/rk3288-android8.1/android8.1-r46/external/rk_tee_user/export-user_ta/lib/libutils.a(memchr.o)
 .data          0x000000000000b0a4        0x0 /home/zengwei/work/rk3288-android8.1/android8.1-r46/external/rk_tee_user/export-user_ta/lib/libutils.a(arm32_aeabi_ldivmod_a32.o)
 .data          0x000000000000b0a4        0x0 /home/zengwei/work/rk3288-android8.1/android8.1-r46/external/rk_tee_user/export-user_ta/lib/libutils.a(arm32_aeabi_ldivmod.o)
 .data          0x000000000000b0a4        0x0 /home/zengwei/work/rk3288-android8.1/android8.1-r46/external/rk_tee_user/export-user_ta/lib/libmpa.a(mpa_misc.o)
 .data          0x000000000000b0a4        0x0 /home/zengwei/work/rk3288-android8.1/android8.1-r46/external/rk_tee_user/export-user_ta/lib/libmpa.a(mpa_montgomery.o)
 .data          0x000000000000b0a4        0x0 /home/zengwei/work/rk3288-android8.1/android8.1-r46/external/rk_tee_user/export-user_ta/lib/libmpa.a(mpa_primetest.o)
 .data          0x000000000000b0a4        0x0 /home/zengwei/work/rk3288-android8.1/android8.1-r46/external/rk_tee_user/export-user_ta/lib/libmpa.a(mpa_conv.o)
 .data          0x000000000000b0a4        0x0 /home/zengwei/work/rk3288-android8.1/android8.1-r46/external/rk_tee_user/export-user_ta/lib/libmpa.a(mpa_div.o)
 .data          0x000000000000b0a4        0x0 /home/zengwei/work/rk3288-android8.1/android8.1-r46/external/rk_tee_user/export-user_ta/lib/libmpa.a(mpa_gcd.o)
 .data          0x000000000000b0a4        0x0 /home/zengwei/work/rk3288-android8.1/android8.1-r46/external/rk_tee_user/export-user_ta/lib/libmpa.a(mpa_mem_static.o)
 .data          0x000000000000b0a4        0x0 /home/zengwei/work/rk3288-android8.1/android8.1-r46/external/rk_tee_user/export-user_ta/lib/libmpa.a(mpa_mul.o)
 .data          0x000000000000b0a4        0x0 /home/zengwei/work/rk3288-android8.1/android8.1-r46/external/rk_tee_user/export-user_ta/lib/libmpa.a(mpa_random.o)
 .data          0x000000000000b0a4        0x0 /home/zengwei/work/rk3288-android8.1/android8.1-r46/external/rk_tee_user/export-user_ta/lib/libmpa.a(mpa_shift.o)
 .data          0x000000000000b0a4        0x0 /home/zengwei/work/rk3288-android8.1/android8.1-r46/external/rk_tee_user/export-user_ta/lib/libmpa.a(mpa_addsub.o)
 .data          0x000000000000b0a4        0x0 /home/zengwei/work/rk3288-android8.1/android8.1-r46/external/rk_tee_user/export-user_ta/lib/libmpa.a(mpa_cmp.o)
 .data          0x000000000000b0a4        0x0 /home/zengwei/work/rk3288-android8.1/android8.1-r46/external/rk_tee_user/export-user_ta/lib/libmpa.a(mpa_expmod.o)
 .data          0x000000000000b0a4        0x0 /home/zengwei/work/rk3288-android8.1/android8.1-r46/external/rk_tee_user/export-user_ta/lib/libmpa.a(mpa_init.o)
 .data          0x000000000000b0a4        0x0 /home/zengwei/work/rk3288-android8.1/android8.1-r46/external/rk_tee_user/export-user_ta/lib/libmpa.a(mpa_io.o)
 .data          0x000000000000b0a4        0x0 /home/zengwei/work/rk3288-android8.1/android8.1-r46/external/rk_tee_user/export-user_ta/lib/libmpa.a(mpa_modulus.o)

.igot.plt       0x000000000000b0a4        0x0
 .igot.plt      0x0000000000000000        0x0 /home/zengwei/work/rk3288-android8.1/android8.1-r46/external/rk_tee_user/ta/testapp/testapp_ta.o

.bss            0x000000000000b0a4     0xab5c
 *(SORT(.bss) SORT(.bss.*) SORT(.gnu.linkonce.b.*) SORT(COMMON))
 .bss           0x000000000000b0a4     0x8000 /home/zengwei/work/rk3288-android8.1/android8.1-r46/external/rk_tee_user/ta/testapp/user_ta_header.o
                0x000000000000b0a4                ta_heap
 .bss           0x00000000000130a4        0x4 /home/zengwei/work/rk3288-android8.1/android8.1-r46/external/rk_tee_user/export-user_ta/lib/libutee.a(tee_api.o)
 .bss           0x00000000000130a8       0x2c /home/zengwei/work/rk3288-android8.1/android8.1-r46/external/rk_tee_user/export-user_ta/lib/libutee.a(user_ta_entry.o)
                0x00000000000130ac                ta_params
                0x00000000000130d0                ta_param_types
 .bss           0x00000000000130d4        0xc /home/zengwei/work/rk3288-android8.1/android8.1-r46/external/rk_tee_user/export-user_ta/lib/libutee.a(tee_user_mem.o)
 .bss           0x00000000000130e0     0x1b00 /home/zengwei/work/rk3288-android8.1/android8.1-r46/external/rk_tee_user/export-user_ta/lib/libutee.a(tee_api_arith.o)
 .bss           0x0000000000014be0       0x18 /home/zengwei/work/rk3288-android8.1/android8.1-r46/external/rk_tee_user/export-user_ta/lib/libutils.a(bget_malloc.o)
 .bss           0x0000000000014bf8        0x4 /home/zengwei/work/rk3288-android8.1/android8.1-r46/external/rk_tee_user/export-user_ta/lib/libmpa.a(mpa_random.o)
 .bss           0x0000000000014bfc     0x1004 /home/zengwei/work/rk3288-android8.1/android8.1-r46/external/rk_tee_user/export-user_ta/lib/libmpa.a(mpa_io.o)
 .bss           0x0000000000015c00        0x0 /home/zengwei/work/rk3288-android8.1/android8.1-r46/external/rk_tee_user/ta/testapp/testapp_ta.o
 .bss           0x0000000000015c00        0x0 /home/zengwei/work/rk3288-android8.1/android8.1-r46/external/rk_tee_user/export-user_ta/lib/libutee.a(tee_api_panic.o)
 .bss           0x0000000000015c00        0x0 /home/zengwei/work/rk3288-android8.1/android8.1-r46/external/rk_tee_user/export-user_ta/lib/libutee.a(utee_syscalls_a32.o)
 .bss           0x0000000000015c00        0x0 /home/zengwei/work/rk3288-android8.1/android8.1-r46/external/rk_tee_user/export-user_ta/lib/libutee.a(assert.o)
 .bss           0x0000000000015c00        0x0 /home/zengwei/work/rk3288-android8.1/android8.1-r46/external/rk_tee_user/export-user_ta/lib/libutee.a(utee_misc.o)
 .bss           0x0000000000015c00        0x0 /home/zengwei/work/rk3288-android8.1/android8.1-r46/external/rk_tee_user/export-user_ta/lib/libutee.a(trace_ext.o)
 .bss           0x0000000000015c00        0x0 /home/zengwei/work/rk3288-android8.1/android8.1-r46/external/rk_tee_user/export-user_ta/lib/libutils.a(snprintf.o)
 .bss           0x0000000000015c00        0x0 /home/zengwei/work/rk3288-android8.1/android8.1-r46/external/rk_tee_user/export-user_ta/lib/libutils.a(memcmp.o)
 .bss           0x0000000000015c00        0x0 /home/zengwei/work/rk3288-android8.1/android8.1-r46/external/rk_tee_user/export-user_ta/lib/libutils.a(memcpy.o)
 .bss           0x0000000000015c00        0x0 /home/zengwei/work/rk3288-android8.1/android8.1-r46/external/rk_tee_user/export-user_ta/lib/libutils.a(memmove.o)
 .bss           0x0000000000015c00        0x0 /home/zengwei/work/rk3288-android8.1/android8.1-r46/external/rk_tee_user/export-user_ta/lib/libutils.a(memset.o)
 .bss           0x0000000000015c00        0x0 /home/zengwei/work/rk3288-android8.1/android8.1-r46/external/rk_tee_user/export-user_ta/lib/libutils.a(strlen.o)
 .bss           0x0000000000015c00        0x0 /home/zengwei/work/rk3288-android8.1/android8.1-r46/external/rk_tee_user/export-user_ta/lib/libutils.a(snprintk.o)
 .bss           0x0000000000015c00        0x0 /home/zengwei/work/rk3288-android8.1/android8.1-r46/external/rk_tee_user/export-user_ta/lib/libutils.a(strlcpy.o)
 .bss           0x0000000000015c00        0x0 /home/zengwei/work/rk3288-android8.1/android8.1-r46/external/rk_tee_user/export-user_ta/lib/libutils.a(trace.o)
 .bss           0x0000000000015c00        0x0 /home/zengwei/work/rk3288-android8.1/android8.1-r46/external/rk_tee_user/export-user_ta/lib/libutils.a(memchr.o)
 .bss           0x0000000000015c00        0x0 /home/zengwei/work/rk3288-android8.1/android8.1-r46/external/rk_tee_user/export-user_ta/lib/libutils.a(arm32_aeabi_ldivmod_a32.o)
 .bss           0x0000000000015c00        0x0 /home/zengwei/work/rk3288-android8.1/android8.1-r46/external/rk_tee_user/export-user_ta/lib/libutils.a(arm32_aeabi_ldivmod.o)
 .bss           0x0000000000015c00        0x0 /home/zengwei/work/rk3288-android8.1/android8.1-r46/external/rk_tee_user/export-user_ta/lib/libmpa.a(mpa_misc.o)
 .bss           0x0000000000015c00        0x0 /home/zengwei/work/rk3288-android8.1/android8.1-r46/external/rk_tee_user/export-user_ta/lib/libmpa.a(mpa_montgomery.o)
 .bss           0x0000000000015c00        0x0 /home/zengwei/work/rk3288-android8.1/android8.1-r46/external/rk_tee_user/export-user_ta/lib/libmpa.a(mpa_primetest.o)
 .bss           0x0000000000015c00        0x0 /home/zengwei/work/rk3288-android8.1/android8.1-r46/external/rk_tee_user/export-user_ta/lib/libmpa.a(mpa_conv.o)
 .bss           0x0000000000015c00        0x0 /home/zengwei/work/rk3288-android8.1/android8.1-r46/external/rk_tee_user/export-user_ta/lib/libmpa.a(mpa_div.o)
 .bss           0x0000000000015c00        0x0 /home/zengwei/work/rk3288-android8.1/android8.1-r46/external/rk_tee_user/export-user_ta/lib/libmpa.a(mpa_gcd.o)
 .bss           0x0000000000015c00        0x0 /home/zengwei/work/rk3288-android8.1/android8.1-r46/external/rk_tee_user/export-user_ta/lib/libmpa.a(mpa_mem_static.o)
 .bss           0x0000000000015c00        0x0 /home/zengwei/work/rk3288-android8.1/android8.1-r46/external/rk_tee_user/export-user_ta/lib/libmpa.a(mpa_mul.o)
 .bss           0x0000000000015c00        0x0 /home/zengwei/work/rk3288-android8.1/android8.1-r46/external/rk_tee_user/export-user_ta/lib/libmpa.a(mpa_shift.o)
 .bss           0x0000000000015c00        0x0 /home/zengwei/work/rk3288-android8.1/android8.1-r46/external/rk_tee_user/export-user_ta/lib/libmpa.a(mpa_addsub.o)
 .bss           0x0000000000015c00        0x0 /home/zengwei/work/rk3288-android8.1/android8.1-r46/external/rk_tee_user/export-user_ta/lib/libmpa.a(mpa_cmp.o)
 .bss           0x0000000000015c00        0x0 /home/zengwei/work/rk3288-android8.1/android8.1-r46/external/rk_tee_user/export-user_ta/lib/libmpa.a(mpa_expmod.o)
 .bss           0x0000000000015c00        0x0 /home/zengwei/work/rk3288-android8.1/android8.1-r46/external/rk_tee_user/export-user_ta/lib/libmpa.a(mpa_init.o)
 .bss           0x0000000000015c00        0x0 /home/zengwei/work/rk3288-android8.1/android8.1-r46/external/rk_tee_user/export-user_ta/lib/libmpa.a(mpa_modulus.o)

.dynbss         0x0000000000015c00        0x0
 .dynbss        0x0000000000000000        0x0 /home/zengwei/work/rk3288-android8.1/android8.1-r46/external/rk_tee_user/ta/testapp/testapp_ta.o
                0x0000000000016000                . = ALIGN (0x1000)

.dynamic        0x0000000000016000       0x78
 *(SORT(.dynamic))
 .dynamic       0x0000000000016000       0x78 /home/zengwei/work/rk3288-android8.1/android8.1-r46/external/rk_tee_user/ta/testapp/testapp_ta.o
                0x0000000000016000                _DYNAMIC

.dynsym         0x0000000000016078       0xe0
 *(SORT(.dynsym))
 .dynsym        0x0000000000016078       0xe0 /home/zengwei/work/rk3288-android8.1/android8.1-r46/external/rk_tee_user/ta/testapp/testapp_ta.o

.dynstr         0x0000000000016158       0xc4
 *(SORT(.dynstr))
 .dynstr        0x0000000000016158       0xc4 /home/zengwei/work/rk3288-android8.1/android8.1-r46/external/rk_tee_user/ta/testapp/testapp_ta.o

.hash           0x000000000001621c       0x4c
 *(SORT(.hash))
 .hash          0x000000000001621c       0x4c /home/zengwei/work/rk3288-android8.1/android8.1-r46/external/rk_tee_user/ta/testapp/testapp_ta.o

/DISCARD/
 *(SORT(.interp))
                0x000000000000000c                linker_RO_sections_size = 0xc
                0x000000000000000c                linker_RW_sections_size = 0xc
                0x000000000000000c                linker_res_funcs_ZI_sections_size = 0xc
                0x000000000000000c                linker_rel_dyn_GOT = 0xc
LOAD /home/zengwei/work/rk3288-android8.1/android8.1-r46/external/rk_tee_user/ta/testapp/testapp_ta.o
LOAD /home/zengwei/work/rk3288-android8.1/android8.1-r46/external/rk_tee_user/ta/testapp/user_ta_header.o
LOAD /home/zengwei/work/rk3288-android8.1/android8.1-r46/external/rk_tee_user/export-user_ta/lib/libutee.a
LOAD /home/zengwei/work/rk3288-android8.1/android8.1-r46/external/rk_tee_user/export-user_ta/lib/libutils.a
LOAD /home/zengwei/work/rk3288-android8.1/android8.1-r46/external/rk_tee_user/export-user_ta/lib/libmpa.a
LOAD /home/zengwei/work/rk3288-android8.1/android8.1-r46/external/rk_tee_user/export-user_ta/lib/libutee.a
LOAD /home/zengwei/work/rk3288-android8.1/android8.1-r46/external/rk_tee_user/export-user_ta/lib/libutils.a
OUTPUT(/home/zengwei/work/rk3288-android8.1/android8.1-r46/external/rk_tee_user/ta/testapp/8cccf200-2450-11e4-abe20002a5d5c52c.elf elf32-littlearm)

.debug_info     0x0000000000000000     0xb2c1
 .debug_info    0x0000000000000000      0x2bb /home/zengwei/work/rk3288-android8.1/android8.1-r46/external/rk_tee_user/ta/testapp/testapp_ta.o
 .debug_info    0x00000000000002bb      0x2d8 /home/zengwei/work/rk3288-android8.1/android8.1-r46/external/rk_tee_user/ta/testapp/user_ta_header.o
 .debug_info    0x0000000000000593     0x120c /home/zengwei/work/rk3288-android8.1/android8.1-r46/external/rk_tee_user/export-user_ta/lib/libutee.a(tee_api.o)
 .debug_info    0x000000000000179f      0x13f /home/zengwei/work/rk3288-android8.1/android8.1-r46/external/rk_tee_user/export-user_ta/lib/libutee.a(tee_api_panic.o)
 .debug_info    0x00000000000018de      0xa4d /home/zengwei/work/rk3288-android8.1/android8.1-r46/external/rk_tee_user/export-user_ta/lib/libutee.a(user_ta_entry.o)
 .debug_info    0x000000000000232b       0x7c /home/zengwei/work/rk3288-android8.1/android8.1-r46/external/rk_tee_user/export-user_ta/lib/libutee.a(utee_syscalls_a32.o)
 .debug_info    0x00000000000023a7      0xbee /home/zengwei/work/rk3288-android8.1/android8.1-r46/external/rk_tee_user/export-user_ta/lib/libutee.a(tee_user_mem.o)
 .debug_info    0x0000000000002f95      0x191 /home/zengwei/work/rk3288-android8.1/android8.1-r46/external/rk_tee_user/export-user_ta/lib/libutee.a(assert.o)
 .debug_info    0x0000000000003126     0x1e91 /home/zengwei/work/rk3288-android8.1/android8.1-r46/external/rk_tee_user/export-user_ta/lib/libutee.a(tee_api_arith.o)
 .debug_info    0x0000000000004fb7      0x2ad /home/zengwei/work/rk3288-android8.1/android8.1-r46/external/rk_tee_user/export-user_ta/lib/libutee.a(utee_misc.o)
 .debug_info    0x0000000000005264      0x381 /home/zengwei/work/rk3288-android8.1/android8.1-r46/external/rk_tee_user/export-user_ta/lib/libutee.a(trace_ext.o)
 .debug_info    0x00000000000055e5      0xdc5 /home/zengwei/work/rk3288-android8.1/android8.1-r46/external/rk_tee_user/export-user_ta/lib/libutils.a(bget_malloc.o)
 .debug_info    0x00000000000063aa      0x135 /home/zengwei/work/rk3288-android8.1/android8.1-r46/external/rk_tee_user/export-user_ta/lib/libutils.a(snprintf.o)
 .debug_info    0x00000000000064df       0xd8 /home/zengwei/work/rk3288-android8.1/android8.1-r46/external/rk_tee_user/export-user_ta/lib/libutils.a(memcmp.o)
 .debug_info    0x00000000000065b7       0xf8 /home/zengwei/work/rk3288-android8.1/android8.1-r46/external/rk_tee_user/export-user_ta/lib/libutils.a(memcpy.o)
 .debug_info    0x00000000000066af       0xf8 /home/zengwei/work/rk3288-android8.1/android8.1-r46/external/rk_tee_user/export-user_ta/lib/libutils.a(memmove.o)
 .debug_info    0x00000000000067a7       0xdd /home/zengwei/work/rk3288-android8.1/android8.1-r46/external/rk_tee_user/export-user_ta/lib/libutils.a(memset.o)
 .debug_info    0x0000000000006884       0xa6 /home/zengwei/work/rk3288-android8.1/android8.1-r46/external/rk_tee_user/export-user_ta/lib/libutils.a(strlen.o)
 .debug_info    0x000000000000692a      0x4fe /home/zengwei/work/rk3288-android8.1/android8.1-r46/external/rk_tee_user/export-user_ta/lib/libutils.a(snprintk.o)
 .debug_info    0x0000000000006e28       0xf8 /home/zengwei/work/rk3288-android8.1/android8.1-r46/external/rk_tee_user/export-user_ta/lib/libutils.a(strlcpy.o)
 .debug_info    0x0000000000006f20      0x2bb /home/zengwei/work/rk3288-android8.1/android8.1-r46/external/rk_tee_user/export-user_ta/lib/libutils.a(trace.o)
 .debug_info    0x00000000000071db       0xef /home/zengwei/work/rk3288-android8.1/android8.1-r46/external/rk_tee_user/export-user_ta/lib/libutils.a(memchr.o)
 .debug_info    0x00000000000072ca      0x1fc /home/zengwei/work/rk3288-android8.1/android8.1-r46/external/rk_tee_user/export-user_ta/lib/libutils.a(arm32_aeabi_ldivmod.o)
 .debug_info    0x00000000000074c6      0x2fc /home/zengwei/work/rk3288-android8.1/android8.1-r46/external/rk_tee_user/export-user_ta/lib/libmpa.a(mpa_misc.o)
 .debug_info    0x00000000000077c2      0x49d /home/zengwei/work/rk3288-android8.1/android8.1-r46/external/rk_tee_user/export-user_ta/lib/libmpa.a(mpa_montgomery.o)
 .debug_info    0x0000000000007c5f      0x49c /home/zengwei/work/rk3288-android8.1/android8.1-r46/external/rk_tee_user/export-user_ta/lib/libmpa.a(mpa_primetest.o)
 .debug_info    0x00000000000080fb      0x1cc /home/zengwei/work/rk3288-android8.1/android8.1-r46/external/rk_tee_user/export-user_ta/lib/libmpa.a(mpa_conv.o)
 .debug_info    0x00000000000082c7      0x583 /home/zengwei/work/rk3288-android8.1/android8.1-r46/external/rk_tee_user/export-user_ta/lib/libmpa.a(mpa_div.o)
 .debug_info    0x000000000000884a      0x49d /home/zengwei/work/rk3288-android8.1/android8.1-r46/external/rk_tee_user/export-user_ta/lib/libmpa.a(mpa_gcd.o)
 .debug_info    0x0000000000008ce7      0x3e4 /home/zengwei/work/rk3288-android8.1/android8.1-r46/external/rk_tee_user/export-user_ta/lib/libmpa.a(mpa_mem_static.o)
 .debug_info    0x00000000000090cb      0x46b /home/zengwei/work/rk3288-android8.1/android8.1-r46/external/rk_tee_user/export-user_ta/lib/libmpa.a(mpa_mul.o)
 .debug_info    0x0000000000009536      0x24a /home/zengwei/work/rk3288-android8.1/android8.1-r46/external/rk_tee_user/export-user_ta/lib/libmpa.a(mpa_random.o)
 .debug_info    0x0000000000009780      0x26c /home/zengwei/work/rk3288-android8.1/android8.1-r46/external/rk_tee_user/export-user_ta/lib/libmpa.a(mpa_shift.o)
 .debug_info    0x00000000000099ec      0x74f /home/zengwei/work/rk3288-android8.1/android8.1-r46/external/rk_tee_user/export-user_ta/lib/libmpa.a(mpa_addsub.o)
 .debug_info    0x000000000000a13b      0x280 /home/zengwei/work/rk3288-android8.1/android8.1-r46/external/rk_tee_user/export-user_ta/lib/libmpa.a(mpa_cmp.o)
 .debug_info    0x000000000000a3bb      0x2bb /home/zengwei/work/rk3288-android8.1/android8.1-r46/external/rk_tee_user/export-user_ta/lib/libmpa.a(mpa_expmod.o)
 .debug_info    0x000000000000a676      0x1d1 /home/zengwei/work/rk3288-android8.1/android8.1-r46/external/rk_tee_user/export-user_ta/lib/libmpa.a(mpa_init.o)
 .debug_info    0x000000000000a847      0x6b6 /home/zengwei/work/rk3288-android8.1/android8.1-r46/external/rk_tee_user/export-user_ta/lib/libmpa.a(mpa_io.o)
 .debug_info    0x000000000000aefd      0x3c4 /home/zengwei/work/rk3288-android8.1/android8.1-r46/external/rk_tee_user/export-user_ta/lib/libmpa.a(mpa_modulus.o)

.debug_abbrev   0x0000000000000000     0x336d
 .debug_abbrev  0x0000000000000000      0x15d /home/zengwei/work/rk3288-android8.1/android8.1-r46/external/rk_tee_user/ta/testapp/testapp_ta.o
 .debug_abbrev  0x000000000000015d      0x103 /home/zengwei/work/rk3288-android8.1/android8.1-r46/external/rk_tee_user/ta/testapp/user_ta_header.o
 .debug_abbrev  0x0000000000000260      0x31e /home/zengwei/work/rk3288-android8.1/android8.1-r46/external/rk_tee_user/export-user_ta/lib/libutee.a(tee_api.o)
 .debug_abbrev  0x000000000000057e       0xd9 /home/zengwei/work/rk3288-android8.1/android8.1-r46/external/rk_tee_user/export-user_ta/lib/libutee.a(tee_api_panic.o)
 .debug_abbrev  0x0000000000000657      0x33a /home/zengwei/work/rk3288-android8.1/android8.1-r46/external/rk_tee_user/export-user_ta/lib/libutee.a(user_ta_entry.o)
 .debug_abbrev  0x0000000000000991       0x14 /home/zengwei/work/rk3288-android8.1/android8.1-r46/external/rk_tee_user/export-user_ta/lib/libutee.a(utee_syscalls_a32.o)
 .debug_abbrev  0x00000000000009a5      0x3e0 /home/zengwei/work/rk3288-android8.1/android8.1-r46/external/rk_tee_user/export-user_ta/lib/libutee.a(tee_user_mem.o)
 .debug_abbrev  0x0000000000000d85       0xc9 /home/zengwei/work/rk3288-android8.1/android8.1-r46/external/rk_tee_user/export-user_ta/lib/libutee.a(assert.o)
 .debug_abbrev  0x0000000000000e4e      0x405 /home/zengwei/work/rk3288-android8.1/android8.1-r46/external/rk_tee_user/export-user_ta/lib/libutee.a(tee_api_arith.o)
 .debug_abbrev  0x0000000000001253      0x108 /home/zengwei/work/rk3288-android8.1/android8.1-r46/external/rk_tee_user/export-user_ta/lib/libutee.a(utee_misc.o)
 .debug_abbrev  0x000000000000135b      0x1b1 /home/zengwei/work/rk3288-android8.1/android8.1-r46/external/rk_tee_user/export-user_ta/lib/libutee.a(trace_ext.o)
 .debug_abbrev  0x000000000000150c      0x221 /home/zengwei/work/rk3288-android8.1/android8.1-r46/external/rk_tee_user/export-user_ta/lib/libutils.a(bget_malloc.o)
 .debug_abbrev  0x000000000000172d       0xe4 /home/zengwei/work/rk3288-android8.1/android8.1-r46/external/rk_tee_user/export-user_ta/lib/libutils.a(snprintf.o)
 .debug_abbrev  0x0000000000001811       0x82 /home/zengwei/work/rk3288-android8.1/android8.1-r46/external/rk_tee_user/export-user_ta/lib/libutils.a(memcmp.o)
 .debug_abbrev  0x0000000000001893       0x9f /home/zengwei/work/rk3288-android8.1/android8.1-r46/external/rk_tee_user/export-user_ta/lib/libutils.a(memcpy.o)
 .debug_abbrev  0x0000000000001932       0x9f /home/zengwei/work/rk3288-android8.1/android8.1-r46/external/rk_tee_user/export-user_ta/lib/libutils.a(memmove.o)
 .debug_abbrev  0x00000000000019d1       0x93 /home/zengwei/work/rk3288-android8.1/android8.1-r46/external/rk_tee_user/export-user_ta/lib/libutils.a(memset.o)
 .debug_abbrev  0x0000000000001a64       0x84 /home/zengwei/work/rk3288-android8.1/android8.1-r46/external/rk_tee_user/export-user_ta/lib/libutils.a(strlen.o)
 .debug_abbrev  0x0000000000001ae8      0x167 /home/zengwei/work/rk3288-android8.1/android8.1-r46/external/rk_tee_user/export-user_ta/lib/libutils.a(snprintk.o)
 .debug_abbrev  0x0000000000001c4f       0x84 /home/zengwei/work/rk3288-android8.1/android8.1-r46/external/rk_tee_user/export-user_ta/lib/libutils.a(strlcpy.o)
 .debug_abbrev  0x0000000000001cd3      0x14c /home/zengwei/work/rk3288-android8.1/android8.1-r46/external/rk_tee_user/export-user_ta/lib/libutils.a(trace.o)
 .debug_abbrev  0x0000000000001e1f       0xae /home/zengwei/work/rk3288-android8.1/android8.1-r46/external/rk_tee_user/export-user_ta/lib/libutils.a(memchr.o)
 .debug_abbrev  0x0000000000001ecd       0xde /home/zengwei/work/rk3288-android8.1/android8.1-r46/external/rk_tee_user/export-user_ta/lib/libutils.a(arm32_aeabi_ldivmod.o)
 .debug_abbrev  0x0000000000001fab      0x115 /home/zengwei/work/rk3288-android8.1/android8.1-r46/external/rk_tee_user/export-user_ta/lib/libmpa.a(mpa_misc.o)
 .debug_abbrev  0x00000000000020c0      0x189 /home/zengwei/work/rk3288-android8.1/android8.1-r46/external/rk_tee_user/export-user_ta/lib/libmpa.a(mpa_montgomery.o)
 .debug_abbrev  0x0000000000002249      0x169 /home/zengwei/work/rk3288-android8.1/android8.1-r46/external/rk_tee_user/export-user_ta/lib/libmpa.a(mpa_primetest.o)
 .debug_abbrev  0x00000000000023b2       0xee /home/zengwei/work/rk3288-android8.1/android8.1-r46/external/rk_tee_user/export-user_ta/lib/libmpa.a(mpa_conv.o)
 .debug_abbrev  0x00000000000024a0      0x18d /home/zengwei/work/rk3288-android8.1/android8.1-r46/external/rk_tee_user/export-user_ta/lib/libmpa.a(mpa_div.o)
 .debug_abbrev  0x000000000000262d      0x187 /home/zengwei/work/rk3288-android8.1/android8.1-r46/external/rk_tee_user/export-user_ta/lib/libmpa.a(mpa_gcd.o)
 .debug_abbrev  0x00000000000027b4      0x13b /home/zengwei/work/rk3288-android8.1/android8.1-r46/external/rk_tee_user/export-user_ta/lib/libmpa.a(mpa_mem_static.o)
 .debug_abbrev  0x00000000000028ef      0x128 /home/zengwei/work/rk3288-android8.1/android8.1-r46/external/rk_tee_user/export-user_ta/lib/libmpa.a(mpa_mul.o)
 .debug_abbrev  0x0000000000002a17      0x135 /home/zengwei/work/rk3288-android8.1/android8.1-r46/external/rk_tee_user/export-user_ta/lib/libmpa.a(mpa_random.o)
 .debug_abbrev  0x0000000000002b4c       0xee /home/zengwei/work/rk3288-android8.1/android8.1-r46/external/rk_tee_user/export-user_ta/lib/libmpa.a(mpa_shift.o)
 .debug_abbrev  0x0000000000002c3a      0x157 /home/zengwei/work/rk3288-android8.1/android8.1-r46/external/rk_tee_user/export-user_ta/lib/libmpa.a(mpa_addsub.o)
 .debug_abbrev  0x0000000000002d91       0xf7 /home/zengwei/work/rk3288-android8.1/android8.1-r46/external/rk_tee_user/export-user_ta/lib/libmpa.a(mpa_cmp.o)
 .debug_abbrev  0x0000000000002e88      0x107 /home/zengwei/work/rk3288-android8.1/android8.1-r46/external/rk_tee_user/export-user_ta/lib/libmpa.a(mpa_expmod.o)
 .debug_abbrev  0x0000000000002f8f       0xdf /home/zengwei/work/rk3288-android8.1/android8.1-r46/external/rk_tee_user/export-user_ta/lib/libmpa.a(mpa_init.o)
 .debug_abbrev  0x000000000000306e      0x1ef /home/zengwei/work/rk3288-android8.1/android8.1-r46/external/rk_tee_user/export-user_ta/lib/libmpa.a(mpa_io.o)
 .debug_abbrev  0x000000000000325d      0x110 /home/zengwei/work/rk3288-android8.1/android8.1-r46/external/rk_tee_user/export-user_ta/lib/libmpa.a(mpa_modulus.o)

.debug_aranges  0x0000000000000000      0x4e8
 .debug_aranges
                0x0000000000000000       0x20 /home/zengwei/work/rk3288-android8.1/android8.1-r46/external/rk_tee_user/ta/testapp/testapp_ta.o
 .debug_aranges
                0x0000000000000020       0x20 /home/zengwei/work/rk3288-android8.1/android8.1-r46/external/rk_tee_user/ta/testapp/user_ta_header.o
 .debug_aranges
                0x0000000000000040       0x20 /home/zengwei/work/rk3288-android8.1/android8.1-r46/external/rk_tee_user/export-user_ta/lib/libutee.a(tee_api.o)
 .debug_aranges
                0x0000000000000060       0x20 /home/zengwei/work/rk3288-android8.1/android8.1-r46/external/rk_tee_user/export-user_ta/lib/libutee.a(tee_api_panic.o)
 .debug_aranges
                0x0000000000000080       0x20 /home/zengwei/work/rk3288-android8.1/android8.1-r46/external/rk_tee_user/export-user_ta/lib/libutee.a(user_ta_entry.o)
 .debug_aranges
                0x00000000000000a0       0x20 /home/zengwei/work/rk3288-android8.1/android8.1-r46/external/rk_tee_user/export-user_ta/lib/libutee.a(utee_syscalls_a32.o)
 .debug_aranges
                0x00000000000000c0       0x20 /home/zengwei/work/rk3288-android8.1/android8.1-r46/external/rk_tee_user/export-user_ta/lib/libutee.a(tee_user_mem.o)
 .debug_aranges
                0x00000000000000e0       0x20 /home/zengwei/work/rk3288-android8.1/android8.1-r46/external/rk_tee_user/export-user_ta/lib/libutee.a(assert.o)
 .debug_aranges
                0x0000000000000100       0x28 /home/zengwei/work/rk3288-android8.1/android8.1-r46/external/rk_tee_user/export-user_ta/lib/libutee.a(tee_api_arith.o)
 .debug_aranges
                0x0000000000000128       0x20 /home/zengwei/work/rk3288-android8.1/android8.1-r46/external/rk_tee_user/export-user_ta/lib/libutee.a(utee_misc.o)
 .debug_aranges
                0x0000000000000148       0x20 /home/zengwei/work/rk3288-android8.1/android8.1-r46/external/rk_tee_user/export-user_ta/lib/libutee.a(trace_ext.o)
 .debug_aranges
                0x0000000000000168       0x20 /home/zengwei/work/rk3288-android8.1/android8.1-r46/external/rk_tee_user/export-user_ta/lib/libutils.a(bget_malloc.o)
 .debug_aranges
                0x0000000000000188       0x20 /home/zengwei/work/rk3288-android8.1/android8.1-r46/external/rk_tee_user/export-user_ta/lib/libutils.a(snprintf.o)
 .debug_aranges
                0x00000000000001a8       0x20 /home/zengwei/work/rk3288-android8.1/android8.1-r46/external/rk_tee_user/export-user_ta/lib/libutils.a(memcmp.o)
 .debug_aranges
                0x00000000000001c8       0x20 /home/zengwei/work/rk3288-android8.1/android8.1-r46/external/rk_tee_user/export-user_ta/lib/libutils.a(memcpy.o)
 .debug_aranges
                0x00000000000001e8       0x20 /home/zengwei/work/rk3288-android8.1/android8.1-r46/external/rk_tee_user/export-user_ta/lib/libutils.a(memmove.o)
 .debug_aranges
                0x0000000000000208       0x20 /home/zengwei/work/rk3288-android8.1/android8.1-r46/external/rk_tee_user/export-user_ta/lib/libutils.a(memset.o)
 .debug_aranges
                0x0000000000000228       0x20 /home/zengwei/work/rk3288-android8.1/android8.1-r46/external/rk_tee_user/export-user_ta/lib/libutils.a(strlen.o)
 .debug_aranges
                0x0000000000000248       0x20 /home/zengwei/work/rk3288-android8.1/android8.1-r46/external/rk_tee_user/export-user_ta/lib/libutils.a(snprintk.o)
 .debug_aranges
                0x0000000000000268       0x20 /home/zengwei/work/rk3288-android8.1/android8.1-r46/external/rk_tee_user/export-user_ta/lib/libutils.a(strlcpy.o)
 .debug_aranges
                0x0000000000000288       0x20 /home/zengwei/work/rk3288-android8.1/android8.1-r46/external/rk_tee_user/export-user_ta/lib/libutils.a(trace.o)
 .debug_aranges
                0x00000000000002a8       0x20 /home/zengwei/work/rk3288-android8.1/android8.1-r46/external/rk_tee_user/export-user_ta/lib/libutils.a(memchr.o)
 .debug_aranges
                0x00000000000002c8       0x20 /home/zengwei/work/rk3288-android8.1/android8.1-r46/external/rk_tee_user/export-user_ta/lib/libutils.a(arm32_aeabi_ldivmod.o)
 .debug_aranges
                0x00000000000002e8       0x20 /home/zengwei/work/rk3288-android8.1/android8.1-r46/external/rk_tee_user/export-user_ta/lib/libmpa.a(mpa_misc.o)
 .debug_aranges
                0x0000000000000308       0x20 /home/zengwei/work/rk3288-android8.1/android8.1-r46/external/rk_tee_user/export-user_ta/lib/libmpa.a(mpa_montgomery.o)
 .debug_aranges
                0x0000000000000328       0x20 /home/zengwei/work/rk3288-android8.1/android8.1-r46/external/rk_tee_user/export-user_ta/lib/libmpa.a(mpa_primetest.o)
 .debug_aranges
                0x0000000000000348       0x20 /home/zengwei/work/rk3288-android8.1/android8.1-r46/external/rk_tee_user/export-user_ta/lib/libmpa.a(mpa_conv.o)
 .debug_aranges
                0x0000000000000368       0x20 /home/zengwei/work/rk3288-android8.1/android8.1-r46/external/rk_tee_user/export-user_ta/lib/libmpa.a(mpa_div.o)
 .debug_aranges
                0x0000000000000388       0x20 /home/zengwei/work/rk3288-android8.1/android8.1-r46/external/rk_tee_user/export-user_ta/lib/libmpa.a(mpa_gcd.o)
 .debug_aranges
                0x00000000000003a8       0x20 /home/zengwei/work/rk3288-android8.1/android8.1-r46/external/rk_tee_user/export-user_ta/lib/libmpa.a(mpa_mem_static.o)
 .debug_aranges
                0x00000000000003c8       0x20 /home/zengwei/work/rk3288-android8.1/android8.1-r46/external/rk_tee_user/export-user_ta/lib/libmpa.a(mpa_mul.o)
 .debug_aranges
                0x00000000000003e8       0x20 /home/zengwei/work/rk3288-android8.1/android8.1-r46/external/rk_tee_user/export-user_ta/lib/libmpa.a(mpa_random.o)
 .debug_aranges
                0x0000000000000408       0x20 /home/zengwei/work/rk3288-android8.1/android8.1-r46/external/rk_tee_user/export-user_ta/lib/libmpa.a(mpa_shift.o)
 .debug_aranges
                0x0000000000000428       0x20 /home/zengwei/work/rk3288-android8.1/android8.1-r46/external/rk_tee_user/export-user_ta/lib/libmpa.a(mpa_addsub.o)
 .debug_aranges
                0x0000000000000448       0x20 /home/zengwei/work/rk3288-android8.1/android8.1-r46/external/rk_tee_user/export-user_ta/lib/libmpa.a(mpa_cmp.o)
 .debug_aranges
                0x0000000000000468       0x20 /home/zengwei/work/rk3288-android8.1/android8.1-r46/external/rk_tee_user/export-user_ta/lib/libmpa.a(mpa_expmod.o)
 .debug_aranges
                0x0000000000000488       0x20 /home/zengwei/work/rk3288-android8.1/android8.1-r46/external/rk_tee_user/export-user_ta/lib/libmpa.a(mpa_init.o)
 .debug_aranges
                0x00000000000004a8       0x20 /home/zengwei/work/rk3288-android8.1/android8.1-r46/external/rk_tee_user/export-user_ta/lib/libmpa.a(mpa_io.o)
 .debug_aranges
                0x00000000000004c8       0x20 /home/zengwei/work/rk3288-android8.1/android8.1-r46/external/rk_tee_user/export-user_ta/lib/libmpa.a(mpa_modulus.o)

.debug_macro    0x0000000000000000     0x463e
 .debug_macro   0x0000000000000000       0xc5 /home/zengwei/work/rk3288-android8.1/android8.1-r46/external/rk_tee_user/ta/testapp/testapp_ta.o
 .debug_macro   0x00000000000000c5      0x880 /home/zengwei/work/rk3288-android8.1/android8.1-r46/external/rk_tee_user/ta/testapp/testapp_ta.o
 .debug_macro   0x0000000000000945      0x166 /home/zengwei/work/rk3288-android8.1/android8.1-r46/external/rk_tee_user/ta/testapp/testapp_ta.o
 .debug_macro   0x0000000000000aab       0x7c /home/zengwei/work/rk3288-android8.1/android8.1-r46/external/rk_tee_user/ta/testapp/testapp_ta.o
 .debug_macro   0x0000000000000b27      0x9e8 /home/zengwei/work/rk3288-android8.1/android8.1-r46/external/rk_tee_user/ta/testapp/testapp_ta.o
 .debug_macro   0x000000000000150f      0x181 /home/zengwei/work/rk3288-android8.1/android8.1-r46/external/rk_tee_user/ta/testapp/testapp_ta.o
 .debug_macro   0x0000000000001690       0x22 /home/zengwei/work/rk3288-android8.1/android8.1-r46/external/rk_tee_user/ta/testapp/testapp_ta.o
 .debug_macro   0x00000000000016b2       0x35 /home/zengwei/work/rk3288-android8.1/android8.1-r46/external/rk_tee_user/ta/testapp/testapp_ta.o
 .debug_macro   0x00000000000016e7       0x10 /home/zengwei/work/rk3288-android8.1/android8.1-r46/external/rk_tee_user/ta/testapp/testapp_ta.o
 .debug_macro   0x00000000000016f7       0x1c /home/zengwei/work/rk3288-android8.1/android8.1-r46/external/rk_tee_user/ta/testapp/testapp_ta.o
 .debug_macro   0x0000000000001713       0x34 /home/zengwei/work/rk3288-android8.1/android8.1-r46/external/rk_tee_user/ta/testapp/testapp_ta.o
 .debug_macro   0x0000000000001747       0x7b /home/zengwei/work/rk3288-android8.1/android8.1-r46/external/rk_tee_user/ta/testapp/testapp_ta.o
 .debug_macro   0x00000000000017c2       0x58 /home/zengwei/work/rk3288-android8.1/android8.1-r46/external/rk_tee_user/ta/testapp/testapp_ta.o
 .debug_macro   0x000000000000181a       0x22 /home/zengwei/work/rk3288-android8.1/android8.1-r46/external/rk_tee_user/ta/testapp/testapp_ta.o
 .debug_macro   0x000000000000183c       0xcd /home/zengwei/work/rk3288-android8.1/android8.1-r46/external/rk_tee_user/ta/testapp/user_ta_header.o
 .debug_macro   0x0000000000001909       0x76 /home/zengwei/work/rk3288-android8.1/android8.1-r46/external/rk_tee_user/ta/testapp/user_ta_header.o
 .debug_macro   0x000000000000197f       0x1c /home/zengwei/work/rk3288-android8.1/android8.1-r46/external/rk_tee_user/ta/testapp/user_ta_header.o
 .debug_macro   0x000000000000199b      0x11b /home/zengwei/work/rk3288-android8.1/android8.1-r46/external/rk_tee_user/export-user_ta/lib/libutils.a(bget_malloc.o)
 .debug_macro   0x0000000000001ab6      0x89e /home/zengwei/work/rk3288-android8.1/android8.1-r46/external/rk_tee_user/export-user_ta/lib/libutils.a(bget_malloc.o)
 .debug_macro   0x0000000000002354      0x1d8 /home/zengwei/work/rk3288-android8.1/android8.1-r46/external/rk_tee_user/export-user_ta/lib/libutils.a(bget_malloc.o)
 .debug_macro   0x000000000000252c       0x7c /home/zengwei/work/rk3288-android8.1/android8.1-r46/external/rk_tee_user/export-user_ta/lib/libutils.a(bget_malloc.o)
 .debug_macro   0x00000000000025a8       0xc4 /home/zengwei/work/rk3288-android8.1/android8.1-r46/external/rk_tee_user/export-user_ta/lib/libutils.a(bget_malloc.o)
 .debug_macro   0x000000000000266c       0x10 /home/zengwei/work/rk3288-android8.1/android8.1-r46/external/rk_tee_user/export-user_ta/lib/libutils.a(bget_malloc.o)
 .debug_macro   0x000000000000267c       0x10 /home/zengwei/work/rk3288-android8.1/android8.1-r46/external/rk_tee_user/export-user_ta/lib/libutils.a(bget_malloc.o)
 .debug_macro   0x000000000000268c       0x10 /home/zengwei/work/rk3288-android8.1/android8.1-r46/external/rk_tee_user/export-user_ta/lib/libutils.a(bget_malloc.o)
 .debug_macro   0x000000000000269c       0x3c /home/zengwei/work/rk3288-android8.1/android8.1-r46/external/rk_tee_user/export-user_ta/lib/libutils.a(bget_malloc.o)
 .debug_macro   0x00000000000026d8       0x46 /home/zengwei/work/rk3288-android8.1/android8.1-r46/external/rk_tee_user/export-user_ta/lib/libutils.a(bget_malloc.o)
 .debug_macro   0x000000000000271e       0x4d /home/zengwei/work/rk3288-android8.1/android8.1-r46/external/rk_tee_user/export-user_ta/lib/libutils.a(snprintf.o)
 .debug_macro   0x000000000000276b       0x51 /home/zengwei/work/rk3288-android8.1/android8.1-r46/external/rk_tee_user/export-user_ta/lib/libutils.a(memcmp.o)
 .debug_macro   0x00000000000027bc       0x7c /home/zengwei/work/rk3288-android8.1/android8.1-r46/external/rk_tee_user/export-user_ta/lib/libutils.a(memcmp.o)
 .debug_macro   0x0000000000002838       0x57 /home/zengwei/work/rk3288-android8.1/android8.1-r46/external/rk_tee_user/export-user_ta/lib/libutils.a(memcpy.o)
 .debug_macro   0x000000000000288f       0x64 /home/zengwei/work/rk3288-android8.1/android8.1-r46/external/rk_tee_user/export-user_ta/lib/libutils.a(memmove.o)
 .debug_macro   0x00000000000028f3       0x51 /home/zengwei/work/rk3288-android8.1/android8.1-r46/external/rk_tee_user/export-user_ta/lib/libutils.a(memset.o)
 .debug_macro   0x0000000000002944       0x5a /home/zengwei/work/rk3288-android8.1/android8.1-r46/external/rk_tee_user/export-user_ta/lib/libutils.a(strlen.o)
 .debug_macro   0x000000000000299e      0x127 /home/zengwei/work/rk3288-android8.1/android8.1-r46/external/rk_tee_user/export-user_ta/lib/libutils.a(snprintk.o)
 .debug_macro   0x0000000000002ac5       0x87 /home/zengwei/work/rk3288-android8.1/android8.1-r46/external/rk_tee_user/export-user_ta/lib/libutils.a(strlcpy.o)
 .debug_macro   0x0000000000002b4c       0xcc /home/zengwei/work/rk3288-android8.1/android8.1-r46/external/rk_tee_user/export-user_ta/lib/libutils.a(trace.o)
 .debug_macro   0x0000000000002c18       0x7b /home/zengwei/work/rk3288-android8.1/android8.1-r46/external/rk_tee_user/export-user_ta/lib/libutils.a(trace.o)
 .debug_macro   0x0000000000002c93       0x66 /home/zengwei/work/rk3288-android8.1/android8.1-r46/external/rk_tee_user/export-user_ta/lib/libutils.a(memchr.o)
 .debug_macro   0x0000000000002cf9       0x1a /home/zengwei/work/rk3288-android8.1/android8.1-r46/external/rk_tee_user/export-user_ta/lib/libutils.a(arm32_aeabi_ldivmod.o)
 .debug_macro   0x0000000000002d13       0xd4 /home/zengwei/work/rk3288-android8.1/android8.1-r46/external/rk_tee_user/export-user_ta/lib/libmpa.a(mpa_misc.o)
 .debug_macro   0x0000000000002de7       0x10 /home/zengwei/work/rk3288-android8.1/android8.1-r46/external/rk_tee_user/export-user_ta/lib/libmpa.a(mpa_misc.o)
 .debug_macro   0x0000000000002df7       0x4c /home/zengwei/work/rk3288-android8.1/android8.1-r46/external/rk_tee_user/export-user_ta/lib/libmpa.a(mpa_misc.o)
 .debug_macro   0x0000000000002e43       0xca /home/zengwei/work/rk3288-android8.1/android8.1-r46/external/rk_tee_user/export-user_ta/lib/libmpa.a(mpa_misc.o)
 .debug_macro   0x0000000000002f0d       0x16 /home/zengwei/work/rk3288-android8.1/android8.1-r46/external/rk_tee_user/export-user_ta/lib/libmpa.a(mpa_misc.o)
 .debug_macro   0x0000000000002f23       0x74 /home/zengwei/work/rk3288-android8.1/android8.1-r46/external/rk_tee_user/export-user_ta/lib/libmpa.a(mpa_misc.o)
 .debug_macro   0x0000000000002f97       0xa6 /home/zengwei/work/rk3288-android8.1/android8.1-r46/external/rk_tee_user/export-user_ta/lib/libmpa.a(mpa_misc.o)
 .debug_macro   0x000000000000303d       0xd4 /home/zengwei/work/rk3288-android8.1/android8.1-r46/external/rk_tee_user/export-user_ta/lib/libmpa.a(mpa_montgomery.o)
 .debug_macro   0x0000000000003111       0xf6 /home/zengwei/work/rk3288-android8.1/android8.1-r46/external/rk_tee_user/export-user_ta/lib/libmpa.a(mpa_primetest.o)
 .debug_macro   0x0000000000003207       0xd4 /home/zengwei/work/rk3288-android8.1/android8.1-r46/external/rk_tee_user/export-user_ta/lib/libmpa.a(mpa_conv.o)
 .debug_macro   0x00000000000032db       0xd4 /home/zengwei/work/rk3288-android8.1/android8.1-r46/external/rk_tee_user/export-user_ta/lib/libmpa.a(mpa_div.o)
 .debug_macro   0x00000000000033af       0xd4 /home/zengwei/work/rk3288-android8.1/android8.1-r46/external/rk_tee_user/export-user_ta/lib/libmpa.a(mpa_gcd.o)
 .debug_macro   0x0000000000003483      0x102 /home/zengwei/work/rk3288-android8.1/android8.1-r46/external/rk_tee_user/export-user_ta/lib/libmpa.a(mpa_mem_static.o)
 .debug_macro   0x0000000000003585       0xd4 /home/zengwei/work/rk3288-android8.1/android8.1-r46/external/rk_tee_user/export-user_ta/lib/libmpa.a(mpa_mul.o)
 .debug_macro   0x0000000000003659       0xf9 /home/zengwei/work/rk3288-android8.1/android8.1-r46/external/rk_tee_user/export-user_ta/lib/libmpa.a(mpa_random.o)
 .debug_macro   0x0000000000003752      0x908 /home/zengwei/work/rk3288-android8.1/android8.1-r46/external/rk_tee_user/export-user_ta/lib/libmpa.a(mpa_random.o)
 .debug_macro   0x000000000000405a       0xd4 /home/zengwei/work/rk3288-android8.1/android8.1-r46/external/rk_tee_user/export-user_ta/lib/libmpa.a(mpa_shift.o)
 .debug_macro   0x000000000000412e       0xd4 /home/zengwei/work/rk3288-android8.1/android8.1-r46/external/rk_tee_user/export-user_ta/lib/libmpa.a(mpa_addsub.o)
 .debug_macro   0x0000000000004202       0xd4 /home/zengwei/work/rk3288-android8.1/android8.1-r46/external/rk_tee_user/export-user_ta/lib/libmpa.a(mpa_cmp.o)
 .debug_macro   0x00000000000042d6       0xd4 /home/zengwei/work/rk3288-android8.1/android8.1-r46/external/rk_tee_user/export-user_ta/lib/libmpa.a(mpa_expmod.o)
 .debug_macro   0x00000000000043aa       0xd4 /home/zengwei/work/rk3288-android8.1/android8.1-r46/external/rk_tee_user/export-user_ta/lib/libmpa.a(mpa_init.o)
 .debug_macro   0x000000000000447e       0xec /home/zengwei/work/rk3288-android8.1/android8.1-r46/external/rk_tee_user/export-user_ta/lib/libmpa.a(mpa_io.o)
 .debug_macro   0x000000000000456a       0xd4 /home/zengwei/work/rk3288-android8.1/android8.1-r46/external/rk_tee_user/export-user_ta/lib/libmpa.a(mpa_modulus.o)

.debug_line     0x0000000000000000     0x5b4e
 .debug_line    0x0000000000000000      0x240 /home/zengwei/work/rk3288-android8.1/android8.1-r46/external/rk_tee_user/ta/testapp/testapp_ta.o
 .debug_line    0x0000000000000240      0x283 /home/zengwei/work/rk3288-android8.1/android8.1-r46/external/rk_tee_user/ta/testapp/user_ta_header.o
 .debug_line    0x00000000000004c3      0x223 /home/zengwei/work/rk3288-android8.1/android8.1-r46/external/rk_tee_user/export-user_ta/lib/libutee.a(tee_api.o)
 .debug_line    0x00000000000006e6       0xae /home/zengwei/work/rk3288-android8.1/android8.1-r46/external/rk_tee_user/export-user_ta/lib/libutee.a(tee_api_panic.o)
 .debug_line    0x0000000000000794      0x2b0 /home/zengwei/work/rk3288-android8.1/android8.1-r46/external/rk_tee_user/export-user_ta/lib/libutee.a(user_ta_entry.o)
 .debug_line    0x0000000000000a44       0xa2 /home/zengwei/work/rk3288-android8.1/android8.1-r46/external/rk_tee_user/export-user_ta/lib/libutee.a(utee_syscalls_a32.o)
 .debug_line    0x0000000000000ae6      0x259 /home/zengwei/work/rk3288-android8.1/android8.1-r46/external/rk_tee_user/export-user_ta/lib/libutee.a(tee_user_mem.o)
 .debug_line    0x0000000000000d3f       0x93 /home/zengwei/work/rk3288-android8.1/android8.1-r46/external/rk_tee_user/export-user_ta/lib/libutee.a(assert.o)
 .debug_line    0x0000000000000dd2      0x2b6 /home/zengwei/work/rk3288-android8.1/android8.1-r46/external/rk_tee_user/export-user_ta/lib/libutee.a(tee_api_arith.o)
 .debug_line    0x0000000000001088      0x130 /home/zengwei/work/rk3288-android8.1/android8.1-r46/external/rk_tee_user/export-user_ta/lib/libutee.a(utee_misc.o)
 .debug_line    0x00000000000011b8      0x17b /home/zengwei/work/rk3288-android8.1/android8.1-r46/external/rk_tee_user/export-user_ta/lib/libutee.a(trace_ext.o)
 .debug_line    0x0000000000001333      0x581 /home/zengwei/work/rk3288-android8.1/android8.1-r46/external/rk_tee_user/export-user_ta/lib/libutils.a(bget_malloc.o)
 .debug_line    0x00000000000018b4      0x167 /home/zengwei/work/rk3288-android8.1/android8.1-r46/external/rk_tee_user/export-user_ta/lib/libutils.a(snprintf.o)
 .debug_line    0x0000000000001a1b      0x170 /home/zengwei/work/rk3288-android8.1/android8.1-r46/external/rk_tee_user/export-user_ta/lib/libutils.a(memcmp.o)
 .debug_line    0x0000000000001b8b      0x171 /home/zengwei/work/rk3288-android8.1/android8.1-r46/external/rk_tee_user/export-user_ta/lib/libutils.a(memcpy.o)
 .debug_line    0x0000000000001cfc      0x18e /home/zengwei/work/rk3288-android8.1/android8.1-r46/external/rk_tee_user/export-user_ta/lib/libutils.a(memmove.o)
 .debug_line    0x0000000000001e8a      0x17d /home/zengwei/work/rk3288-android8.1/android8.1-r46/external/rk_tee_user/export-user_ta/lib/libutils.a(memset.o)
 .debug_line    0x0000000000002007      0x16b /home/zengwei/work/rk3288-android8.1/android8.1-r46/external/rk_tee_user/export-user_ta/lib/libutils.a(strlen.o)
 .debug_line    0x0000000000002172      0x508 /home/zengwei/work/rk3288-android8.1/android8.1-r46/external/rk_tee_user/export-user_ta/lib/libutils.a(snprintk.o)
 .debug_line    0x000000000000267a      0x1c2 /home/zengwei/work/rk3288-android8.1/android8.1-r46/external/rk_tee_user/export-user_ta/lib/libutils.a(strlcpy.o)
 .debug_line    0x000000000000283c      0x241 /home/zengwei/work/rk3288-android8.1/android8.1-r46/external/rk_tee_user/export-user_ta/lib/libutils.a(trace.o)
 .debug_line    0x0000000000002a7d      0x18c /home/zengwei/work/rk3288-android8.1/android8.1-r46/external/rk_tee_user/export-user_ta/lib/libutils.a(memchr.o)
 .debug_line    0x0000000000002c09       0xdc /home/zengwei/work/rk3288-android8.1/android8.1-r46/external/rk_tee_user/export-user_ta/lib/libutils.a(arm32_aeabi_ldivmod.o)
 .debug_line    0x0000000000002ce5      0x23c /home/zengwei/work/rk3288-android8.1/android8.1-r46/external/rk_tee_user/export-user_ta/lib/libmpa.a(mpa_misc.o)
 .debug_line    0x0000000000002f21      0x2f3 /home/zengwei/work/rk3288-android8.1/android8.1-r46/external/rk_tee_user/export-user_ta/lib/libmpa.a(mpa_montgomery.o)
 .debug_line    0x0000000000003214      0x2aa /home/zengwei/work/rk3288-android8.1/android8.1-r46/external/rk_tee_user/export-user_ta/lib/libmpa.a(mpa_primetest.o)
 .debug_line    0x00000000000034be      0x268 /home/zengwei/work/rk3288-android8.1/android8.1-r46/external/rk_tee_user/export-user_ta/lib/libmpa.a(mpa_conv.o)
 .debug_line    0x0000000000003726      0x4a7 /home/zengwei/work/rk3288-android8.1/android8.1-r46/external/rk_tee_user/export-user_ta/lib/libmpa.a(mpa_div.o)
 .debug_line    0x0000000000003bcd      0x3e4 /home/zengwei/work/rk3288-android8.1/android8.1-r46/external/rk_tee_user/export-user_ta/lib/libmpa.a(mpa_gcd.o)
 .debug_line    0x0000000000003fb1      0x276 /home/zengwei/work/rk3288-android8.1/android8.1-r46/external/rk_tee_user/export-user_ta/lib/libmpa.a(mpa_mem_static.o)
 .debug_line    0x0000000000004227      0x2e7 /home/zengwei/work/rk3288-android8.1/android8.1-r46/external/rk_tee_user/export-user_ta/lib/libmpa.a(mpa_mul.o)
 .debug_line    0x000000000000450e      0x285 /home/zengwei/work/rk3288-android8.1/android8.1-r46/external/rk_tee_user/export-user_ta/lib/libmpa.a(mpa_random.o)
 .debug_line    0x0000000000004793      0x2c5 /home/zengwei/work/rk3288-android8.1/android8.1-r46/external/rk_tee_user/export-user_ta/lib/libmpa.a(mpa_shift.o)
 .debug_line    0x0000000000004a58      0x3f2 /home/zengwei/work/rk3288-android8.1/android8.1-r46/external/rk_tee_user/export-user_ta/lib/libmpa.a(mpa_addsub.o)
 .debug_line    0x0000000000004e4a      0x2be /home/zengwei/work/rk3288-android8.1/android8.1-r46/external/rk_tee_user/export-user_ta/lib/libmpa.a(mpa_cmp.o)
 .debug_line    0x0000000000005108      0x21b /home/zengwei/work/rk3288-android8.1/android8.1-r46/external/rk_tee_user/export-user_ta/lib/libmpa.a(mpa_expmod.o)
 .debug_line    0x0000000000005323      0x207 /home/zengwei/work/rk3288-android8.1/android8.1-r46/external/rk_tee_user/export-user_ta/lib/libmpa.a(mpa_init.o)
 .debug_line    0x000000000000552a      0x3fa /home/zengwei/work/rk3288-android8.1/android8.1-r46/external/rk_tee_user/export-user_ta/lib/libmpa.a(mpa_io.o)
 .debug_line    0x0000000000005924      0x22a /home/zengwei/work/rk3288-android8.1/android8.1-r46/external/rk_tee_user/export-user_ta/lib/libmpa.a(mpa_modulus.o)

.debug_str      0x0000000000000000     0xbb64
 .debug_str     0x0000000000000000     0x6ebb /home/zengwei/work/rk3288-android8.1/android8.1-r46/external/rk_tee_user/ta/testapp/testapp_ta.o
                                       0x7028 (size before relaxing)
 .debug_str     0x0000000000006ebb      0x5cf /home/zengwei/work/rk3288-android8.1/android8.1-r46/external/rk_tee_user/ta/testapp/user_ta_header.o
                                       0x74b1 (size before relaxing)
 .debug_str     0x000000000000748a      0x5c7 /home/zengwei/work/rk3288-android8.1/android8.1-r46/external/rk_tee_user/export-user_ta/lib/libutee.a(tee_api.o)
                                        0x750 (size before relaxing)
 .debug_str     0x0000000000007a51       0x31 /home/zengwei/work/rk3288-android8.1/android8.1-r46/external/rk_tee_user/export-user_ta/lib/libutee.a(tee_api_panic.o)
                                        0x20c (size before relaxing)
 .debug_str     0x0000000000007a82      0x1ec /home/zengwei/work/rk3288-android8.1/android8.1-r46/external/rk_tee_user/export-user_ta/lib/libutee.a(user_ta_entry.o)
                                        0x541 (size before relaxing)
 .debug_str     0x0000000000007c6e      0x188 /home/zengwei/work/rk3288-android8.1/android8.1-r46/external/rk_tee_user/export-user_ta/lib/libutee.a(tee_user_mem.o)
                                        0x42c (size before relaxing)
 .debug_str     0x0000000000007df6       0x1f /home/zengwei/work/rk3288-android8.1/android8.1-r46/external/rk_tee_user/export-user_ta/lib/libutee.a(assert.o)
                                        0x215 (size before relaxing)
 .debug_str     0x0000000000007e15      0x6bf /home/zengwei/work/rk3288-android8.1/android8.1-r46/external/rk_tee_user/export-user_ta/lib/libutee.a(tee_api_arith.o)
                                        0x940 (size before relaxing)
 .debug_str     0x00000000000084d4       0x7d /home/zengwei/work/rk3288-android8.1/android8.1-r46/external/rk_tee_user/export-user_ta/lib/libutee.a(utee_misc.o)
                                        0x286 (size before relaxing)
 .debug_str     0x0000000000008551       0x92 /home/zengwei/work/rk3288-android8.1/android8.1-r46/external/rk_tee_user/export-user_ta/lib/libutee.a(trace_ext.o)
                                        0x285 (size before relaxing)
 .debug_str     0x00000000000085e3     0x1625 /home/zengwei/work/rk3288-android8.1/android8.1-r46/external/rk_tee_user/export-user_ta/lib/libutils.a(bget_malloc.o)
                                       0x4605 (size before relaxing)
 .debug_str     0x0000000000009c08       0x2e /home/zengwei/work/rk3288-android8.1/android8.1-r46/external/rk_tee_user/export-user_ta/lib/libutils.a(snprintf.o)
                                       0x3079 (size before relaxing)
 .debug_str     0x0000000000009c36      0x241 /home/zengwei/work/rk3288-android8.1/android8.1-r46/external/rk_tee_user/export-user_ta/lib/libutils.a(memcmp.o)
                                       0x311d (size before relaxing)
 .debug_str     0x0000000000009e77       0xaf /home/zengwei/work/rk3288-android8.1/android8.1-r46/external/rk_tee_user/export-user_ta/lib/libutils.a(memcpy.o)
                                       0x315a (size before relaxing)
 .debug_str     0x0000000000009f26       0x3c /home/zengwei/work/rk3288-android8.1/android8.1-r46/external/rk_tee_user/export-user_ta/lib/libutils.a(memmove.o)
                                       0x3345 (size before relaxing)
 .debug_str     0x0000000000009f62       0x59 /home/zengwei/work/rk3288-android8.1/android8.1-r46/external/rk_tee_user/export-user_ta/lib/libutils.a(memset.o)
                                       0x3101 (size before relaxing)
 .debug_str     0x0000000000009fbb       0x59 /home/zengwei/work/rk3288-android8.1/android8.1-r46/external/rk_tee_user/export-user_ta/lib/libutils.a(strlen.o)
                                       0x32f2 (size before relaxing)
 .debug_str     0x000000000000a014      0x581 /home/zengwei/work/rk3288-android8.1/android8.1-r46/external/rk_tee_user/export-user_ta/lib/libutils.a(snprintk.o)
                                       0x3bbb (size before relaxing)
 .debug_str     0x000000000000a595       0x29 /home/zengwei/work/rk3288-android8.1/android8.1-r46/external/rk_tee_user/export-user_ta/lib/libutils.a(strlcpy.o)
                                       0x38db (size before relaxing)
 .debug_str     0x000000000000a5be       0x82 /home/zengwei/work/rk3288-android8.1/android8.1-r46/external/rk_tee_user/export-user_ta/lib/libutils.a(trace.o)
                                       0x441f (size before relaxing)
 .debug_str     0x000000000000a640       0x84 /home/zengwei/work/rk3288-android8.1/android8.1-r46/external/rk_tee_user/export-user_ta/lib/libutils.a(memchr.o)
                                       0x3352 (size before relaxing)
 .debug_str     0x000000000000a6c4       0x86 /home/zengwei/work/rk3288-android8.1/android8.1-r46/external/rk_tee_user/export-user_ta/lib/libutils.a(arm32_aeabi_ldivmod.o)
                                       0x2c49 (size before relaxing)
 .debug_str     0x000000000000a74a      0xada /home/zengwei/work/rk3288-android8.1/android8.1-r46/external/rk_tee_user/export-user_ta/lib/libmpa.a(mpa_misc.o)
                                       0x4465 (size before relaxing)
 .debug_str     0x000000000000b224       0xc0 /home/zengwei/work/rk3288-android8.1/android8.1-r46/external/rk_tee_user/export-user_ta/lib/libmpa.a(mpa_montgomery.o)
                                       0x4531 (size before relaxing)
 .debug_str     0x000000000000b2e4      0x173 /home/zengwei/work/rk3288-android8.1/android8.1-r46/external/rk_tee_user/export-user_ta/lib/libmpa.a(mpa_primetest.o)
                                       0x45cd (size before relaxing)
 .debug_str     0x000000000000b457       0x3a /home/zengwei/work/rk3288-android8.1/android8.1-r46/external/rk_tee_user/export-user_ta/lib/libmpa.a(mpa_conv.o)
                                       0x43e6 (size before relaxing)
 .debug_str     0x000000000000b491       0xec /home/zengwei/work/rk3288-android8.1/android8.1-r46/external/rk_tee_user/export-user_ta/lib/libmpa.a(mpa_div.o)
                                       0x4523 (size before relaxing)
 .debug_str     0x000000000000b57d       0x8b /home/zengwei/work/rk3288-android8.1/android8.1-r46/external/rk_tee_user/export-user_ta/lib/libmpa.a(mpa_gcd.o)
                                       0x44c7 (size before relaxing)
 .debug_str     0x000000000000b608       0xc7 /home/zengwei/work/rk3288-android8.1/android8.1-r46/external/rk_tee_user/export-user_ta/lib/libmpa.a(mpa_mem_static.o)
                                       0x4e86 (size before relaxing)
 .debug_str     0x000000000000b6cf       0x79 /home/zengwei/work/rk3288-android8.1/android8.1-r46/external/rk_tee_user/export-user_ta/lib/libmpa.a(mpa_mul.o)
                                       0x44c7 (size before relaxing)
 .debug_str     0x000000000000b748       0x40 /home/zengwei/work/rk3288-android8.1/android8.1-r46/external/rk_tee_user/export-user_ta/lib/libmpa.a(mpa_random.o)
                                       0x7aa6 (size before relaxing)
 .debug_str     0x000000000000b788       0x71 /home/zengwei/work/rk3288-android8.1/android8.1-r46/external/rk_tee_user/export-user_ta/lib/libmpa.a(mpa_shift.o)
                                       0x4415 (size before relaxing)
 .debug_str     0x000000000000b7f9      0x10c /home/zengwei/work/rk3288-android8.1/android8.1-r46/external/rk_tee_user/export-user_ta/lib/libmpa.a(mpa_addsub.o)
                                       0x4586 (size before relaxing)
 .debug_str     0x000000000000b905       0x61 /home/zengwei/work/rk3288-android8.1/android8.1-r46/external/rk_tee_user/export-user_ta/lib/libmpa.a(mpa_cmp.o)
                                       0x441e (size before relaxing)
 .debug_str     0x000000000000b966       0x3f /home/zengwei/work/rk3288-android8.1/android8.1-r46/external/rk_tee_user/export-user_ta/lib/libmpa.a(mpa_expmod.o)